Archive member included to satisfy reference by file (symbol)

app/libapp.a(main.c.obj)      (--whole-archive)
app/libapp.a(cts_sync.c.obj)  (--whole-archive)
zephyr/libzephyr.a(crc32_sw.c.obj)
                              (--whole-archive)
zephyr/libzephyr.a(crc16_sw.c.obj)
                              (--whole-archive)
zephyr/libzephyr.a(crc8_sw.c.obj)
                              (--whole-archive)
zephyr/libzephyr.a(crc7_sw.c.obj)
                              (--whole-archive)
zephyr/libzephyr.a(dec.c.obj)
                              (--whole-archive)
zephyr/libzephyr.a(fdtable.c.obj)
                              (--whole-archive)
zephyr/libzephyr.a(hex.c.obj)
                              (--whole-archive)
zephyr/libzephyr.a(mempool.c.obj)
                              (--whole-archive)
zephyr/libzephyr.a(printk.c.obj)
                              (--whole-archive)
zephyr/libzephyr.a(rb.c.obj)  (--whole-archive)
zephyr/libzephyr.a(sem.c.obj)
                              (--whole-archive)
zephyr/libzephyr.a(thread_entry.c.obj)
                              (--whole-archive)
zephyr/libzephyr.a(timeutil.c.obj)
                              (--whole-archive)
zephyr/libzephyr.a(work_q.c.obj)
                              (--whole-archive)
zephyr/libzephyr.a(configs.c.obj)
                              (--whole-archive)
zephyr/libzephyr.a(validate_base_addresses.c.obj)
                              (--whole-archive)
zephyr/libzephyr.a(utils.c.obj)
                              (--whole-archive)
zephyr/libzephyr.a(ecc_dh.c.obj)
                              (--whole-archive)
zephyr/libzephyr.a(ecc.c.obj)
                              (--whole-archive)
zephyr/libzephyr.a(aes_decrypt.c.obj)
                              (--whole-archive)
zephyr/libzephyr.a(aes_encrypt.c.obj)
                              (--whole-archive)
zephyr/libzephyr.a(cmac_mode.c.obj)
                              (--whole-archive)
zephyr/libzephyr.a(log_list.c.obj)
                              (--whole-archive)
zephyr/libzephyr.a(log_core.c.obj)
                              (--whole-archive)
zephyr/libzephyr.a(log_msg.c.obj)
                              (--whole-archive)
zephyr/libzephyr.a(log_output.c.obj)
                              (--whole-archive)
zephyr/libzephyr.a(dis.c.obj)
                              (--whole-archive)
zephyr/libzephyr.a(bas.c.obj)
                              (--whole-archive)
zephyr/libzephyr.a(hrs.c.obj)
                              (--whole-archive)
zephyr/libzephyr.a(nvs.c.obj)
                              (--whole-archive)
zephyr/libzephyr.a(addr_utils.c.obj)
                              (--whole-archive)
zephyr/libzephyr.a(flash_map.c.obj)
                              (--whole-archive)
zephyr/libzephyr.a(flash_map_default.c.obj)
                              (--whole-archive)
zephyr/libzephyr.a(settings_store.c.obj)
                              (--whole-archive)
zephyr/libzephyr.a(settings.c.obj)
                              (--whole-archive)
zephyr/libzephyr.a(settings_init.c.obj)
                              (--whole-archive)
zephyr/libzephyr.a(settings_line.c.obj)
                              (--whole-archive)
zephyr/libzephyr.a(settings_nvs.c.obj)
                              (--whole-archive)
zephyr/libzephyr.a(power.c.obj)
                              (--whole-archive)
zephyr/libzephyr.a(policy_residency.c.obj)
                              (--whole-archive)
zephyr/libzephyr.a(nrf_power_clock.c.obj)
                              (--whole-archive)
zephyr/libzephyr.a(sys_clock_init.c.obj)
                              (--whole-archive)
zephyr/libzephyr.a(nrf_rtc_timer.c.obj)
                              (--whole-archive)
zephyr/arch/common/libarch__common.a(isr_tables.c.obj)
                              (--whole-archive)
zephyr/arch/common/libarch__common.a(sw_isr_common.c.obj)
                              (--whole-archive)
zephyr/arch/arch/arm/core/aarch32/libarch__arm__core__aarch32.a(exc_exit.S.obj)
                              (--whole-archive)
zephyr/arch/arch/arm/core/aarch32/libarch__arm__core__aarch32.a(swap.c.obj)
                              (--whole-archive)
zephyr/arch/arch/arm/core/aarch32/libarch__arm__core__aarch32.a(swap_helper.S.obj)
                              (--whole-archive)
zephyr/arch/arch/arm/core/aarch32/libarch__arm__core__aarch32.a(irq_manage.c.obj)
                              (--whole-archive)
zephyr/arch/arch/arm/core/aarch32/libarch__arm__core__aarch32.a(thread.c.obj)
                              (--whole-archive)
zephyr/arch/arch/arm/core/aarch32/libarch__arm__core__aarch32.a(cpu_idle.S.obj)
                              (--whole-archive)
zephyr/arch/arch/arm/core/aarch32/libarch__arm__core__aarch32.a(fault_s.S.obj)
                              (--whole-archive)
zephyr/arch/arch/arm/core/aarch32/libarch__arm__core__aarch32.a(fatal.c.obj)
                              (--whole-archive)
[...]
Memory Configuration

Name             Origin             Length             Attributes
FLASH            0x0000000000000000 0x0000000000080000 xr
SRAM             0x0000000020000000 0x0000000000010000 xw
IDT_LIST         0x0000000020010000 0x0000000000000800 xw
*default*        0x0000000000000000 0xffffffffffffffff

Linker script and memory map

LOAD zephyr/CMakeFiles/zephyr_prebuilt.dir/misc/empty_file.c.obj
                0x0000000000000020                _region_min_align = 0x20

.rel.plt        0x0000000000000000        0x0
 *(SORT_BY_ALIGNMENT(.rel.plt))
                [!provide]                        PROVIDE (__rel_iplt_start = .)
 *(SORT_BY_ALIGNMENT(.rel.iplt))
 .rel.iplt      0x0000000000000000        0x0 app/libapp.a(main.c.obj)
                [!provide]                        PROVIDE (__rel_iplt_end = .)

.rela.plt       0x0000000000000000        0x0
 *(SORT_BY_ALIGNMENT(.rela.plt))
                [!provide]                        PROVIDE (__rela_iplt_start = .)
 *(SORT_BY_ALIGNMENT(.rela.iplt))
                [!provide]                        PROVIDE (__rela_iplt_end = .)

.rel.dyn
 *(SORT_BY_ALIGNMENT(.rel.*))

.rela.dyn
 *(SORT_BY_ALIGNMENT(.rela.*))

/DISCARD/
 *(SORT_BY_ALIGNMENT(.plt))
 *(SORT_BY_ALIGNMENT(.iplt))
 *(SORT_BY_ALIGNMENT(.got.plt))
 *(SORT_BY_ALIGNMENT(.igot.plt))
 *(SORT_BY_ALIGNMENT(.got))
 *(SORT_BY_ALIGNMENT(.igot))
 *(SORT_BY_ALIGNMENT(.note.GNU-stack))
                0x0000000000000000                _image_rom_start = 0x0

text            0x0000000000000000       0xdc
                0x0000000000000000                . = 0x0
                0x0000000000000000                . = ALIGN (0x4)
                0x0000000000000000                _vector_start = .
 *(SORT_BY_ALIGNMENT(.exc_vector_table))
 *(SORT_BY_ALIGNMENT(.exc_vector_table.*))
 .exc_vector_table._vector_table_section
                0x0000000000000000       0x40 zephyr/arch/arch/arm/core/aarch32/cortex_m/libarch__arm__core__aarch32__cortex_m.a(vector_table.S.obj)
                0x0000000000000000                _vector_table
 *(SORT_BY_ALIGNMENT(.gnu.linkonce.irq_vector_table))
 .gnu.linkonce.irq_vector_table
                0x0000000000000040       0x9c zephyr/arch/common/libarch__common.a(isr_tables.c.obj)
                0x0000000000000040                _irq_vector_table
 *(SORT_BY_ALIGNMENT(.vectors))
 *(SORT_BY_ALIGNMENT(.openocd_dbg))
 *(SORT_BY_ALIGNMENT(.openocd_dbg.*))
                0x00000000000000dc                _vector_end = .

_TEXT_SECTION_NAME_2
                0x00000000000000e0    0x1e9ae
                0x00000000000000e0                _image_text_start = .
 *(SORT_BY_ALIGNMENT(.text))
 .text          0x00000000000000e0       0x30 /root/zephyr-sdk-0.10.3/arm-zephyr-eabi/bin/../lib/gcc/arm-zephyr-eabi/8.3.0/thumb/v7e-m/nofp/libgcc.a(_aeabi_uldivmod.o)
                0x00000000000000e0                __aeabi_uldivmod
 .text          0x0000000000000110        0x4 /root/zephyr-sdk-0.10.3/arm-zephyr-eabi/bin/../lib/gcc/arm-zephyr-eabi/8.3.0/thumb/v7e-m/nofp/libgcc.a(_dvmd_tls.o)
                0x0000000000000110                __aeabi_ldiv0
                0x0000000000000110                __aeabi_idiv0
 .text          0x0000000000000114      0x2b4 /root/zephyr-sdk-0.10.3/arm-zephyr-eabi/bin/../lib/gcc/arm-zephyr-eabi/8.3.0/thumb/v7e-m/nofp/libgcc.a(_udivmoddi4.o)
                0x0000000000000114                __udivmoddi4
 *(SORT_BY_ALIGNMENT(.text.*))
 .text.bt_init  0x00000000000003c8      0x5a4 zephyr/subsys/bluetooth/host/libsubsys__bluetooth__host.a(hci_core.c.obj)
 *fill*         0x000000000000096c        0x4 
 .text.ll_adv_enable
                0x0000000000000970      0x454 zephyr/subsys/bluetooth/controller/libsubsys__bluetooth__controller.a(ull_adv.c.obj)
                0x0000000000000970                ll_adv_enable
 *fill*         0x0000000000000dc4        0x4 
 .text.ull_conn_llcp
                0x0000000000000dc8     0x1218 zephyr/subsys/bluetooth/controller/libsubsys__bluetooth__controller.a(ull_conn.c.obj)
                0x0000000000000dc8                ull_conn_llcp
 .text.ull_slave_setup
                0x0000000000001fe0      0x3c4 zephyr/subsys/bluetooth/controller/libsubsys__bluetooth__controller.a(ull_slave.c.obj)
                0x0000000000001fe0                ull_slave_setup
 *fill*         0x00000000000023a4        0x4 
 .text.ull_slave_done
                0x00000000000023a8       0x6c zephyr/subsys/bluetooth/controller/libsubsys__bluetooth__controller.a(ull_slave.c.obj)
                0x00000000000023a8                ull_slave_done
 *fill*         0x0000000000002414        0x4 
 .text.erase_op
                0x0000000000002418       0x8c zephyr/drivers/flash/libdrivers__flash.a(soc_flash_nrf.c.obj)
 *fill*         0x00000000000024a4        0x4 
 .text.work_in_time_slice
                0x00000000000024a8       0xe8 zephyr/drivers/flash/libdrivers__flash.a(soc_flash_nrf.c.obj)
 .text.write_op
                0x0000000000002590      0x104 zephyr/drivers/flash/libdrivers__flash.a(soc_flash_nrf.c.obj)
 .text.main     0x0000000000002694       0x88 app/libapp.a(main.c.obj)
                0x0000000000002694                main
 .text.cts_sync_service_discovered
                0x000000000000271c       0x6c app/libapp.a(cts_sync.c.obj)
                0x000000000000271c                cts_sync_service_discovered
 .text.cts_sync_processor
                0x0000000000002788       0x58 app/libapp.a(cts_sync.c.obj)
 .text.cts_sync_read
                0x00000000000027e0       0x98 app/libapp.a(cts_sync.c.obj)
                0x00000000000027e0                cts_sync_read
 .text.cts_sync_init
                0x0000000000002878        0xc app/libapp.a(cts_sync.c.obj)
                0x0000000000002878                cts_sync_init
 .text.cts_sync_loop
                0x0000000000002884       0x28 app/libapp.a(cts_sync.c.obj)
                0x0000000000002884                cts_sync_loop
 .text.crc8_ccitt
                0x00000000000028ac       0x2c zephyr/libzephyr.a(crc8_sw.c.obj)
                0x00000000000028ac                crc8_ccitt
 .text.char_out
                0x00000000000028d8       0x10 zephyr/libzephyr.a(printk.c.obj)
 .text._printk_dec_ulong
                0x00000000000028e8       0x98 zephyr/libzephyr.a(printk.c.obj)
 .text.vprintk  0x0000000000002980       0x1c zephyr/libzephyr.a(printk.c.obj)
                0x0000000000002980                vprintk
 .text.vsnprintk
                0x000000000000299c       0x28 zephyr/libzephyr.a(printk.c.obj)
                0x000000000000299c                vsnprintk
 .text.uECC_get_rng
                0x00000000000029c4        0xc zephyr/libzephyr.a(ecc.c.obj)
                0x00000000000029c4                uECC_get_rng
 .text.vli_mmod_fast_secp256r1
                0x00000000000029d0      0x1a0 zephyr/libzephyr.a(ecc.c.obj)
                0x00000000000029d0                vli_mmod_fast_secp256r1
 .text.tc_aes128_set_encrypt_key
                0x0000000000002b70       0xac zephyr/libzephyr.a(aes_encrypt.c.obj)
                0x0000000000002b70                tc_aes128_set_encrypt_key
 .text.tc_aes_encrypt
                0x0000000000002c1c       0xd4 zephyr/libzephyr.a(aes_encrypt.c.obj)
                0x0000000000002c1c                tc_aes_encrypt
 .text.enable_logger
                0x0000000000002cf0       0x54 zephyr/libzephyr.a(log_core.c.obj)
 .text.log_process_thread_timer_expiry_fn
                0x0000000000002d44        0xc zephyr/libzephyr.a(log_core.c.obj)
 .text.log_core_init
                0x0000000000002d50       0x40 zephyr/libzephyr.a(log_core.c.obj)
                0x0000000000002d50                log_core_init
 .text.dropped_notify
                0x0000000000002d90       0x4c zephyr/libzephyr.a(log_core.c.obj)
                0x0000000000002d90                dropped_notify
 .text.log_dropped
                0x0000000000002ddc       0x20 zephyr/libzephyr.a(log_core.c.obj)
                0x0000000000002ddc                log_dropped
 .text.log_backend_enable
                0x0000000000002dfc       0x34 zephyr/libzephyr.a(log_core.c.obj)
                0x0000000000002dfc                log_backend_enable
 .text.log_init
                0x0000000000002e30       0x54 zephyr/libzephyr.a(log_core.c.obj)
                0x0000000000002e30                log_init
 .text.log_strdup
                0x0000000000002e84       0x6c zephyr/libzephyr.a(log_core.c.obj)
                0x0000000000002e84                log_strdup
 .text.log_is_strdup
                0x0000000000002ef0       0x1c zephyr/libzephyr.a(log_core.c.obj)
                0x0000000000002ef0                log_is_strdup
 .text.z_impl_log_process
                0x0000000000002f0c      0x154 zephyr/libzephyr.a(log_core.c.obj)
                0x0000000000002f0c                z_impl_log_process
 .text.msg_finalize
                0x0000000000003060       0xb8 zephyr/libzephyr.a(log_core.c.obj)
 .text.log_process_thread_func
                0x0000000000003118       0x44 zephyr/libzephyr.a(log_core.c.obj)
 .text.z_impl_log_panic
                0x000000000000315c       0x48 zephyr/libzephyr.a(log_core.c.obj)
                0x000000000000315c                z_impl_log_panic
 .text.log_free
                0x00000000000031a4       0x34 zephyr/libzephyr.a(log_core.c.obj)
                0x00000000000031a4                log_free
 .text.log_msg_pool_init
                0x00000000000031d8       0x14 zephyr/libzephyr.a(log_msg.c.obj)
                0x00000000000031d8                log_msg_pool_init
 .text.log_msg_no_space_handle
                0x00000000000031ec       0x30 zephyr/libzephyr.a(log_msg.c.obj)
                0x00000000000031ec                log_msg_no_space_handle
 .text.log_msg_chunk_alloc
                0x000000000000321c       0x24 zephyr/libzephyr.a(log_msg.c.obj)
                0x000000000000321c                log_msg_chunk_alloc
 .text.msg_free
                0x0000000000003240       0x84 zephyr/libzephyr.a(log_msg.c.obj)
 .text.log_output_timestamp_freq_set
                0x00000000000032c4       0x30 zephyr/libzephyr.a(log_output.c.obj)
                0x00000000000032c4                log_output_timestamp_freq_set
 .text.read_pnp_id
                0x00000000000032f4       0x1c zephyr/libzephyr.a(dis.c.obj)
 .text.blvl_ccc_cfg_changed
                0x0000000000003310       0x3c zephyr/libzephyr.a(bas.c.obj)
 .text.read_blvl
                0x000000000000334c       0x28 zephyr/libzephyr.a(bas.c.obj)
 .text.hrs_init
                0x0000000000003374       0x10 zephyr/libzephyr.a(hrs.c.obj)
 .text.read_blsc
                0x0000000000003384       0x1c zephyr/libzephyr.a(hrs.c.obj)
 .text.hrmc_ccc_cfg_changed
                0x00000000000033a0       0x3c zephyr/libzephyr.a(hrs.c.obj)
 .text.nvs_prev_ate
                0x00000000000033dc       0xe4 zephyr/libzephyr.a(nvs.c.obj)
 .text.nvs_gc   0x00000000000034c0      0x144 zephyr/libzephyr.a(nvs.c.obj)
 .text.nvs_init
                0x0000000000003604      0x2d8 zephyr/libzephyr.a(nvs.c.obj)
                0x0000000000003604                nvs_init
 .text.nvs_write
                0x00000000000038dc      0x1cc zephyr/libzephyr.a(nvs.c.obj)
                0x00000000000038dc                nvs_write
 .text.nvs_read_hist
                0x0000000000003aa8       0xd0 zephyr/libzephyr.a(nvs.c.obj)
                0x0000000000003aa8                nvs_read_hist
 .text.get_flash_area_from_id
                0x0000000000003b78       0x2c zephyr/libzephyr.a(flash_map.c.obj)
 .text.flash_area_open
                0x0000000000003ba4       0x28 zephyr/libzephyr.a(flash_map.c.obj)
                0x0000000000003ba4                flash_area_open
 .text.flash_area_get_sectors
                0x0000000000003bcc       0x50 zephyr/libzephyr.a(flash_map.c.obj)
                0x0000000000003bcc                flash_area_get_sectors
 .text.settings_save_one
                0x0000000000003c1c       0x44 zephyr/libzephyr.a(settings_store.c.obj)
                0x0000000000003c1c                settings_save_one
 .text.settings_src_register
                0x0000000000003c60       0x40 zephyr/libzephyr.a(settings_store.c.obj)
                0x0000000000003c60                settings_src_register
 .text.settings_dst_register
                0x0000000000003ca0        0xc zephyr/libzephyr.a(settings_store.c.obj)
                0x0000000000003ca0                settings_dst_register
 .text.settings_load_subtree
                0x0000000000003cac       0x48 zephyr/libzephyr.a(settings_store.c.obj)
                0x0000000000003cac                settings_load_subtree
 .text.settings_load_subtree_direct
                0x0000000000003cf4       0x3c zephyr/libzephyr.a(settings_store.c.obj)
                0x0000000000003cf4                settings_load_subtree_direct
 .text.settings_store_init
                0x0000000000003d30       0x10 zephyr/libzephyr.a(settings_store.c.obj)
                0x0000000000003d30                settings_store_init
 .text.settings_init
                0x0000000000003d40       0x10 zephyr/libzephyr.a(settings.c.obj)
                0x0000000000003d40                settings_init
 .text.settings_parse_and_lookup
                0x0000000000003d50       0x8c zephyr/libzephyr.a(settings.c.obj)
                0x0000000000003d50                settings_parse_and_lookup
 .text.settings_call_set_handler
                0x0000000000003ddc       0x98 zephyr/libzephyr.a(settings.c.obj)
                0x0000000000003ddc                settings_call_set_handler
 .text.settings_commit_subtree
                0x0000000000003e74       0x70 zephyr/libzephyr.a(settings.c.obj)
                0x0000000000003e74                settings_commit_subtree
 .text.settings_subsys_init
                0x0000000000003ee4       0x20 zephyr/libzephyr.a(settings_init.c.obj)
                0x0000000000003ee4                settings_subsys_init
 .text.settings_nvs_load
                0x0000000000003f04       0xb8 zephyr/libzephyr.a(settings_nvs.c.obj)
 .text.settings_backend_init
                0x0000000000003fbc       0x98 zephyr/libzephyr.a(settings_nvs.c.obj)
                0x0000000000003fbc                settings_backend_init
 .text.nrf_power_clock_isr
                0x0000000000004054       0x68 zephyr/libzephyr.a(nrf_power_clock.c.obj)
                0x0000000000004054                nrf_power_clock_isr
 .text.rtc1_nrf_isr
                0x00000000000040bc       0x40 zephyr/libzephyr.a(nrf_rtc_timer.c.obj)
                0x00000000000040bc                rtc1_nrf_isr
 .text.z_clock_driver_init
                0x00000000000040fc       0x84 zephyr/libzephyr.a(nrf_rtc_timer.c.obj)
                0x00000000000040fc                z_clock_driver_init
 .text.z_clock_set_timeout
                0x0000000000004180       0xac zephyr/libzephyr.a(nrf_rtc_timer.c.obj)
                0x0000000000004180                z_clock_set_timeout
 .text.z_clock_elapsed
                0x000000000000422c       0x34 zephyr/libzephyr.a(nrf_rtc_timer.c.obj)
                0x000000000000422c                z_clock_elapsed
 .text.z_timer_cycle_get_32
                0x0000000000004260       0x34 zephyr/libzephyr.a(nrf_rtc_timer.c.obj)
                0x0000000000004260                z_timer_cycle_get_32
 .text._HandlerModeExit
                0x0000000000004294       0x1c zephyr/arch/arch/arm/core/aarch32/libarch__arm__core__aarch32.a(exc_exit.S.obj)
                0x0000000000004294                z_arm_exc_exit
                0x0000000000004294                z_arm_int_exit
 .text.arch_swap
                0x00000000000042b0       0x34 zephyr/arch/arch/arm/core/aarch32/libarch__arm__core__aarch32.a(swap.c.obj)
                0x00000000000042b0                arch_swap
 .text.z_arm_pendsv
                0x00000000000042e4       0x54 zephyr/arch/arch/arm/core/aarch32/libarch__arm__core__aarch32.a(swap_helper.S.obj)
                0x00000000000042e4                z_arm_pendsv
 .text.z_arm_svc
                0x0000000000004338       0x20 zephyr/arch/arch/arm/core/aarch32/libarch__arm__core__aarch32.a(swap_helper.S.obj)
                0x0000000000004338                z_arm_svc
 .text.arch_irq_enable
                0x0000000000004358       0x20 zephyr/arch/arch/arm/core/aarch32/libarch__arm__core__aarch32.a(irq_manage.c.obj)
                0x0000000000004358                arch_irq_enable
 .text.arch_irq_disable
                0x0000000000004378       0x28 zephyr/arch/arch/arm/core/aarch32/libarch__arm__core__aarch32.a(irq_manage.c.obj)
                0x0000000000004378                arch_irq_disable
 .text.arch_irq_is_enabled
                0x00000000000043a0       0x1c zephyr/arch/arch/arm/core/aarch32/libarch__arm__core__aarch32.a(irq_manage.c.obj)
                0x00000000000043a0                arch_irq_is_enabled
 .text.z_arm_irq_priority_set
                0x00000000000043bc       0x30 zephyr/arch/arch/arm/core/aarch32/libarch__arm__core__aarch32.a(irq_manage.c.obj)
                0x00000000000043bc                z_arm_irq_priority_set
 .text._arch_isr_direct_pm
                0x00000000000043ec       0x1c zephyr/arch/arch/arm/core/aarch32/libarch__arm__core__aarch32.a(irq_manage.c.obj)
                0x00000000000043ec                _arch_isr_direct_pm
 .text.arch_new_thread
                0x0000000000004408       0x44 zephyr/arch/arch/arm/core/aarch32/libarch__arm__core__aarch32.a(thread.c.obj)
                0x0000000000004408                arch_new_thread
 .text.arch_switch_to_main_thread
                0x000000000000444c       0x3c zephyr/arch/arch/arm/core/aarch32/libarch__arm__core__aarch32.a(thread.c.obj)
                0x000000000000444c                arch_switch_to_main_thread
 .text.z_arm_cpu_idle_init
                0x0000000000004488        0xc zephyr/arch/arch/arm/core/aarch32/libarch__arm__core__aarch32.a(cpu_idle.S.obj)
                0x0000000000004488                z_arm_cpu_idle_init
 .text.arch_cpu_idle
                0x0000000000004494        0xc zephyr/arch/arch/arm/core/aarch32/libarch__arm__core__aarch32.a(cpu_idle.S.obj)
                0x0000000000004494                arch_cpu_idle
 .text.__fault  0x00000000000044a0       0x14 zephyr/arch/arch/arm/core/aarch32/libarch__arm__core__aarch32.a(fault_s.S.obj)
                0x00000000000044a0                z_arm_bus_fault
                0x00000000000044a0                z_arm_usage_fault
                0x00000000000044a0                z_arm_mpu_fault
                0x00000000000044a0                z_arm_reserved
                0x00000000000044a0                z_arm_debug_monitor
                0x00000000000044a0                z_arm_hard_fault
 .text.z_arm_fatal_error
                0x00000000000044b4       0xa4 zephyr/arch/arch/arm/core/aarch32/libarch__arm__core__aarch32.a(fatal.c.obj)
                0x00000000000044b4                z_arm_fatal_error
 .text.z_SysNmiOnReset
                0x0000000000004558        0x8 zephyr/arch/arch/arm/core/aarch32/libarch__arm__core__aarch32.a(nmi_on_reset.S.obj)
                0x0000000000004558                z_SysNmiOnReset
 .text.z_arm_prep_c
                0x0000000000004560       0x2c zephyr/arch/arch/arm/core/aarch32/libarch__arm__core__aarch32.a(prep_c.c.obj)
                0x0000000000004560                z_arm_prep_c
 .text._isr_wrapper
                0x000000000000458c       0x40 zephyr/arch/arch/arm/core/aarch32/libarch__arm__core__aarch32.a(isr_wrapper.S.obj)
                0x000000000000458c                _isr_wrapper
 .text._reset_section
                0x00000000000045cc       0x30 zephyr/arch/arch/arm/core/aarch32/cortex_m/libarch__arm__core__aarch32__cortex_m.a(reset.S.obj)
                0x00000000000045cc                z_arm_reset
                0x00000000000045cc                __start
 .text.usage_fault.isra.2
                0x00000000000045fc      0x104 zephyr/arch/arch/arm/core/aarch32/cortex_m/libarch__arm__core__aarch32__cortex_m.a(fault.c.obj)
 .text.mem_manage_fault.isra.4
                0x0000000000004700      0x110 zephyr/arch/arch/arm/core/aarch32/cortex_m/libarch__arm__core__aarch32__cortex_m.a(fault.c.obj)
 .text.bus_fault.isra.5
                0x0000000000004810      0x12c zephyr/arch/arch/arm/core/aarch32/cortex_m/libarch__arm__core__aarch32__cortex_m.a(fault.c.obj)
 .text.z_arm_fault
                0x000000000000493c      0x1d0 zephyr/arch/arch/arm/core/aarch32/cortex_m/libarch__arm__core__aarch32__cortex_m.a(fault.c.obj)
                0x000000000000493c                z_arm_fault
 .text.z_arm_fault_init
                0x0000000000004b0c       0x10 zephyr/arch/arch/arm/core/aarch32/cortex_m/libarch__arm__core__aarch32__cortex_m.a(fault.c.obj)
                0x0000000000004b0c                z_arm_fault_init
 .text.z_arm_int_lib_init
                0x0000000000004b1c       0x18 zephyr/arch/arch/arm/core/aarch32/cortex_m/libarch__arm__core__aarch32__cortex_m.a(irq_init.c.obj)
                0x0000000000004b1c                z_arm_int_lib_init
 .text.z_impl_k_thread_abort
                0x0000000000004b34       0x4c zephyr/arch/arch/arm/core/aarch32/cortex_m/libarch__arm__core__aarch32__cortex_m.a(thread_abort.c.obj)
                0x0000000000004b34                z_impl_k_thread_abort
 .text.z_arm_configure_static_mpu_regions
                0x0000000000004b80       0x38 zephyr/arch/arch/arm/core/aarch32/cortex_m/mpu/libarch__arm__core__aarch32__cortex_m__mpu.a(arm_core_mpu.c.obj)
                0x0000000000004b80                z_arm_configure_static_mpu_regions
 .text.mpu_configure_regions
                0x0000000000004bb8       0xd0 zephyr/arch/arch/arm/core/aarch32/cortex_m/mpu/libarch__arm__core__aarch32__cortex_m__mpu.a(arm_mpu.c.obj)
 .text.arm_core_mpu_enable
                0x0000000000004c88       0x14 zephyr/arch/arch/arm/core/aarch32/cortex_m/mpu/libarch__arm__core__aarch32__cortex_m__mpu.a(arm_mpu.c.obj)
                0x0000000000004c88                arm_core_mpu_enable
 .text.arm_core_mpu_disable
                0x0000000000004c9c       0x10 zephyr/arch/arch/arm/core/aarch32/cortex_m/mpu/libarch__arm__core__aarch32__cortex_m__mpu.a(arm_mpu.c.obj)
                0x0000000000004c9c                arm_core_mpu_disable
 .text.arm_mpu_init
                0x0000000000004cac       0x5c zephyr/arch/arch/arm/core/aarch32/cortex_m/mpu/libarch__arm__core__aarch32__cortex_m__mpu.a(arm_mpu.c.obj)
 .text.arm_core_mpu_configure_static_mpu_regions
                0x0000000000004d08       0x14 zephyr/arch/arch/arm/core/aarch32/cortex_m/mpu/libarch__arm__core__aarch32__cortex_m__mpu.a(arm_mpu.c.obj)
                0x0000000000004d08                arm_core_mpu_configure_static_mpu_regions
 .text.arm_core_mpu_configure_dynamic_mpu_regions
                0x0000000000004d1c       0x2c zephyr/arch/arch/arm/core/aarch32/cortex_m/mpu/libarch__arm__core__aarch32__cortex_m__mpu.a(arm_mpu.c.obj)
                0x0000000000004d1c                arm_core_mpu_configure_dynamic_mpu_regions
 .text.nordicsemi_nrf52_init
                0x0000000000004d48       0x30 zephyr/soc/arm/nordic_nrf/nrf52/libsoc__arm__nordic_nrf__nrf52.a(soc.c.obj)
 .text.bt_hex_real
                0x0000000000004d78       0x44 zephyr/subsys/bluetooth/common/libsubsys__bluetooth__common.a(log.c.obj)
                0x0000000000004d78                bt_hex_real
 .text.bt_addr_le_str_real
                0x0000000000004dbc       0x7c zephyr/subsys/bluetooth/common/libsubsys__bluetooth__common.a(log.c.obj)
                0x0000000000004dbc                bt_addr_le_str_real
 .text.ecc_thread
                0x0000000000004e38      0x1d8 zephyr/subsys/bluetooth/host/libsubsys__bluetooth__host.a(hci_ecc.c.obj)
 .text.bt_hci_ecc_send
                0x0000000000005010      0x114 zephyr/subsys/bluetooth/host/libsubsys__bluetooth__host.a(hci_ecc.c.obj)
                0x0000000000005010                bt_hci_ecc_send
 .text.bt_hci_ecc_init
                0x0000000000005124       0x44 zephyr/subsys/bluetooth/host/libsubsys__bluetooth__host.a(hci_ecc.c.obj)
                0x0000000000005124                bt_hci_ecc_init
 .text.save_id  0x0000000000005168       0x98 zephyr/subsys/bluetooth/host/libsubsys__bluetooth__host.a(settings.c.obj)
 .text.set      0x0000000000005200      0x180 zephyr/subsys/bluetooth/host/libsubsys__bluetooth__host.a(settings.c.obj)
 .text.bt_settings_encode_key
                0x0000000000005380       0x60 zephyr/subsys/bluetooth/host/libsubsys__bluetooth__host.a(settings.c.obj)
                0x0000000000005380                bt_settings_encode_key
 .text.bt_settings_save_id
                0x00000000000053e0       0x30 zephyr/subsys/bluetooth/host/libsubsys__bluetooth__host.a(settings.c.obj)
                0x00000000000053e0                bt_settings_save_id
 .text.commit   0x0000000000005410       0x98 zephyr/subsys/bluetooth/host/libsubsys__bluetooth__host.a(settings.c.obj)
 .text.bt_settings_init
                0x00000000000054a8       0x38 zephyr/subsys/bluetooth/host/libsubsys__bluetooth__host.a(settings.c.obj)
                0x00000000000054a8                bt_settings_init
 .text.uuid_to_uuid128
                0x00000000000054e0       0x7c zephyr/subsys/bluetooth/host/libsubsys__bluetooth__host.a(uuid.c.obj)
 .text.le_dhkey_complete
                0x000000000000555c       0x20 zephyr/subsys/bluetooth/host/libsubsys__bluetooth__host.a(hci_core.c.obj)
 .text.ver_str  0x000000000000557c       0x38 zephyr/subsys/bluetooth/host/libsubsys__bluetooth__host.a(hci_core.c.obj)
 .text.le_pkey_complete
                0x00000000000055b4       0x50 zephyr/subsys/bluetooth/host/libsubsys__bluetooth__host.a(hci_core.c.obj)
 .text.hci_data_buf_overflow
                0x0000000000005604       0x2c zephyr/subsys/bluetooth/host/libsubsys__bluetooth__host.a(hci_core.c.obj)
 .text.le_data_len_change
                0x0000000000005630       0x44 zephyr/subsys/bluetooth/host/libsubsys__bluetooth__host.a(hci_core.c.obj)
 .text.le_conn_update_complete
                0x0000000000005674       0xa4 zephyr/subsys/bluetooth/host/libsubsys__bluetooth__host.a(hci_core.c.obj)
 .text.hci_vendor_event
                0x0000000000005718       0x40 zephyr/subsys/bluetooth/host/libsubsys__bluetooth__host.a(hci_core.c.obj)
 .text.update_sec_level
                0x0000000000005758       0x6c zephyr/subsys/bluetooth/host/libsubsys__bluetooth__host.a(hci_core.c.obj)
 .text.hci_encrypt_key_refresh_complete
                0x00000000000057c4       0x8c zephyr/subsys/bluetooth/host/libsubsys__bluetooth__host.a(hci_core.c.obj)
 .text.hci_encrypt_change
                0x0000000000005850       0x94 zephyr/subsys/bluetooth/host/libsubsys__bluetooth__host.a(hci_core.c.obj)
 .text.find_pending_connect.part.18
                0x00000000000058e4       0x30 zephyr/subsys/bluetooth/host/libsubsys__bluetooth__host.a(hci_core.c.obj)
 .text.handle_event
                0x0000000000005914       0x94 zephyr/subsys/bluetooth/host/libsubsys__bluetooth__host.a(hci_core.c.obj)
 .text.hci_le_meta_event
                0x00000000000059a8       0x20 zephyr/subsys/bluetooth/host/libsubsys__bluetooth__host.a(hci_core.c.obj)
 .text.hci_cmd_done
                0x00000000000059c8      0x100 zephyr/subsys/bluetooth/host/libsubsys__bluetooth__host.a(hci_core.c.obj)
 .text.id_find  0x0000000000005ac8       0x34 zephyr/subsys/bluetooth/host/libsubsys__bluetooth__host.a(hci_core.c.obj)
 .text.hci_tx_thread
                0x0000000000005afc      0x188 zephyr/subsys/bluetooth/host/libsubsys__bluetooth__host.a(hci_core.c.obj)
 .text.hci_num_completed_packets
                0x0000000000005c84      0x158 zephyr/subsys/bluetooth/host/libsubsys__bluetooth__host.a(hci_core.c.obj)
 .text.hci_cmd_status
                0x0000000000005ddc       0x2c zephyr/subsys/bluetooth/host/libsubsys__bluetooth__host.a(hci_core.c.obj)
 .text.hci_cmd_complete
                0x0000000000005e08       0x30 zephyr/subsys/bluetooth/host/libsubsys__bluetooth__host.a(hci_core.c.obj)
 .text.bt_hci_cmd_create
                0x0000000000005e38       0x6c zephyr/subsys/bluetooth/host/libsubsys__bluetooth__host.a(hci_core.c.obj)
                0x0000000000005e38                bt_hci_cmd_create
 .text.bt_hci_cmd_send
                0x0000000000005ea4       0x6c zephyr/subsys/bluetooth/host/libsubsys__bluetooth__host.a(hci_core.c.obj)
                0x0000000000005ea4                bt_hci_cmd_send
 .text.le_ltk_request
                0x0000000000005f10       0xd0 zephyr/subsys/bluetooth/host/libsubsys__bluetooth__host.a(hci_core.c.obj)
 .text.le_conn_param_neg_reply
                0x0000000000005fe0       0x5c zephyr/subsys/bluetooth/host/libsubsys__bluetooth__host.a(hci_core.c.obj)
 .text.le_conn_param_req
                0x000000000000603c       0xd8 zephyr/subsys/bluetooth/host/libsubsys__bluetooth__host.a(hci_core.c.obj)
 .text.bt_hci_cmd_send_sync
                0x0000000000006114       0x8c zephyr/subsys/bluetooth/host/libsubsys__bluetooth__host.a(hci_core.c.obj)
                0x0000000000006114                bt_hci_cmd_send_sync
 .text.set_advertise_enable
                0x00000000000061a0       0x60 zephyr/subsys/bluetooth/host/libsubsys__bluetooth__host.a(hci_core.c.obj)
 .text.set_random_address
                0x0000000000006200       0x58 zephyr/subsys/bluetooth/host/libsubsys__bluetooth__host.a(hci_core.c.obj)
 .text.le_set_private_addr
                0x0000000000006258       0x5c zephyr/subsys/bluetooth/host/libsubsys__bluetooth__host.a(hci_core.c.obj)
 .text.rpa_timeout
                0x00000000000062b4       0x68 zephyr/subsys/bluetooth/host/libsubsys__bluetooth__host.a(hci_core.c.obj)
 .text.hci_id_add
                0x000000000000631c       0x54 zephyr/subsys/bluetooth/host/libsubsys__bluetooth__host.a(hci_core.c.obj)
 .text.set_ad   0x0000000000006370       0xe0 zephyr/subsys/bluetooth/host/libsubsys__bluetooth__host.a(hci_core.c.obj)
 .text.le_adv_update
                0x0000000000006450       0x94 zephyr/subsys/bluetooth/host/libsubsys__bluetooth__host.a(hci_core.c.obj)
 .text.conn_auto_initiate
                0x00000000000064e4      0x184 zephyr/subsys/bluetooth/host/libsubsys__bluetooth__host.a(hci_core.c.obj)
 .text.le_phy_update_complete
                0x0000000000006668       0x6c zephyr/subsys/bluetooth/host/libsubsys__bluetooth__host.a(hci_core.c.obj)
 .text.le_remote_feat_complete
                0x00000000000066d4       0x68 zephyr/subsys/bluetooth/host/libsubsys__bluetooth__host.a(hci_core.c.obj)
 .text.bt_unpair
                0x000000000000673c       0x4c zephyr/subsys/bluetooth/host/libsubsys__bluetooth__host.a(hci_core.c.obj)
                0x000000000000673c                bt_unpair
 .text.bt_id_add
                0x0000000000006788      0x1bc zephyr/subsys/bluetooth/host/libsubsys__bluetooth__host.a(hci_core.c.obj)
                0x0000000000006788                bt_id_add
 .text.bt_id_del
                0x0000000000006944      0x138 zephyr/subsys/bluetooth/host/libsubsys__bluetooth__host.a(hci_core.c.obj)
                0x0000000000006944                bt_id_del
 .text.id_create
                0x0000000000006a7c       0xb0 zephyr/subsys/bluetooth/host/libsubsys__bluetooth__host.a(hci_core.c.obj)
 .text.bt_recv  0x0000000000006b2c      0x16c zephyr/subsys/bluetooth/host/libsubsys__bluetooth__host.a(hci_core.c.obj)
                0x0000000000006b2c                bt_recv
 .text.bt_recv_prio
                0x0000000000006c98       0xac zephyr/subsys/bluetooth/host/libsubsys__bluetooth__host.a(hci_core.c.obj)
                0x0000000000006c98                bt_recv_prio
 .text.bt_hci_driver_register
                0x0000000000006d44       0x28 zephyr/subsys/bluetooth/host/libsubsys__bluetooth__host.a(hci_core.c.obj)
                0x0000000000006d44                bt_hci_driver_register
 .text.bt_finalize_init
                0x0000000000006d6c      0x108 zephyr/subsys/bluetooth/host/libsubsys__bluetooth__host.a(hci_core.c.obj)
                0x0000000000006d6c                bt_finalize_init
 .text.init_work
                0x0000000000006e74       0x18 zephyr/subsys/bluetooth/host/libsubsys__bluetooth__host.a(hci_core.c.obj)
 .text.bt_enable
                0x0000000000006e8c      0x100 zephyr/subsys/bluetooth/host/libsubsys__bluetooth__host.a(hci_core.c.obj)
                0x0000000000006e8c                bt_enable
 .text.bt_set_name
                0x0000000000006f8c       0xa4 zephyr/subsys/bluetooth/host/libsubsys__bluetooth__host.a(hci_core.c.obj)
                0x0000000000006f8c                bt_set_name
 .text.bt_get_name
                0x0000000000007030        0x8 zephyr/subsys/bluetooth/host/libsubsys__bluetooth__host.a(hci_core.c.obj)
                0x0000000000007030                bt_get_name
 .text.bt_id_create
                0x0000000000007038       0x90 zephyr/subsys/bluetooth/host/libsubsys__bluetooth__host.a(hci_core.c.obj)
                0x0000000000007038                bt_id_create
 .text.bt_setup_public_id_addr
                0x00000000000070c8      0x118 zephyr/subsys/bluetooth/host/libsubsys__bluetooth__host.a(hci_core.c.obj)
                0x00000000000070c8                bt_setup_public_id_addr
 .text.bt_setup_random_id_addr
                0x00000000000071e0      0x144 zephyr/subsys/bluetooth/host/libsubsys__bluetooth__host.a(hci_core.c.obj)
                0x00000000000071e0                bt_setup_random_id_addr
 .text.bt_le_adv_start_internal
                0x0000000000007324      0x2b8 zephyr/subsys/bluetooth/host/libsubsys__bluetooth__host.a(hci_core.c.obj)
                0x0000000000007324                bt_le_adv_start_internal
 .text.bt_le_adv_stop
                0x00000000000075dc       0x6c zephyr/subsys/bluetooth/host/libsubsys__bluetooth__host.a(hci_core.c.obj)
                0x00000000000075dc                bt_le_adv_stop
 .text.bt_le_adv_resume
                0x0000000000007648       0x84 zephyr/subsys/bluetooth/host/libsubsys__bluetooth__host.a(hci_core.c.obj)
                0x0000000000007648                bt_le_adv_resume
 .text.hci_disconn_complete
                0x00000000000076cc       0x84 zephyr/subsys/bluetooth/host/libsubsys__bluetooth__host.a(hci_core.c.obj)
 .text.enh_conn_complete
                0x0000000000007750      0x194 zephyr/subsys/bluetooth/host/libsubsys__bluetooth__host.a(hci_core.c.obj)
 .text.le_legacy_conn_complete
                0x00000000000078e4       0xa8 zephyr/subsys/bluetooth/host/libsubsys__bluetooth__host.a(hci_core.c.obj)
 .text.bt_buf_get_rx
                0x000000000000798c       0x20 zephyr/subsys/bluetooth/host/libsubsys__bluetooth__host.a(hci_core.c.obj)
                0x000000000000798c                bt_buf_get_rx
 .text.bt_buf_get_cmd_complete
                0x00000000000079ac       0x4c zephyr/subsys/bluetooth/host/libsubsys__bluetooth__host.a(hci_core.c.obj)
                0x00000000000079ac                bt_buf_get_cmd_complete
 .text.bt_buf_get_evt
                0x00000000000079f8       0x50 zephyr/subsys/bluetooth/host/libsubsys__bluetooth__host.a(hci_core.c.obj)
                0x00000000000079f8                bt_buf_get_evt
 .text.bt_pub_key_gen
                0x0000000000007a48       0xb4 zephyr/subsys/bluetooth/host/libsubsys__bluetooth__host.a(hci_core.c.obj)
                0x0000000000007a48                bt_pub_key_gen
 .text.bt_pub_key_get
                0x0000000000007afc       0x1c zephyr/subsys/bluetooth/host/libsubsys__bluetooth__host.a(hci_core.c.obj)
                0x0000000000007afc                bt_pub_key_get
 .text.bt_dh_key_gen
                0x0000000000007b18       0x74 zephyr/subsys/bluetooth/host/libsubsys__bluetooth__host.a(hci_core.c.obj)
                0x0000000000007b18                bt_dh_key_gen
 .text.tx_free  0x0000000000007b8c       0x14 zephyr/subsys/bluetooth/host/libsubsys__bluetooth__host.a(conn.c.obj)
 .text.notify_connected
                0x0000000000007ba0       0x2c zephyr/subsys/bluetooth/host/libsubsys__bluetooth__host.a(conn.c.obj)
 .text.send_frag
                0x0000000000007bcc      0x134 zephyr/subsys/bluetooth/host/libsubsys__bluetooth__host.a(conn.c.obj)
 .text.conn_cleanup
                0x0000000000007d00       0x40 zephyr/subsys/bluetooth/host/libsubsys__bluetooth__host.a(conn.c.obj)
 .text.bt_conn_get_pkts
                0x0000000000007d40        0x8 zephyr/subsys/bluetooth/host/libsubsys__bluetooth__host.a(conn.c.obj)
                0x0000000000007d40                bt_conn_get_pkts
 .text.notify_le_param_updated
                0x0000000000007d48       0x68 zephyr/subsys/bluetooth/host/libsubsys__bluetooth__host.a(conn.c.obj)
                0x0000000000007d48                notify_le_param_updated
 .text.le_param_req
                0x0000000000007db0       0x40 zephyr/subsys/bluetooth/host/libsubsys__bluetooth__host.a(conn.c.obj)
                0x0000000000007db0                le_param_req
 .text.bt_conn_identity_resolved
                0x0000000000007df0       0x34 zephyr/subsys/bluetooth/host/libsubsys__bluetooth__host.a(conn.c.obj)
                0x0000000000007df0                bt_conn_identity_resolved
 .text.bt_conn_security_changed
                0x0000000000007e24       0x38 zephyr/subsys/bluetooth/host/libsubsys__bluetooth__host.a(conn.c.obj)
                0x0000000000007e24                bt_conn_security_changed
 .text.bt_conn_cb_register
                0x0000000000007e5c       0x10 zephyr/subsys/bluetooth/host/libsubsys__bluetooth__host.a(conn.c.obj)
                0x0000000000007e5c                bt_conn_cb_register
 .text.bt_conn_recv
                0x0000000000007e6c      0x164 zephyr/subsys/bluetooth/host/libsubsys__bluetooth__host.a(conn.c.obj)
                0x0000000000007e6c                bt_conn_recv
 .text.bt_conn_send_cb
                0x0000000000007fd0       0xec zephyr/subsys/bluetooth/host/libsubsys__bluetooth__host.a(conn.c.obj)
                0x0000000000007fd0                bt_conn_send_cb
 .text.bt_conn_prepare_events
                0x00000000000080bc       0x78 zephyr/subsys/bluetooth/host/libsubsys__bluetooth__host.a(conn.c.obj)
                0x00000000000080bc                bt_conn_prepare_events
 .text.bt_conn_add_le
                0x0000000000008134       0x80 zephyr/subsys/bluetooth/host/libsubsys__bluetooth__host.a(conn.c.obj)
                0x0000000000008134                bt_conn_add_le
 .text.bt_conn_set_state
                0x00000000000081b4      0x194 zephyr/subsys/bluetooth/host/libsubsys__bluetooth__host.a(conn.c.obj)
                0x00000000000081b4                bt_conn_set_state
 .text.bt_conn_lookup_handle
                0x0000000000008348       0x34 zephyr/subsys/bluetooth/host/libsubsys__bluetooth__host.a(conn.c.obj)
                0x0000000000008348                bt_conn_lookup_handle
 .text.bt_conn_lookup_addr_le
                0x000000000000837c       0x3c zephyr/subsys/bluetooth/host/libsubsys__bluetooth__host.a(conn.c.obj)
                0x000000000000837c                bt_conn_lookup_addr_le
 .text.bt_conn_lookup_state_le
                0x00000000000083b8       0x44 zephyr/subsys/bluetooth/host/libsubsys__bluetooth__host.a(conn.c.obj)
                0x00000000000083b8                bt_conn_lookup_state_le
 .text.bt_conn_foreach
                0x00000000000083fc       0x2c zephyr/subsys/bluetooth/host/libsubsys__bluetooth__host.a(conn.c.obj)
                0x00000000000083fc                bt_conn_foreach
 .text.send_conn_le_param_update
                0x0000000000008428       0x60 zephyr/subsys/bluetooth/host/libsubsys__bluetooth__host.a(conn.c.obj)
 .text.conn_update_timeout
                0x0000000000008488       0xb8 zephyr/subsys/bluetooth/host/libsubsys__bluetooth__host.a(conn.c.obj)
 .text.bt_conn_create_pdu_timeout
                0x0000000000008540       0x54 zephyr/subsys/bluetooth/host/libsubsys__bluetooth__host.a(conn.c.obj)
                0x0000000000008540                bt_conn_create_pdu_timeout
 .text.bt_conn_create_frag_timeout
                0x0000000000008594       0x10 zephyr/subsys/bluetooth/host/libsubsys__bluetooth__host.a(conn.c.obj)
                0x0000000000008594                bt_conn_create_frag_timeout
 .text.create_frag.isra.11
                0x00000000000085a4       0x68 zephyr/subsys/bluetooth/host/libsubsys__bluetooth__host.a(conn.c.obj)
 .text.bt_conn_process_tx
                0x000000000000860c       0xd0 zephyr/subsys/bluetooth/host/libsubsys__bluetooth__host.a(conn.c.obj)
                0x000000000000860c                bt_conn_process_tx
 .text.bt_conn_index
                0x00000000000086dc       0x18 zephyr/subsys/bluetooth/host/libsubsys__bluetooth__host.a(conn.c.obj)
                0x00000000000086dc                bt_conn_index
 .text.bt_conn_init
                0x00000000000086f4       0x40 zephyr/subsys/bluetooth/host/libsubsys__bluetooth__host.a(conn.c.obj)
                0x00000000000086f4                bt_conn_init
 .text.l2cap_accept
                0x0000000000008734       0x4c zephyr/subsys/bluetooth/host/libsubsys__bluetooth__host.a(l2cap.c.obj)
 .text.l2cap_create_le_sig_pdu.isra.8
                0x0000000000008780       0x58 zephyr/subsys/bluetooth/host/libsubsys__bluetooth__host.a(l2cap.c.obj)
 .text.l2cap_rtx_timeout
                0x00000000000087d8       0x48 zephyr/subsys/bluetooth/host/libsubsys__bluetooth__host.a(l2cap.c.obj)
 .text.bt_l2cap_connected
                0x0000000000008820       0x98 zephyr/subsys/bluetooth/host/libsubsys__bluetooth__host.a(l2cap.c.obj)
                0x0000000000008820                bt_l2cap_connected
 .text.l2cap_recv
                0x00000000000088b8      0x10c zephyr/subsys/bluetooth/host/libsubsys__bluetooth__host.a(l2cap.c.obj)
 .text.bt_l2cap_recv
                0x00000000000089c4       0x84 zephyr/subsys/bluetooth/host/libsubsys__bluetooth__host.a(l2cap.c.obj)
                0x00000000000089c4                bt_l2cap_recv
 .text.bt_l2cap_update_conn_param
                0x0000000000008a48       0x5c zephyr/subsys/bluetooth/host/libsubsys__bluetooth__host.a(l2cap.c.obj)
                0x0000000000008a48                bt_l2cap_update_conn_param
 .text.find_type_cb
                0x0000000000008aa4      0x114 zephyr/subsys/bluetooth/host/libsubsys__bluetooth__host.a(att.c.obj)
 .text.att_cb.isra.6
                0x0000000000008bb8       0x24 zephyr/subsys/bluetooth/host/libsubsys__bluetooth__host.a(att.c.obj)
 .text.att_send
                0x0000000000008bdc       0x70 zephyr/subsys/bluetooth/host/libsubsys__bluetooth__host.a(att.c.obj)
 .text.bt_att_accept
                0x0000000000008c4c       0x70 zephyr/subsys/bluetooth/host/libsubsys__bluetooth__host.a(att.c.obj)
 .text.bt_att_connected
                0x0000000000008cbc       0x30 zephyr/subsys/bluetooth/host/libsubsys__bluetooth__host.a(att.c.obj)
 .text.att_req_sent
                0x0000000000008cec       0x30 zephyr/subsys/bluetooth/host/libsubsys__bluetooth__host.a(att.c.obj)
                0x0000000000008cec                att_req_sent
 .text.att_chan_get
                0x0000000000008d1c       0x90 zephyr/subsys/bluetooth/host/libsubsys__bluetooth__host.a(att.c.obj)
 .text.prep_write_cb
                0x0000000000008dac       0x7c zephyr/subsys/bluetooth/host/libsubsys__bluetooth__host.a(att.c.obj)
 .text.bt_att_create_pdu
                0x0000000000008e28       0x9c zephyr/subsys/bluetooth/host/libsubsys__bluetooth__host.a(att.c.obj)
                0x0000000000008e28                bt_att_create_pdu
 .text.att_indicate
                0x0000000000008ec4       0x40 zephyr/subsys/bluetooth/host/libsubsys__bluetooth__host.a(att.c.obj)
 .text.att_mtu_req
                0x0000000000008f04       0x60 zephyr/subsys/bluetooth/host/libsubsys__bluetooth__host.a(att.c.obj)
 .text.send_err_rsp.part.11
                0x0000000000008f64       0x44 zephyr/subsys/bluetooth/host/libsubsys__bluetooth__host.a(att.c.obj)
 .text.bt_att_recv
                0x0000000000008fa8      0x17c zephyr/subsys/bluetooth/host/libsubsys__bluetooth__host.a(att.c.obj)
 .text.att_write_rsp
                0x0000000000009124       0xcc zephyr/subsys/bluetooth/host/libsubsys__bluetooth__host.a(att.c.obj)
 .text.att_signed_write_cmd
                0x00000000000091f0       0x84 zephyr/subsys/bluetooth/host/libsubsys__bluetooth__host.a(att.c.obj)
 .text.att_exec_write_req
                0x0000000000009274       0x88 zephyr/subsys/bluetooth/host/libsubsys__bluetooth__host.a(att.c.obj)
 .text.att_prepare_write_req
                0x00000000000092fc       0xe4 zephyr/subsys/bluetooth/host/libsubsys__bluetooth__host.a(att.c.obj)
 .text.att_read_group_req
                0x00000000000093e0      0x108 zephyr/subsys/bluetooth/host/libsubsys__bluetooth__host.a(att.c.obj)
 .text.att_read_mult_req
                0x00000000000094e8       0x90 zephyr/subsys/bluetooth/host/libsubsys__bluetooth__host.a(att.c.obj)
 .text.att_read_rsp
                0x0000000000009578       0x98 zephyr/subsys/bluetooth/host/libsubsys__bluetooth__host.a(att.c.obj)
 .text.att_read_type_req
                0x0000000000009610       0xd0 zephyr/subsys/bluetooth/host/libsubsys__bluetooth__host.a(att.c.obj)
 .text.att_find_type_req
                0x00000000000096e0       0xe8 zephyr/subsys/bluetooth/host/libsubsys__bluetooth__host.a(att.c.obj)
 .text.att_find_info_req
                0x00000000000097c8       0x7c zephyr/subsys/bluetooth/host/libsubsys__bluetooth__host.a(att.c.obj)
 .text.bt_att_req_alloc
                0x0000000000009844       0x28 zephyr/subsys/bluetooth/host/libsubsys__bluetooth__host.a(att.c.obj)
                0x0000000000009844                bt_att_req_alloc
 .text.bt_att_req_free
                0x000000000000986c       0x18 zephyr/subsys/bluetooth/host/libsubsys__bluetooth__host.a(att.c.obj)
                0x000000000000986c                bt_att_req_free
 .text.att_handle_rsp
                0x0000000000009884       0xb0 zephyr/subsys/bluetooth/host/libsubsys__bluetooth__host.a(att.c.obj)
 .text.att_error_rsp
                0x0000000000009934       0x78 zephyr/subsys/bluetooth/host/libsubsys__bluetooth__host.a(att.c.obj)
 .text.bt_att_encrypt_change
                0x00000000000099ac       0xb0 zephyr/subsys/bluetooth/host/libsubsys__bluetooth__host.a(att.c.obj)
 .text.bt_att_disconnected
                0x0000000000009a5c       0x20 zephyr/subsys/bluetooth/host/libsubsys__bluetooth__host.a(att.c.obj)
 .text.att_timeout
                0x0000000000009a7c       0x58 zephyr/subsys/bluetooth/host/libsubsys__bluetooth__host.a(att.c.obj)
 .text.bt_att_req_cancel
                0x0000000000009ad4       0x6c zephyr/subsys/bluetooth/host/libsubsys__bluetooth__host.a(att.c.obj)
                0x0000000000009ad4                bt_att_req_cancel
 .text.find_static_attr
                0x0000000000009b40       0x48 zephyr/subsys/bluetooth/host/libsubsys__bluetooth__host.a(gatt.c.obj)
 .text.db_hash_store
                0x0000000000009b88       0x48 zephyr/subsys/bluetooth/host/libsubsys__bluetooth__host.a(gatt.c.obj)
 .text.db_hash_set
                0x0000000000009bd0       0x48 zephyr/subsys/bluetooth/host/libsubsys__bluetooth__host.a(gatt.c.obj)
 .text.sc_store
                0x0000000000009c18       0x6c zephyr/subsys/bluetooth/host/libsubsys__bluetooth__host.a(gatt.c.obj)
 .text.sc_clear
                0x0000000000009c84       0x80 zephyr/subsys/bluetooth/host/libsubsys__bluetooth__host.a(gatt.c.obj)
 .text.disconnected_cb
                0x0000000000009d04       0x84 zephyr/subsys/bluetooth/host/libsubsys__bluetooth__host.a(gatt.c.obj)
 .text.gatt_notify
                0x0000000000009d88       0x7c zephyr/subsys/bluetooth/host/libsubsys__bluetooth__host.a(gatt.c.obj)
 .text.gatt_send.constprop.37
                0x0000000000009e04       0x80 zephyr/subsys/bluetooth/host/libsubsys__bluetooth__host.a(gatt.c.obj)
 .text.gatt_indicate
                0x0000000000009e84       0x88 zephyr/subsys/bluetooth/host/libsubsys__bluetooth__host.a(gatt.c.obj)
 .text.ccc_load
                0x0000000000009f0c       0x90 zephyr/subsys/bluetooth/host/libsubsys__bluetooth__host.a(gatt.c.obj)
 .text.ccc_save
                0x0000000000009f9c       0x38 zephyr/subsys/bluetooth/host/libsubsys__bluetooth__host.a(gatt.c.obj)
 .text.remove_peer_from_attr
                0x0000000000009fd4       0x28 zephyr/subsys/bluetooth/host/libsubsys__bluetooth__host.a(gatt.c.obj)
 .text.find_cf_cfg_by_addr.part.14
                0x0000000000009ffc       0x34 zephyr/subsys/bluetooth/host/libsubsys__bluetooth__host.a(gatt.c.obj)
 .text.bt_gatt_attr_write_ccc
                0x000000000000a030       0xcc zephyr/subsys/bluetooth/host/libsubsys__bluetooth__host.a(gatt.c.obj)
                0x000000000000a030                bt_gatt_attr_write_ccc
 .text.sc_commit
                0x000000000000a0fc       0x30 zephyr/subsys/bluetooth/host/libsubsys__bluetooth__host.a(gatt.c.obj)
 .text.gatt_write_ccc.constprop.33
                0x000000000000a12c       0x68 zephyr/subsys/bluetooth/host/libsubsys__bluetooth__host.a(gatt.c.obj)
 .text.gatt_sub_find_free
                0x000000000000a194       0x68 zephyr/subsys/bluetooth/host/libsubsys__bluetooth__host.a(gatt.c.obj)
 .text.find_sc_cfg.part.11
                0x000000000000a1fc       0x44 zephyr/subsys/bluetooth/host/libsubsys__bluetooth__host.a(gatt.c.obj)
 .text.sc_save  0x000000000000a240       0x90 zephyr/subsys/bluetooth/host/libsubsys__bluetooth__host.a(gatt.c.obj)
 .text.notify_cb
                0x000000000000a2d0       0xdc zephyr/subsys/bluetooth/host/libsubsys__bluetooth__host.a(gatt.c.obj)
 .text.sc_set   0x000000000000a3ac      0x128 zephyr/subsys/bluetooth/host/libsubsys__bluetooth__host.a(gatt.c.obj)
 .text.find_cf_cfg.part.10
                0x000000000000a4d4       0x58 zephyr/subsys/bluetooth/host/libsubsys__bluetooth__host.a(gatt.c.obj)
 .text.cf_write
                0x000000000000a52c       0xb4 zephyr/subsys/bluetooth/host/libsubsys__bluetooth__host.a(gatt.c.obj)
 .text.sc_indicate_rsp
                0x000000000000a5e0       0x4c zephyr/subsys/bluetooth/host/libsubsys__bluetooth__host.a(gatt.c.obj)
 .text.cf_set   0x000000000000a62c       0xe4 zephyr/subsys/bluetooth/host/libsubsys__bluetooth__host.a(gatt.c.obj)
 .text.read_ppcp
                0x000000000000a710       0x38 zephyr/subsys/bluetooth/host/libsubsys__bluetooth__host.a(gatt.c.obj)
 .text.bt_gatt_init
                0x000000000000a748       0x9c zephyr/subsys/bluetooth/host/libsubsys__bluetooth__host.a(gatt.c.obj)
                0x000000000000a748                bt_gatt_init
 .text.bt_gatt_attr_value_handle
                0x000000000000a7e4       0x30 zephyr/subsys/bluetooth/host/libsubsys__bluetooth__host.a(gatt.c.obj)
                0x000000000000a7e4                bt_gatt_attr_value_handle
 .text.bt_gatt_foreach_attr_type
                0x000000000000a814       0xbc zephyr/subsys/bluetooth/host/libsubsys__bluetooth__host.a(gatt.c.obj)
                0x000000000000a814                bt_gatt_foreach_attr_type
 .text.db_hash_gen
                0x000000000000a8d0       0xa8 zephyr/subsys/bluetooth/host/libsubsys__bluetooth__host.a(gatt.c.obj)
 .text.db_hash_commit
                0x000000000000a978       0xc8 zephyr/subsys/bluetooth/host/libsubsys__bluetooth__host.a(gatt.c.obj)
 .text.ccc_set_direct
                0x000000000000aa40      0x12c zephyr/subsys/bluetooth/host/libsubsys__bluetooth__host.a(gatt.c.obj)
 .text.bt_gatt_indicate
                0x000000000000ab6c       0xf4 zephyr/subsys/bluetooth/host/libsubsys__bluetooth__host.a(gatt.c.obj)
                0x000000000000ab6c                bt_gatt_indicate
 .text.sc_process
                0x000000000000ac60       0x5c zephyr/subsys/bluetooth/host/libsubsys__bluetooth__host.a(gatt.c.obj)
 .text.update_ccc
                0x000000000000acbc      0x12c zephyr/subsys/bluetooth/host/libsubsys__bluetooth__host.a(gatt.c.obj)
 .text.bt_gatt_discover
                0x000000000000ade8      0x200 zephyr/subsys/bluetooth/host/libsubsys__bluetooth__host.a(gatt.c.obj)
                0x000000000000ade8                bt_gatt_discover
 .text.gatt_read_group_rsp
                0x000000000000afe8      0x118 zephyr/subsys/bluetooth/host/libsubsys__bluetooth__host.a(gatt.c.obj)
 .text.gatt_read_type_rsp
                0x000000000000b100      0x240 zephyr/subsys/bluetooth/host/libsubsys__bluetooth__host.a(gatt.c.obj)
 .text.read_included_uuid_cb
                0x000000000000b340       0xb8 zephyr/subsys/bluetooth/host/libsubsys__bluetooth__host.a(gatt.c.obj)
 .text.gatt_find_info_rsp
                0x000000000000b3f8      0x15c zephyr/subsys/bluetooth/host/libsubsys__bluetooth__host.a(gatt.c.obj)
 .text.bt_gatt_read
                0x000000000000b554       0xec zephyr/subsys/bluetooth/host/libsubsys__bluetooth__host.a(gatt.c.obj)
                0x000000000000b554                bt_gatt_read
 .text.gatt_read_rsp
                0x000000000000b640      0x11c zephyr/subsys/bluetooth/host/libsubsys__bluetooth__host.a(gatt.c.obj)
 .text.bt_gatt_connected
                0x000000000000b75c       0xb0 zephyr/subsys/bluetooth/host/libsubsys__bluetooth__host.a(gatt.c.obj)
                0x000000000000b75c                bt_gatt_connected
 .text.bt_gatt_encrypt_change
                0x000000000000b80c       0x20 zephyr/subsys/bluetooth/host/libsubsys__bluetooth__host.a(gatt.c.obj)
                0x000000000000b80c                bt_gatt_encrypt_change
 .text.db_hash_read
                0x000000000000b82c       0x68 zephyr/subsys/bluetooth/host/libsubsys__bluetooth__host.a(gatt.c.obj)
 .text.bt_gatt_store_ccc
                0x000000000000b894       0x90 zephyr/subsys/bluetooth/host/libsubsys__bluetooth__host.a(gatt.c.obj)
                0x000000000000b894                bt_gatt_store_ccc
 .text.bt_gatt_disconnected
                0x000000000000b924      0x14c zephyr/subsys/bluetooth/host/libsubsys__bluetooth__host.a(gatt.c.obj)
                0x000000000000b924                bt_gatt_disconnected
 .text.bt_gatt_clear
                0x000000000000ba70       0xf4 zephyr/subsys/bluetooth/host/libsubsys__bluetooth__host.a(gatt.c.obj)
                0x000000000000ba70                bt_gatt_clear
 .text.get_io_capa
                0x000000000000bb64       0x4c zephyr/subsys/bluetooth/host/libsubsys__bluetooth__host.a(smp.c.obj)
 .text.smp_sign_buf
                0x000000000000bbb0       0x88 zephyr/subsys/bluetooth/host/libsubsys__bluetooth__host.a(smp.c.obj)
 .text.smp_ident_info
                0x000000000000bc38       0x78 zephyr/subsys/bluetooth/host/libsubsys__bluetooth__host.a(smp.c.obj)
 .text.smp_encrypt_info
                0x000000000000bcb0       0x78 zephyr/subsys/bluetooth/host/libsubsys__bluetooth__host.a(smp.c.obj)
 .text.get_auth.isra.0
                0x000000000000bd28       0x3c zephyr/subsys/bluetooth/host/libsubsys__bluetooth__host.a(smp.c.obj)
 .text.smp_chan_get
                0x000000000000bd64       0x38 zephyr/subsys/bluetooth/host/libsubsys__bluetooth__host.a(smp.c.obj)
 .text.bt_smp_accept
                0x000000000000bd9c       0x4c zephyr/subsys/bluetooth/host/libsubsys__bluetooth__host.a(smp.c.obj)
 .text.smp_init
                0x000000000000bde8       0x3c zephyr/subsys/bluetooth/host/libsubsys__bluetooth__host.a(smp.c.obj)
 .text.smp_send.isra.7
                0x000000000000be24       0x2c zephyr/subsys/bluetooth/host/libsubsys__bluetooth__host.a(smp.c.obj)
 .text.smp_send_pairing_confirm
                0x000000000000be50       0x80 zephyr/subsys/bluetooth/host/libsubsys__bluetooth__host.a(smp.c.obj)
 .text.smp_public_key_slave.part.13
                0x000000000000bed0       0xc8 zephyr/subsys/bluetooth/host/libsubsys__bluetooth__host.a(smp.c.obj)
 .text.compute_and_check_and_send_slave_dhcheck
                0x000000000000bf98      0x1d0 zephyr/subsys/bluetooth/host/libsubsys__bluetooth__host.a(smp.c.obj)
 .text.smp_pairing_req
                0x000000000000c168      0x39c zephyr/subsys/bluetooth/host/libsubsys__bluetooth__host.a(smp.c.obj)
 .text.sc_send_public_key
                0x000000000000c504       0x44 zephyr/subsys/bluetooth/host/libsubsys__bluetooth__host.a(smp.c.obj)
 .text.smp_public_key
                0x000000000000c548       0xc0 zephyr/subsys/bluetooth/host/libsubsys__bluetooth__host.a(smp.c.obj)
 .text.smp_pairing_complete
                0x000000000000c608       0x6c zephyr/subsys/bluetooth/host/libsubsys__bluetooth__host.a(smp.c.obj)
 .text.bt_smp_dhkey_ready
                0x000000000000c674       0x6c zephyr/subsys/bluetooth/host/libsubsys__bluetooth__host.a(smp.c.obj)
 .text.bt_smp_recv
                0x000000000000c6e0      0x128 zephyr/subsys/bluetooth/host/libsubsys__bluetooth__host.a(smp.c.obj)
 .text.smp_pairing_failed
                0x000000000000c808       0x88 zephyr/subsys/bluetooth/host/libsubsys__bluetooth__host.a(smp.c.obj)
 .text.smp_timeout
                0x000000000000c890       0x5c zephyr/subsys/bluetooth/host/libsubsys__bluetooth__host.a(smp.c.obj)
 .text.smp_signing_info
                0x000000000000c8ec       0x88 zephyr/subsys/bluetooth/host/libsubsys__bluetooth__host.a(smp.c.obj)
 .text.smp_master_ident
                0x000000000000c974       0xb0 zephyr/subsys/bluetooth/host/libsubsys__bluetooth__host.a(smp.c.obj)
 .text.bt_smp_connected
                0x000000000000ca24       0x1c zephyr/subsys/bluetooth/host/libsubsys__bluetooth__host.a(smp.c.obj)
 .text.bt_smp_encrypt_change
                0x000000000000ca40      0x318 zephyr/subsys/bluetooth/host/libsubsys__bluetooth__host.a(smp.c.obj)
 .text.smp_pairing_random
                0x000000000000cd58      0x244 zephyr/subsys/bluetooth/host/libsubsys__bluetooth__host.a(smp.c.obj)
 .text.bt_smp_pkey_ready
                0x000000000000cf9c       0x74 zephyr/subsys/bluetooth/host/libsubsys__bluetooth__host.a(smp.c.obj)
 .text.smp_ident_addr_info
                0x000000000000d010      0x15c zephyr/subsys/bluetooth/host/libsubsys__bluetooth__host.a(smp.c.obj)
 .text.bt_smp_sign_verify
                0x000000000000d16c      0x110 zephyr/subsys/bluetooth/host/libsubsys__bluetooth__host.a(smp.c.obj)
                0x000000000000d16c                bt_smp_sign_verify
 .text.bt_smp_sign
                0x000000000000d27c       0xc0 zephyr/subsys/bluetooth/host/libsubsys__bluetooth__host.a(smp.c.obj)
                0x000000000000d27c                bt_smp_sign
 .text.bt_smp_start_security
                0x000000000000d33c      0x180 zephyr/subsys/bluetooth/host/libsubsys__bluetooth__host.a(smp.c.obj)
                0x000000000000d33c                bt_smp_start_security
 .text.bt_smp_update_keys
                0x000000000000d4bc      0x12c zephyr/subsys/bluetooth/host/libsubsys__bluetooth__host.a(smp.c.obj)
                0x000000000000d4bc                bt_smp_update_keys
 .text.bt_smp_init
                0x000000000000d5e8       0x2c zephyr/subsys/bluetooth/host/libsubsys__bluetooth__host.a(smp.c.obj)
                0x000000000000d5e8                bt_smp_init
 .text.bt_keys_get_addr
                0x000000000000d614       0x88 zephyr/subsys/bluetooth/host/libsubsys__bluetooth__host.a(keys.c.obj)
                0x000000000000d614                bt_keys_get_addr
 .text.bt_foreach_bond
                0x000000000000d69c       0x2c zephyr/subsys/bluetooth/host/libsubsys__bluetooth__host.a(keys.c.obj)
                0x000000000000d69c                bt_foreach_bond
 .text.bt_keys_foreach
                0x000000000000d6c8       0x20 zephyr/subsys/bluetooth/host/libsubsys__bluetooth__host.a(keys.c.obj)
                0x000000000000d6c8                bt_keys_foreach
 .text.keys_commit
                0x000000000000d6e8       0x14 zephyr/subsys/bluetooth/host/libsubsys__bluetooth__host.a(keys.c.obj)
 .text.bt_keys_find
                0x000000000000d6fc       0x30 zephyr/subsys/bluetooth/host/libsubsys__bluetooth__host.a(keys.c.obj)
                0x000000000000d6fc                bt_keys_find
 .text.bt_keys_find_irk
                0x000000000000d72c       0x74 zephyr/subsys/bluetooth/host/libsubsys__bluetooth__host.a(keys.c.obj)
                0x000000000000d72c                bt_keys_find_irk
 .text.bt_keys_find_addr
                0x000000000000d7a0       0x20 zephyr/subsys/bluetooth/host/libsubsys__bluetooth__host.a(keys.c.obj)
                0x000000000000d7a0                bt_keys_find_addr
 .text.bt_keys_clear
                0x000000000000d7c0       0x4c zephyr/subsys/bluetooth/host/libsubsys__bluetooth__host.a(keys.c.obj)
                0x000000000000d7c0                bt_keys_clear
 .text.keys_set
                0x000000000000d80c      0x194 zephyr/subsys/bluetooth/host/libsubsys__bluetooth__host.a(keys.c.obj)
 .text.bt_keys_store
                0x000000000000d9a0       0x70 zephyr/subsys/bluetooth/host/libsubsys__bluetooth__host.a(keys.c.obj)
                0x000000000000d9a0                bt_keys_store
 .text.bt_keys_update_usage
                0x000000000000da10       0x28 zephyr/subsys/bluetooth/host/libsubsys__bluetooth__host.a(keys.c.obj)
                0x000000000000da10                bt_keys_update_usage
 .text.mayfly_init
                0x000000000000da38       0x54 zephyr/subsys/bluetooth/controller/libsubsys__bluetooth__controller.a(mayfly.c.obj)
                0x000000000000da38                mayfly_init
 .text.mayfly_enable
                0x000000000000da8c       0x50 zephyr/subsys/bluetooth/controller/libsubsys__bluetooth__controller.a(mayfly.c.obj)
                0x000000000000da8c                mayfly_enable
 .text.mayfly_enqueue
                0x000000000000dadc       0xa0 zephyr/subsys/bluetooth/controller/libsubsys__bluetooth__controller.a(mayfly.c.obj)
                0x000000000000dadc                mayfly_enqueue
 .text.mayfly_run
                0x000000000000db7c      0x16c zephyr/subsys/bluetooth/controller/libsubsys__bluetooth__controller.a(mayfly.c.obj)
                0x000000000000db7c                mayfly_run
 .text.ticker_job
                0x000000000000dce8      0x63c zephyr/subsys/bluetooth/controller/libsubsys__bluetooth__controller.a(ticker.c.obj)
                0x000000000000dce8                ticker_job
 .text.ticker_init
                0x000000000000e324       0x78 zephyr/subsys/bluetooth/controller/libsubsys__bluetooth__controller.a(ticker.c.obj)
                0x000000000000e324                ticker_init
 .text.ticker_is_initialized
                0x000000000000e39c       0x18 zephyr/subsys/bluetooth/controller/libsubsys__bluetooth__controller.a(ticker.c.obj)
                0x000000000000e39c                ticker_is_initialized
 .text.ticker_trigger
                0x000000000000e3b4       0x24 zephyr/subsys/bluetooth/controller/libsubsys__bluetooth__controller.a(ticker.c.obj)
                0x000000000000e3b4                ticker_trigger
 .text.ticker_start
                0x000000000000e3d8       0x94 zephyr/subsys/bluetooth/controller/libsubsys__bluetooth__controller.a(ticker.c.obj)
                0x000000000000e3d8                ticker_start
 .text.ticker_update
                0x000000000000e46c       0x90 zephyr/subsys/bluetooth/controller/libsubsys__bluetooth__controller.a(ticker.c.obj)
                0x000000000000e46c                ticker_update
 .text.ticker_stop
                0x000000000000e4fc       0x74 zephyr/subsys/bluetooth/controller/libsubsys__bluetooth__controller.a(ticker.c.obj)
                0x000000000000e4fc                ticker_stop
 .text.ll_addr_get
                0x000000000000e570       0x34 zephyr/subsys/bluetooth/controller/libsubsys__bluetooth__controller.a(ll_addr.c.obj)
                0x000000000000e570                ll_addr_get
 .text.ll_addr_set
                0x000000000000e5a4       0x30 zephyr/subsys/bluetooth/controller/libsubsys__bluetooth__controller.a(ll_addr.c.obj)
                0x000000000000e5a4                ll_addr_set
 .text.hci_driver_init
                0x000000000000e5d4       0x10 zephyr/subsys/bluetooth/controller/libsubsys__bluetooth__controller.a(hci_driver.c.obj)
 .text.hci_driver_send
                0x000000000000e5e4       0xb0 zephyr/subsys/bluetooth/controller/libsubsys__bluetooth__controller.a(hci_driver.c.obj)
 .text.recv_thread
                0x000000000000e694       0xb0 zephyr/subsys/bluetooth/controller/libsubsys__bluetooth__controller.a(hci_driver.c.obj)
 .text.prio_recv_thread
                0x000000000000e744       0x68 zephyr/subsys/bluetooth/controller/libsubsys__bluetooth__controller.a(hci_driver.c.obj)
 .text.hci_driver_open
                0x000000000000e7ac       0xb4 zephyr/subsys/bluetooth/controller/libsubsys__bluetooth__controller.a(hci_driver.c.obj)
 .text.cmd_status
                0x000000000000e860       0x38 zephyr/subsys/bluetooth/controller/libsubsys__bluetooth__controller.a(hci.c.obj)
 .text.le_remote_feat_complete
                0x000000000000e898       0x5c zephyr/subsys/bluetooth/controller/libsubsys__bluetooth__controller.a(hci.c.obj)
 .text.encrypt_change
                0x000000000000e8f4       0x40 zephyr/subsys/bluetooth/controller/libsubsys__bluetooth__controller.a(hci.c.obj)
 .text.hci_cmd_complete
                0x000000000000e934       0x48 zephyr/subsys/bluetooth/controller/libsubsys__bluetooth__controller.a(hci.c.obj)
                0x000000000000e934                hci_cmd_complete
 .text.hci_vendor_cmd_handle_common
                0x000000000000e97c      0x224 zephyr/subsys/bluetooth/controller/libsubsys__bluetooth__controller.a(hci.c.obj)
                0x000000000000e97c                hci_vendor_cmd_handle_common
 .text.hci_cmd_handle
                0x000000000000eba0      0x808 zephyr/subsys/bluetooth/controller/libsubsys__bluetooth__controller.a(hci.c.obj)
                0x000000000000eba0                hci_cmd_handle
 .text.hci_acl_handle
                0x000000000000f3a8      0x13c zephyr/subsys/bluetooth/controller/libsubsys__bluetooth__controller.a(hci.c.obj)
                0x000000000000f3a8                hci_acl_handle
 .text.hci_acl_encode
                0x000000000000f4e4       0x7c zephyr/subsys/bluetooth/controller/libsubsys__bluetooth__controller.a(hci.c.obj)
                0x000000000000f4e4                hci_acl_encode
 .text.hci_evt_encode
                0x000000000000f560      0x4d0 zephyr/subsys/bluetooth/controller/libsubsys__bluetooth__controller.a(hci.c.obj)
                0x000000000000f560                hci_evt_encode
 .text.hci_init
                0x000000000000fa30       0x30 zephyr/subsys/bluetooth/controller/libsubsys__bluetooth__controller.a(hci.c.obj)
                0x000000000000fa30                hci_init
 .text.bt_rand  0x000000000000fa60       0x2c zephyr/subsys/bluetooth/controller/libsubsys__bluetooth__controller.a(crypto.c.obj)
                0x000000000000fa60                bt_rand
 .text.ll_rx_link_inc_quota
                0x000000000000fa8c       0x44 zephyr/subsys/bluetooth/controller/libsubsys__bluetooth__controller.a(ull.c.obj)
 .text.rx_alloc
                0x000000000000fad0       0xe0 zephyr/subsys/bluetooth/controller/libsubsys__bluetooth__controller.a(ull.c.obj)
 .text.init_reset
                0x000000000000fbb0      0x118 zephyr/subsys/bluetooth/controller/libsubsys__bluetooth__controller.a(ull.c.obj)
 .text.perform_lll_reset
                0x000000000000fcc8       0x7c zephyr/subsys/bluetooth/controller/libsubsys__bluetooth__controller.a(ull.c.obj)
 .text.tx_cmplt_get
                0x000000000000fd44       0xb0 zephyr/subsys/bluetooth/controller/libsubsys__bluetooth__controller.a(ull.c.obj)
 .text.ll_init  0x000000000000fdf4       0xd0 zephyr/subsys/bluetooth/controller/libsubsys__bluetooth__controller.a(ull.c.obj)
                0x000000000000fdf4                ll_init
 .text.ll_reset
                0x000000000000fec4       0xec zephyr/subsys/bluetooth/controller/libsubsys__bluetooth__controller.a(ull.c.obj)
                0x000000000000fec4                ll_reset
 .text.ll_rx_get
                0x000000000000ffb0       0xb0 zephyr/subsys/bluetooth/controller/libsubsys__bluetooth__controller.a(ull.c.obj)
                0x000000000000ffb0                ll_rx_get
 .text.ll_rx_dequeue
                0x0000000000010060      0x17c zephyr/subsys/bluetooth/controller/libsubsys__bluetooth__controller.a(ull.c.obj)
                0x0000000000010060                ll_rx_dequeue
 .text.ll_rx_mem_release
                0x00000000000101dc      0x138 zephyr/subsys/bluetooth/controller/libsubsys__bluetooth__controller.a(ull.c.obj)
                0x00000000000101dc                ll_rx_mem_release
 .text.ll_rx_link_alloc
                0x0000000000010314        0xc zephyr/subsys/bluetooth/controller/libsubsys__bluetooth__controller.a(ull.c.obj)
                0x0000000000010314                ll_rx_link_alloc
 .text.ll_rx_link_release
                0x0000000000010320        0xc zephyr/subsys/bluetooth/controller/libsubsys__bluetooth__controller.a(ull.c.obj)
                0x0000000000010320                ll_rx_link_release
 .text.ll_rx_alloc
                0x000000000001032c        0xc zephyr/subsys/bluetooth/controller/libsubsys__bluetooth__controller.a(ull.c.obj)
                0x000000000001032c                ll_rx_alloc
 .text.ll_rx_release
                0x0000000000010338        0xc zephyr/subsys/bluetooth/controller/libsubsys__bluetooth__controller.a(ull.c.obj)
                0x0000000000010338                ll_rx_release
 .text.ll_rx_put
                0x0000000000010344       0x14 zephyr/subsys/bluetooth/controller/libsubsys__bluetooth__controller.a(ull.c.obj)
                0x0000000000010344                ll_rx_put
 .text.ll_rx_sched
                0x0000000000010358        0xc zephyr/subsys/bluetooth/controller/libsubsys__bluetooth__controller.a(ull.c.obj)
                0x0000000000010358                ll_rx_sched
 .text.ll_pdu_rx_alloc_peek
                0x0000000000010364       0x30 zephyr/subsys/bluetooth/controller/libsubsys__bluetooth__controller.a(ull.c.obj)
                0x0000000000010364                ll_pdu_rx_alloc_peek
 .text.ll_pdu_rx_alloc
                0x0000000000010394       0x2c zephyr/subsys/bluetooth/controller/libsubsys__bluetooth__controller.a(ull.c.obj)
                0x0000000000010394                ll_pdu_rx_alloc
 .text.ll_tx_ack_put
                0x00000000000103c0       0x5c zephyr/subsys/bluetooth/controller/libsubsys__bluetooth__controller.a(ull.c.obj)
                0x00000000000103c0                ll_tx_ack_put
 .text.ll_radio_state_abort
                0x000000000001041c       0x3c zephyr/subsys/bluetooth/controller/libsubsys__bluetooth__controller.a(ull.c.obj)
                0x000000000001041c                ll_radio_state_abort
 .text.ull_ticker_status_give
                0x0000000000010458        0xc zephyr/subsys/bluetooth/controller/libsubsys__bluetooth__controller.a(ull.c.obj)
                0x0000000000010458                ull_ticker_status_give
 .text.ull_ticker_status_take
                0x0000000000010464       0x18 zephyr/subsys/bluetooth/controller/libsubsys__bluetooth__controller.a(ull.c.obj)
                0x0000000000010464                ull_ticker_status_take
 .text.ull_disable_mark
                0x000000000001047c       0x10 zephyr/subsys/bluetooth/controller/libsubsys__bluetooth__controller.a(ull.c.obj)
                0x000000000001047c                ull_disable_mark
 .text.ull_disable_unmark
                0x000000000001048c       0x1c zephyr/subsys/bluetooth/controller/libsubsys__bluetooth__controller.a(ull.c.obj)
                0x000000000001048c                ull_disable_unmark
 .text.ull_disable_mark_get
                0x00000000000104a8        0xc zephyr/subsys/bluetooth/controller/libsubsys__bluetooth__controller.a(ull.c.obj)
                0x00000000000104a8                ull_disable_mark_get
 .text.ull_update_mark
                0x00000000000104b4       0x10 zephyr/subsys/bluetooth/controller/libsubsys__bluetooth__controller.a(ull.c.obj)
                0x00000000000104b4                ull_update_mark
 .text.ull_update_unmark
                0x00000000000104c4       0x1c zephyr/subsys/bluetooth/controller/libsubsys__bluetooth__controller.a(ull.c.obj)
                0x00000000000104c4                ull_update_unmark
 .text.ull_update_mark_get
                0x00000000000104e0        0xc zephyr/subsys/bluetooth/controller/libsubsys__bluetooth__controller.a(ull.c.obj)
                0x00000000000104e0                ull_update_mark_get
 .text.ull_disable
                0x00000000000104ec       0x78 zephyr/subsys/bluetooth/controller/libsubsys__bluetooth__controller.a(ull.c.obj)
                0x00000000000104ec                ull_disable
 .text.ull_pdu_rx_alloc_peek
                0x0000000000010564       0x30 zephyr/subsys/bluetooth/controller/libsubsys__bluetooth__controller.a(ull.c.obj)
                0x0000000000010564                ull_pdu_rx_alloc_peek
 .text.ull_pdu_rx_alloc
                0x0000000000010594       0x2c zephyr/subsys/bluetooth/controller/libsubsys__bluetooth__controller.a(ull.c.obj)
                0x0000000000010594                ull_pdu_rx_alloc
 .text.ull_rx_put
                0x00000000000105c0       0x20 zephyr/subsys/bluetooth/controller/libsubsys__bluetooth__controller.a(ull.c.obj)
                0x00000000000105c0                ull_rx_put
 .text.ull_rx_sched
                0x00000000000105e0       0x10 zephyr/subsys/bluetooth/controller/libsubsys__bluetooth__controller.a(ull.c.obj)
                0x00000000000105e0                ull_rx_sched
 .text.ull_prepare_enqueue
                0x00000000000105f0       0x64 zephyr/subsys/bluetooth/controller/libsubsys__bluetooth__controller.a(ull.c.obj)
                0x00000000000105f0                ull_prepare_enqueue
 .text.ull_prepare_dequeue_get
                0x0000000000010654       0x1c zephyr/subsys/bluetooth/controller/libsubsys__bluetooth__controller.a(ull.c.obj)
                0x0000000000010654                ull_prepare_dequeue_get
 .text.rx_demux
                0x0000000000010670      0x260 zephyr/subsys/bluetooth/controller/libsubsys__bluetooth__controller.a(ull.c.obj)
 .text.ull_prepare_dequeue_iter
                0x00000000000108d0       0x3c zephyr/subsys/bluetooth/controller/libsubsys__bluetooth__controller.a(ull.c.obj)
                0x00000000000108d0                ull_prepare_dequeue_iter
 .text.ull_event_done_extra_get
                0x000000000001090c       0x20 zephyr/subsys/bluetooth/controller/libsubsys__bluetooth__controller.a(ull.c.obj)
                0x000000000001090c                ull_event_done_extra_get
 .text.ull_event_done
                0x000000000001092c       0x48 zephyr/subsys/bluetooth/controller/libsubsys__bluetooth__controller.a(ull.c.obj)
                0x000000000001092c                ull_event_done
 .text.lll_chan_sel_2
                0x0000000000010974       0xa4 zephyr/subsys/bluetooth/controller/libsubsys__bluetooth__controller.a(lll_chan.c.obj)
                0x0000000000010974                lll_chan_sel_2
 .text.rtc0_nrf5_isr
                0x0000000000010a18       0x28 zephyr/subsys/bluetooth/controller/libsubsys__bluetooth__controller.a(lll.c.obj)
 .text.prepare  0x0000000000010a40      0x124 zephyr/subsys/bluetooth/controller/libsubsys__bluetooth__controller.a(lll.c.obj)
 .text.preempt  0x0000000000010b64      0x104 zephyr/subsys/bluetooth/controller/libsubsys__bluetooth__controller.a(lll.c.obj)
 .text.ticker_start_op_cb
                0x0000000000010c68       0x30 zephyr/subsys/bluetooth/controller/libsubsys__bluetooth__controller.a(lll.c.obj)
 .text.preempt_ticker_cb
                0x0000000000010c98       0x3c zephyr/subsys/bluetooth/controller/libsubsys__bluetooth__controller.a(lll.c.obj)
 .text.lll_init
                0x0000000000010cd4       0x78 zephyr/subsys/bluetooth/controller/libsubsys__bluetooth__controller.a(lll.c.obj)
                0x0000000000010cd4                lll_init
 .text.lll_entropy_get
                0x0000000000010d4c       0x24 zephyr/subsys/bluetooth/controller/libsubsys__bluetooth__controller.a(lll.c.obj)
                0x0000000000010d4c                lll_entropy_get
 .text.lll_resume
                0x0000000000010d70       0x4c zephyr/subsys/bluetooth/controller/libsubsys__bluetooth__controller.a(lll.c.obj)
                0x0000000000010d70                lll_resume
 .text.lll_disable
                0x0000000000010dbc       0x80 zephyr/subsys/bluetooth/controller/libsubsys__bluetooth__controller.a(lll.c.obj)
                0x0000000000010dbc                lll_disable
 .text.lll_done
                0x0000000000010e3c       0x94 zephyr/subsys/bluetooth/controller/libsubsys__bluetooth__controller.a(lll.c.obj)
                0x0000000000010e3c                lll_done
 .text.lll_clk_on
                0x0000000000010ed0       0x10 zephyr/subsys/bluetooth/controller/libsubsys__bluetooth__controller.a(lll.c.obj)
                0x0000000000010ed0                lll_clk_on
 .text.lll_clk_off
                0x0000000000010ee0       0x10 zephyr/subsys/bluetooth/controller/libsubsys__bluetooth__controller.a(lll.c.obj)
                0x0000000000010ee0                lll_clk_off
 .text.lll_chan_set
                0x0000000000010ef0       0x64 zephyr/subsys/bluetooth/controller/libsubsys__bluetooth__controller.a(lll.c.obj)
                0x0000000000010ef0                lll_chan_set
 .text.disabled_cb
                0x0000000000010f54       0x98 zephyr/subsys/bluetooth/controller/libsubsys__bluetooth__controller.a(ull_adv.c.obj)
 .text.ticker_cb
                0x0000000000010fec      0x104 zephyr/subsys/bluetooth/controller/libsubsys__bluetooth__controller.a(ull_adv.c.obj)
 .text.conn_release
                0x00000000000110f0       0x84 zephyr/subsys/bluetooth/controller/libsubsys__bluetooth__controller.a(ull_adv.c.obj)
 .text.ticker_op_stop_cb
                0x0000000000011174       0x9c zephyr/subsys/bluetooth/controller/libsubsys__bluetooth__controller.a(ull_adv.c.obj)
 .text.ticker_op_update_cb
                0x0000000000011210       0x38 zephyr/subsys/bluetooth/controller/libsubsys__bluetooth__controller.a(ull_adv.c.obj)
 .text.ticker_stop_cb
                0x0000000000011248       0x78 zephyr/subsys/bluetooth/controller/libsubsys__bluetooth__controller.a(ull_adv.c.obj)
 .text.ll_adv_params_set
                0x00000000000112c0      0x120 zephyr/subsys/bluetooth/controller/libsubsys__bluetooth__controller.a(ull_adv.c.obj)
                0x00000000000112c0                ll_adv_params_set
 .text.ll_adv_data_set
                0x00000000000113e0       0xb0 zephyr/subsys/bluetooth/controller/libsubsys__bluetooth__controller.a(ull_adv.c.obj)
                0x00000000000113e0                ll_adv_data_set
 .text.ll_adv_scan_rsp_set
                0x0000000000011490       0x84 zephyr/subsys/bluetooth/controller/libsubsys__bluetooth__controller.a(ull_adv.c.obj)
                0x0000000000011490                ll_adv_scan_rsp_set
 .text.ull_adv_handle_get
                0x0000000000011514       0x14 zephyr/subsys/bluetooth/controller/libsubsys__bluetooth__controller.a(ull_adv.c.obj)
                0x0000000000011514                ull_adv_handle_get
 .text.ull_adv_lll_handle_get
                0x0000000000011528       0x14 zephyr/subsys/bluetooth/controller/libsubsys__bluetooth__controller.a(ull_adv.c.obj)
                0x0000000000011528                ull_adv_lll_handle_get
 .text.ull_adv_is_enabled_get
                0x000000000001153c       0x1c zephyr/subsys/bluetooth/controller/libsubsys__bluetooth__controller.a(ull_adv.c.obj)
                0x000000000001153c                ull_adv_is_enabled_get
 .text.disable.constprop.5
                0x0000000000011558      0x124 zephyr/subsys/bluetooth/controller/libsubsys__bluetooth__controller.a(ull_adv.c.obj)
 .text.isr_cleanup
                0x000000000001167c       0x4c zephyr/subsys/bluetooth/controller/libsubsys__bluetooth__controller.a(lll_adv.c.obj)
 .text.isr_tx   0x00000000000116c8       0xa0 zephyr/subsys/bluetooth/controller/libsubsys__bluetooth__controller.a(lll_adv.c.obj)
 .text.is_abort_cb
                0x0000000000011768       0x70 zephyr/subsys/bluetooth/controller/libsubsys__bluetooth__controller.a(lll_adv.c.obj)
 .text.abort_cb
                0x00000000000117d8       0x54 zephyr/subsys/bluetooth/controller/libsubsys__bluetooth__controller.a(lll_adv.c.obj)
 .text.isr_rx   0x000000000001182c      0x2d8 zephyr/subsys/bluetooth/controller/libsubsys__bluetooth__controller.a(lll_adv.c.obj)
 .text.chan_prepare
                0x0000000000011b04      0x104 zephyr/subsys/bluetooth/controller/libsubsys__bluetooth__controller.a(lll_adv.c.obj)
 .text.prepare_cb
                0x0000000000011c08      0x124 zephyr/subsys/bluetooth/controller/libsubsys__bluetooth__controller.a(lll_adv.c.obj)
 .text.lll_adv_prepare
                0x0000000000011d2c       0x70 zephyr/subsys/bluetooth/controller/libsubsys__bluetooth__controller.a(lll_adv.c.obj)
                0x0000000000011d2c                lll_adv_prepare
 .text.pdu_len_cmp
                0x0000000000011d9c       0x3c zephyr/subsys/bluetooth/controller/libsubsys__bluetooth__controller.a(ull_conn.c.obj)
 .text.ticker_update_latency_cancel_op_cb
                0x0000000000011dd8       0x3c zephyr/subsys/bluetooth/controller/libsubsys__bluetooth__controller.a(ull_conn.c.obj)
 .text.init_reset
                0x0000000000011e14       0x74 zephyr/subsys/bluetooth/controller/libsubsys__bluetooth__controller.a(ull_conn.c.obj)
 .text.ticker_start_conn_op_cb
                0x0000000000011e88       0x58 zephyr/subsys/bluetooth/controller/libsubsys__bluetooth__controller.a(ull_conn.c.obj)
 .text.ticker_stop_conn_op_cb
                0x0000000000011ee0       0x58 zephyr/subsys/bluetooth/controller/libsubsys__bluetooth__controller.a(ull_conn.c.obj)
 .text.ticker_update_conn_op_cb
                0x0000000000011f38       0x40 zephyr/subsys/bluetooth/controller/libsubsys__bluetooth__controller.a(ull_conn.c.obj)
 .text.ticker_op_stop_cb
                0x0000000000011f78       0x60 zephyr/subsys/bluetooth/controller/libsubsys__bluetooth__controller.a(ull_conn.c.obj)
 .text.conn_cleanup
                0x0000000000011fd8       0xcc zephyr/subsys/bluetooth/controller/libsubsys__bluetooth__controller.a(ull_conn.c.obj)
 .text.tx_lll_flush
                0x00000000000120a4       0xdc zephyr/subsys/bluetooth/controller/libsubsys__bluetooth__controller.a(ull_conn.c.obj)
 .text.ctrl_tx_pause_enqueue
                0x0000000000012180       0x90 zephyr/subsys/bluetooth/controller/libsubsys__bluetooth__controller.a(ull_conn.c.obj)
 .text.feature_rsp_send.isra.15
                0x0000000000012210       0x8c zephyr/subsys/bluetooth/controller/libsubsys__bluetooth__controller.a(ull_conn.c.obj)
 .text.reject_ext_ind_send.isra.9
                0x000000000001229c       0x44 zephyr/subsys/bluetooth/controller/libsubsys__bluetooth__controller.a(ull_conn.c.obj)
 .text.ll_conn_acquire
                0x00000000000122e0        0xc zephyr/subsys/bluetooth/controller/libsubsys__bluetooth__controller.a(ull_conn.c.obj)
                0x00000000000122e0                ll_conn_acquire
 .text.ll_conn_release
                0x00000000000122ec        0xc zephyr/subsys/bluetooth/controller/libsubsys__bluetooth__controller.a(ull_conn.c.obj)
                0x00000000000122ec                ll_conn_release
 .text.ll_conn_handle_get
                0x00000000000122f8       0x10 zephyr/subsys/bluetooth/controller/libsubsys__bluetooth__controller.a(ull_conn.c.obj)
                0x00000000000122f8                ll_conn_handle_get
 .text.ll_conn_get
                0x0000000000012308       0x10 zephyr/subsys/bluetooth/controller/libsubsys__bluetooth__controller.a(ull_conn.c.obj)
                0x0000000000012308                ll_conn_get
 .text.ll_tx_mem_acquire
                0x0000000000012318        0xc zephyr/subsys/bluetooth/controller/libsubsys__bluetooth__controller.a(ull_conn.c.obj)
                0x0000000000012318                ll_tx_mem_acquire
 .text.ll_tx_mem_release
                0x0000000000012324        0xc zephyr/subsys/bluetooth/controller/libsubsys__bluetooth__controller.a(ull_conn.c.obj)
                0x0000000000012324                ll_tx_mem_release
 .text.ll_tx_mem_enqueue
                0x0000000000012330       0xc8 zephyr/subsys/bluetooth/controller/libsubsys__bluetooth__controller.a(ull_conn.c.obj)
                0x0000000000012330                ll_tx_mem_enqueue
 .text.ll_length_default_get
                0x00000000000123f8       0x18 zephyr/subsys/bluetooth/controller/libsubsys__bluetooth__controller.a(ull_conn.c.obj)
                0x00000000000123f8                ll_length_default_get
 .text.ll_length_default_set
                0x0000000000012410       0x14 zephyr/subsys/bluetooth/controller/libsubsys__bluetooth__controller.a(ull_conn.c.obj)
                0x0000000000012410                ll_length_default_set
 .text.ll_phy_default_set
                0x0000000000012424       0x14 zephyr/subsys/bluetooth/controller/libsubsys__bluetooth__controller.a(ull_conn.c.obj)
                0x0000000000012424                ll_phy_default_set
 .text.ull_conn_init
                0x0000000000012438       0x24 zephyr/subsys/bluetooth/controller/libsubsys__bluetooth__controller.a(ull_conn.c.obj)
                0x0000000000012438                ull_conn_init
 .text.ull_conn_reset
                0x000000000001245c       0xec zephyr/subsys/bluetooth/controller/libsubsys__bluetooth__controller.a(ull_conn.c.obj)
                0x000000000001245c                ull_conn_reset
 .text.ull_conn_default_tx_octets_get
                0x0000000000012548        0xc zephyr/subsys/bluetooth/controller/libsubsys__bluetooth__controller.a(ull_conn.c.obj)
                0x0000000000012548                ull_conn_default_tx_octets_get
 .text.ull_conn_default_tx_time_get
                0x0000000000012554        0xc zephyr/subsys/bluetooth/controller/libsubsys__bluetooth__controller.a(ull_conn.c.obj)
                0x0000000000012554                ull_conn_default_tx_time_get
 .text.ull_conn_default_phy_tx_get
                0x0000000000012560        0xc zephyr/subsys/bluetooth/controller/libsubsys__bluetooth__controller.a(ull_conn.c.obj)
                0x0000000000012560                ull_conn_default_phy_tx_get
 .text.ull_conn_default_phy_rx_get
                0x000000000001256c        0xc zephyr/subsys/bluetooth/controller/libsubsys__bluetooth__controller.a(ull_conn.c.obj)
                0x000000000001256c                ull_conn_default_phy_rx_get
 .text.ull_conn_setup
                0x0000000000012578       0x44 zephyr/subsys/bluetooth/controller/libsubsys__bluetooth__controller.a(ull_conn.c.obj)
                0x0000000000012578                ull_conn_setup
 .text.ull_conn_rx
                0x00000000000125bc     0x1500 zephyr/subsys/bluetooth/controller/libsubsys__bluetooth__controller.a(ull_conn.c.obj)
                0x00000000000125bc                ull_conn_rx
 .text.ull_conn_done
                0x0000000000013abc      0x27c zephyr/subsys/bluetooth/controller/libsubsys__bluetooth__controller.a(ull_conn.c.obj)
                0x0000000000013abc                ull_conn_done
 .text.ull_conn_tx_demux
                0x0000000000013d38       0x8c zephyr/subsys/bluetooth/controller/libsubsys__bluetooth__controller.a(ull_conn.c.obj)
                0x0000000000013d38                ull_conn_tx_demux
 .text.ull_conn_tx_lll_enqueue
                0x0000000000013dc4      0x170 zephyr/subsys/bluetooth/controller/libsubsys__bluetooth__controller.a(ull_conn.c.obj)
                0x0000000000013dc4                ull_conn_tx_lll_enqueue
 .text.ull_conn_link_tx_release
                0x0000000000013f34        0xc zephyr/subsys/bluetooth/controller/libsubsys__bluetooth__controller.a(ull_conn.c.obj)
                0x0000000000013f34                ull_conn_link_tx_release
 .text.ull_conn_ack_last_idx_get
                0x0000000000013f40        0xc zephyr/subsys/bluetooth/controller/libsubsys__bluetooth__controller.a(ull_conn.c.obj)
                0x0000000000013f40                ull_conn_ack_last_idx_get
 .text.ull_conn_ack_peek
                0x0000000000013f4c       0x30 zephyr/subsys/bluetooth/controller/libsubsys__bluetooth__controller.a(ull_conn.c.obj)
                0x0000000000013f4c                ull_conn_ack_peek
 .text.ull_conn_ack_by_last_peek
                0x0000000000013f7c       0x2c zephyr/subsys/bluetooth/controller/libsubsys__bluetooth__controller.a(ull_conn.c.obj)
                0x0000000000013f7c                ull_conn_ack_by_last_peek
 .text.ull_conn_ack_dequeue
                0x0000000000013fa8       0x2c zephyr/subsys/bluetooth/controller/libsubsys__bluetooth__controller.a(ull_conn.c.obj)
                0x0000000000013fa8                ull_conn_ack_dequeue
 .text.ull_conn_lll_ack_enqueue
                0x0000000000013fd4       0x5c zephyr/subsys/bluetooth/controller/libsubsys__bluetooth__controller.a(ull_conn.c.obj)
                0x0000000000013fd4                ull_conn_lll_ack_enqueue
 .text.ull_conn_tx_ack
                0x0000000000014030      0x2bc zephyr/subsys/bluetooth/controller/libsubsys__bluetooth__controller.a(ull_conn.c.obj)
                0x0000000000014030                ull_conn_tx_ack
 .text.lll_clock_wait
                0x00000000000142ec       0x64 zephyr/subsys/bluetooth/controller/libsubsys__bluetooth__controller.a(lll_clock.c.obj)
                0x00000000000142ec                lll_clock_wait
 .text.isr_cleanup
                0x0000000000014350       0x4c zephyr/subsys/bluetooth/controller/libsubsys__bluetooth__controller.a(lll_conn.c.obj)
 .text.isr_done
                0x000000000001439c       0xb0 zephyr/subsys/bluetooth/controller/libsubsys__bluetooth__controller.a(lll_conn.c.obj)
 .text.lll_conn_ppm_get
                0x000000000001444c        0xc zephyr/subsys/bluetooth/controller/libsubsys__bluetooth__controller.a(lll_conn.c.obj)
                0x000000000001444c                lll_conn_ppm_get
 .text.lll_conn_prepare_reset
                0x0000000000014458       0x24 zephyr/subsys/bluetooth/controller/libsubsys__bluetooth__controller.a(lll_conn.c.obj)
                0x0000000000014458                lll_conn_prepare_reset
 .text.lll_conn_abort_cb
                0x000000000001447c       0x50 zephyr/subsys/bluetooth/controller/libsubsys__bluetooth__controller.a(lll_conn.c.obj)
                0x000000000001447c                lll_conn_abort_cb
 .text.lll_conn_rx_pkt_set
                0x00000000000144cc       0x84 zephyr/subsys/bluetooth/controller/libsubsys__bluetooth__controller.a(lll_conn.c.obj)
                0x00000000000144cc                lll_conn_rx_pkt_set
 .text.lll_conn_isr_tx
                0x0000000000014550       0xbc zephyr/subsys/bluetooth/controller/libsubsys__bluetooth__controller.a(lll_conn.c.obj)
                0x0000000000014550                lll_conn_isr_tx
 .text.lll_conn_isr_rx
                0x000000000001460c      0x37c zephyr/subsys/bluetooth/controller/libsubsys__bluetooth__controller.a(lll_conn.c.obj)
                0x000000000001460c                lll_conn_isr_rx
 .text.ticker_op_cb
                0x0000000000014988       0x2c zephyr/subsys/bluetooth/controller/libsubsys__bluetooth__controller.a(ull_slave.c.obj)
 .text.ticker_op_stop_adv_cb
                0x00000000000149b4       0x38 zephyr/subsys/bluetooth/controller/libsubsys__bluetooth__controller.a(ull_slave.c.obj)
 .text.ull_slave_ticker_cb
                0x00000000000149ec       0xa0 zephyr/subsys/bluetooth/controller/libsubsys__bluetooth__controller.a(ull_slave.c.obj)
                0x00000000000149ec                ull_slave_ticker_cb
 .text.prepare_cb
                0x0000000000014a8c      0x1c0 zephyr/subsys/bluetooth/controller/libsubsys__bluetooth__controller.a(lll_slave.c.obj)
 .text.lll_slave_prepare
                0x0000000000014c4c       0x70 zephyr/subsys/bluetooth/controller/libsubsys__bluetooth__controller.a(lll_slave.c.obj)
                0x0000000000014c4c                lll_slave_prepare
 .text.wl_find  0x0000000000014cbc       0x68 zephyr/subsys/bluetooth/controller/libsubsys__bluetooth__controller.a(ull_filter.c.obj)
 .text.ll_wl_clear
                0x0000000000014d24       0x70 zephyr/subsys/bluetooth/controller/libsubsys__bluetooth__controller.a(ull_filter.c.obj)
                0x0000000000014d24                ll_wl_clear
 .text.ll_wl_remove
                0x0000000000014d94       0x68 zephyr/subsys/bluetooth/controller/libsubsys__bluetooth__controller.a(ull_filter.c.obj)
                0x0000000000014d94                ll_wl_remove
 .text.ll_rl_id_addr_get
                0x0000000000014dfc       0x80 zephyr/subsys/bluetooth/controller/libsubsys__bluetooth__controller.a(ull_filter.c.obj)
                0x0000000000014dfc                ll_rl_id_addr_get
 .text.ll_rl_clear
                0x0000000000014e7c       0x7c zephyr/subsys/bluetooth/controller/libsubsys__bluetooth__controller.a(ull_filter.c.obj)
                0x0000000000014e7c                ll_rl_clear
 .text.ll_rl_enable
                0x0000000000014ef8       0x30 zephyr/subsys/bluetooth/controller/libsubsys__bluetooth__controller.a(ull_filter.c.obj)
                0x0000000000014ef8                ll_rl_enable
 .text.ll_rl_timeout_set
                0x0000000000014f28       0x10 zephyr/subsys/bluetooth/controller/libsubsys__bluetooth__controller.a(ull_filter.c.obj)
                0x0000000000014f28                ll_rl_timeout_set
 .text.ull_filter_adv_scan_state_cb
                0x0000000000014f38       0x20 zephyr/subsys/bluetooth/controller/libsubsys__bluetooth__controller.a(ull_filter.c.obj)
                0x0000000000014f38                ull_filter_adv_scan_state_cb
 .text.ull_filter_adv_update
                0x0000000000014f58       0x18 zephyr/subsys/bluetooth/controller/libsubsys__bluetooth__controller.a(ull_filter.c.obj)
                0x0000000000014f58                ull_filter_adv_update
 .text.ull_filter_adv_pdu_update
                0x0000000000014f70       0xd4 zephyr/subsys/bluetooth/controller/libsubsys__bluetooth__controller.a(ull_filter.c.obj)
                0x0000000000014f70                ull_filter_adv_pdu_update
 .text.ull_filter_rl_find
                0x0000000000015044       0x6c zephyr/subsys/bluetooth/controller/libsubsys__bluetooth__controller.a(ull_filter.c.obj)
                0x0000000000015044                ull_filter_rl_find
 .text.ll_wl_add
                0x00000000000150b0       0xac zephyr/subsys/bluetooth/controller/libsubsys__bluetooth__controller.a(ull_filter.c.obj)