Archive member included to satisfy reference by file (symbol)

app/libapp.a(main.c.obj)      (--whole-archive)
zephyr/libzephyr.a(crc32_sw.c.obj)
                              (--whole-archive)
zephyr/libzephyr.a(crc16_sw.c.obj)
                              (--whole-archive)
zephyr/libzephyr.a(crc8_sw.c.obj)
                              (--whole-archive)
zephyr/libzephyr.a(crc7_sw.c.obj)
                              (--whole-archive)
zephyr/libzephyr.a(dec.c.obj)
                              (--whole-archive)
zephyr/libzephyr.a(fdtable.c.obj)
                              (--whole-archive)
zephyr/libzephyr.a(hex.c.obj)
                              (--whole-archive)
zephyr/libzephyr.a(mempool.c.obj)
                              (--whole-archive)
zephyr/libzephyr.a(printk.c.obj)
                              (--whole-archive)
zephyr/libzephyr.a(rb.c.obj)  (--whole-archive)
zephyr/libzephyr.a(sem.c.obj)
                              (--whole-archive)
zephyr/libzephyr.a(thread_entry.c.obj)
                              (--whole-archive)
zephyr/libzephyr.a(timeutil.c.obj)
                              (--whole-archive)
zephyr/libzephyr.a(work_q.c.obj)
                              (--whole-archive)
zephyr/libzephyr.a(configs.c.obj)
                              (--whole-archive)
zephyr/libzephyr.a(validate_base_addresses.c.obj)
                              (--whole-archive)
zephyr/libzephyr.a(power.c.obj)
                              (--whole-archive)
zephyr/libzephyr.a(policy_residency.c.obj)
                              (--whole-archive)
zephyr/libzephyr.a(nrf_power_clock.c.obj)
                              (--whole-archive)
zephyr/libzephyr.a(sys_clock_init.c.obj)
                              (--whole-archive)
zephyr/libzephyr.a(nrf_rtc_timer.c.obj)
                              (--whole-archive)
zephyr/arch/common/libarch__common.a(isr_tables.c.obj)
                              (--whole-archive)
zephyr/arch/common/libarch__common.a(sw_isr_common.c.obj)
                              (--whole-archive)
zephyr/arch/arch/arm/core/aarch32/libarch__arm__core__aarch32.a(exc_exit.S.obj)
                              (--whole-archive)
zephyr/arch/arch/arm/core/aarch32/libarch__arm__core__aarch32.a(swap.c.obj)
                              (--whole-archive)
zephyr/arch/arch/arm/core/aarch32/libarch__arm__core__aarch32.a(swap_helper.S.obj)
                              (--whole-archive)
zephyr/arch/arch/arm/core/aarch32/libarch__arm__core__aarch32.a(irq_manage.c.obj)
                              (--whole-archive)
zephyr/arch/arch/arm/core/aarch32/libarch__arm__core__aarch32.a(thread.c.obj)
                              (--whole-archive)
zephyr/arch/arch/arm/core/aarch32/libarch__arm__core__aarch32.a(cpu_idle.S.obj)
                              (--whole-archive)
zephyr/arch/arch/arm/core/aarch32/libarch__arm__core__aarch32.a(fault_s.S.obj)
                              (--whole-archive)
zephyr/arch/arch/arm/core/aarch32/libarch__arm__core__aarch32.a(fatal.c.obj)
                              (--whole-archive)
zephyr/arch/arch/arm/core/aarch32/libarch__arm__core__aarch32.a(nmi.c.obj)
                              (--whole-archive)
zephyr/arch/arch/arm/core/aarch32/libarch__arm__core__aarch32.a(nmi_on_reset.S.obj)
                              (--whole-archive)
zephyr/arch/arch/arm/core/aarch32/libarch__arm__core__aarch32.a(prep_c.c.obj)
                              (--whole-archive)
zephyr/arch/arch/arm/core/aarch32/libarch__arm__core__aarch32.a(isr_wrapper.S.obj)
                              (--whole-archive)
zephyr/arch/arch/arm/core/aarch32/cortex_m/libarch__arm__core__aarch32__cortex_m.a(vector_table.S.obj)
                              (--whole-archive)
zephyr/arch/arch/arm/core/aarch32/cortex_m/libarch__arm__core__aarch32__cortex_m.a(reset.S.obj)
                              (--whole-archive)
zephyr/arch/arch/arm/core/aarch32/cortex_m/libarch__arm__core__aarch32__cortex_m.a(fault.c.obj)
                              (--whole-archive)
zephyr/arch/arch/arm/core/aarch32/cortex_m/libarch__arm__core__aarch32__cortex_m.a(scb.c.obj)
                              (--whole-archive)
zephyr/arch/arch/arm/core/aarch32/cortex_m/libarch__arm__core__aarch32__cortex_m.a(irq_init.c.obj)
                              (--whole-archive)
zephyr/arch/arch/arm/core/aarch32/cortex_m/libarch__arm__core__aarch32__cortex_m.a(thread_abort.c.obj)
                              (--whole-archive)
zephyr/arch/arch/arm/core/aarch32/cortex_m/mpu/libarch__arm__core__aarch32__cortex_m__mpu.a(arm_core_mpu.c.obj)
                              (--whole-archive)
zephyr/arch/arch/arm/core/aarch32/cortex_m/mpu/libarch__arm__core__aarch32__cortex_m__mpu.a(arm_mpu.c.obj)
                              (--whole-archive)
zephyr/lib/libc/minimal/liblib__libc__minimal.a(atoi.c.obj)
                              (--whole-archive)
zephyr/lib/libc/minimal/liblib__libc__minimal.a(strtol.c.obj)
                              (--whole-archive)
[...]
Memory Configuration

Name             Origin             Length             Attributes
FLASH            0x0000000000000000 0x0000000000080000 xr
SRAM             0x0000000020000000 0x0000000000010000 xw
IDT_LIST         0x0000000020010000 0x0000000000000800 xw
*default*        0x0000000000000000 0xffffffffffffffff

Linker script and memory map

LOAD zephyr/CMakeFiles/zephyr_final.dir/misc/empty_file.c.obj
LOAD zephyr/CMakeFiles/zephyr_final.dir/isr_tables.c.obj
                0x0000000000000020                _region_min_align = 0x20

.rel.plt        0x0000000000000000        0x0
 *(SORT_BY_ALIGNMENT(.rel.plt))
                [!provide]                        PROVIDE (__rel_iplt_start = .)
 *(SORT_BY_ALIGNMENT(.rel.iplt))
 .rel.iplt      0x0000000000000000        0x0 zephyr/CMakeFiles/zephyr_final.dir/isr_tables.c.obj
                [!provide]                        PROVIDE (__rel_iplt_end = .)

.rela.plt       0x0000000000000000        0x0
 *(SORT_BY_ALIGNMENT(.rela.plt))
                [!provide]                        PROVIDE (__rela_iplt_start = .)
 *(SORT_BY_ALIGNMENT(.rela.iplt))
                [!provide]                        PROVIDE (__rela_iplt_end = .)

.rel.dyn
 *(SORT_BY_ALIGNMENT(.rel.*))

.rela.dyn
 *(SORT_BY_ALIGNMENT(.rela.*))

/DISCARD/
 *(SORT_BY_ALIGNMENT(.plt))
 *(SORT_BY_ALIGNMENT(.iplt))
 *(SORT_BY_ALIGNMENT(.got.plt))
 *(SORT_BY_ALIGNMENT(.igot.plt))
 *(SORT_BY_ALIGNMENT(.got))
 *(SORT_BY_ALIGNMENT(.igot))
 *(SORT_BY_ALIGNMENT(.irq_info))
 *(SORT_BY_ALIGNMENT(.intList))
 *(SORT_BY_ALIGNMENT(.note.GNU-stack))
                0x0000000000000000                _image_rom_start = 0x0

text            0x0000000000000000       0xdc
                0x0000000000000000                . = 0x0
                0x0000000000000000                . = ALIGN (0x4)
                0x0000000000000000                _vector_start = .
 *(SORT_BY_ALIGNMENT(.exc_vector_table))
 *(SORT_BY_ALIGNMENT(.exc_vector_table.*))
 .exc_vector_table._vector_table_section
                0x0000000000000000       0x40 zephyr/arch/arch/arm/core/aarch32/cortex_m/libarch__arm__core__aarch32__cortex_m.a(vector_table.S.obj)
                0x0000000000000000                _vector_table
 *(SORT_BY_ALIGNMENT(.gnu.linkonce.irq_vector_table))
 .gnu.linkonce.irq_vector_table
                0x0000000000000040       0x9c zephyr/CMakeFiles/zephyr_final.dir/isr_tables.c.obj
                0x0000000000000040                _irq_vector_table
 *(SORT_BY_ALIGNMENT(.vectors))
 *(SORT_BY_ALIGNMENT(.openocd_dbg))
 *(SORT_BY_ALIGNMENT(.openocd_dbg.*))
                0x00000000000000dc                _vector_end = .

_TEXT_SECTION_NAME_2
                0x00000000000000dc     0x305c
                0x00000000000000dc                _image_text_start = .
 *(SORT_BY_ALIGNMENT(.text))
 .text          0x00000000000000dc       0x30 /root/zephyr-sdk-0.10.3/arm-zephyr-eabi/bin/../lib/gcc/arm-zephyr-eabi/8.3.0/thumb/v7e-m/nofp/libgcc.a(_aeabi_uldivmod.o)
                0x00000000000000dc                __aeabi_uldivmod
 .text          0x000000000000010c        0x4 /root/zephyr-sdk-0.10.3/arm-zephyr-eabi/bin/../lib/gcc/arm-zephyr-eabi/8.3.0/thumb/v7e-m/nofp/libgcc.a(_dvmd_tls.o)
                0x000000000000010c                __aeabi_ldiv0
                0x000000000000010c                __aeabi_idiv0
 .text          0x0000000000000110      0x2b4 /root/zephyr-sdk-0.10.3/arm-zephyr-eabi/bin/../lib/gcc/arm-zephyr-eabi/8.3.0/thumb/v7e-m/nofp/libgcc.a(_udivmoddi4.o)
                0x0000000000000110                __udivmoddi4
 *(SORT_BY_ALIGNMENT(.text.*))
 .text.touched  0x00000000000003c4       0x34 app/libapp.a(main.c.obj)
                0x00000000000003c4                touched
 .text.main     0x00000000000003f8       0x94 app/libapp.a(main.c.obj)
                0x00000000000003f8                main
 .text.char_out
                0x000000000000048c       0x10 zephyr/libzephyr.a(printk.c.obj)
 .text._printk_dec_ulong
                0x000000000000049c       0x98 zephyr/libzephyr.a(printk.c.obj)
 .text.vprintk  0x0000000000000534       0x1c zephyr/libzephyr.a(printk.c.obj)
                0x0000000000000534                vprintk
 .text.nrf_power_clock_isr
                0x0000000000000550       0x68 zephyr/libzephyr.a(nrf_power_clock.c.obj)
                0x0000000000000550                nrf_power_clock_isr
 .text.rtc1_nrf_isr
                0x00000000000005b8       0x40 zephyr/libzephyr.a(nrf_rtc_timer.c.obj)
                0x00000000000005b8                rtc1_nrf_isr
 .text.z_clock_driver_init
                0x00000000000005f8       0x84 zephyr/libzephyr.a(nrf_rtc_timer.c.obj)
                0x00000000000005f8                z_clock_driver_init
 .text.z_clock_set_timeout
                0x000000000000067c       0xac zephyr/libzephyr.a(nrf_rtc_timer.c.obj)
                0x000000000000067c                z_clock_set_timeout
 .text.z_clock_elapsed
                0x0000000000000728       0x34 zephyr/libzephyr.a(nrf_rtc_timer.c.obj)
                0x0000000000000728                z_clock_elapsed
 .text.z_timer_cycle_get_32
                0x000000000000075c       0x34 zephyr/libzephyr.a(nrf_rtc_timer.c.obj)
                0x000000000000075c                z_timer_cycle_get_32
 .text._HandlerModeExit
                0x0000000000000790       0x1c zephyr/arch/arch/arm/core/aarch32/libarch__arm__core__aarch32.a(exc_exit.S.obj)
                0x0000000000000790                z_arm_exc_exit
                0x0000000000000790                z_arm_int_exit
 .text.arch_swap
                0x00000000000007ac       0x34 zephyr/arch/arch/arm/core/aarch32/libarch__arm__core__aarch32.a(swap.c.obj)
                0x00000000000007ac                arch_swap
 .text.z_arm_pendsv
                0x00000000000007e0       0x54 zephyr/arch/arch/arm/core/aarch32/libarch__arm__core__aarch32.a(swap_helper.S.obj)
                0x00000000000007e0                z_arm_pendsv
 .text.z_arm_svc
                0x0000000000000834       0x20 zephyr/arch/arch/arm/core/aarch32/libarch__arm__core__aarch32.a(swap_helper.S.obj)
                0x0000000000000834                z_arm_svc
 .text.arch_irq_enable
                0x0000000000000854       0x20 zephyr/arch/arch/arm/core/aarch32/libarch__arm__core__aarch32.a(irq_manage.c.obj)
                0x0000000000000854                arch_irq_enable
 .text.z_arm_irq_priority_set
                0x0000000000000874       0x30 zephyr/arch/arch/arm/core/aarch32/libarch__arm__core__aarch32.a(irq_manage.c.obj)
                0x0000000000000874                z_arm_irq_priority_set
 .text.arch_new_thread
                0x00000000000008a4       0x44 zephyr/arch/arch/arm/core/aarch32/libarch__arm__core__aarch32.a(thread.c.obj)
                0x00000000000008a4                arch_new_thread
 .text.arch_switch_to_main_thread
                0x00000000000008e8       0x3c zephyr/arch/arch/arm/core/aarch32/libarch__arm__core__aarch32.a(thread.c.obj)
                0x00000000000008e8                arch_switch_to_main_thread
 .text.z_arm_cpu_idle_init
                0x0000000000000924        0xc zephyr/arch/arch/arm/core/aarch32/libarch__arm__core__aarch32.a(cpu_idle.S.obj)
                0x0000000000000924                z_arm_cpu_idle_init
 .text.arch_cpu_idle
                0x0000000000000930        0xc zephyr/arch/arch/arm/core/aarch32/libarch__arm__core__aarch32.a(cpu_idle.S.obj)
                0x0000000000000930                arch_cpu_idle
 .text.__fault  0x000000000000093c       0x14 zephyr/arch/arch/arm/core/aarch32/libarch__arm__core__aarch32.a(fault_s.S.obj)
                0x000000000000093c                z_arm_bus_fault
                0x000000000000093c                z_arm_usage_fault
                0x000000000000093c                z_arm_mpu_fault
                0x000000000000093c                z_arm_reserved
                0x000000000000093c                z_arm_debug_monitor
                0x000000000000093c                z_arm_hard_fault
 .text.z_SysNmiOnReset
                0x0000000000000950        0x8 zephyr/arch/arch/arm/core/aarch32/libarch__arm__core__aarch32.a(nmi_on_reset.S.obj)
                0x0000000000000950                z_SysNmiOnReset
 .text.z_arm_prep_c
                0x0000000000000958       0x2c zephyr/arch/arch/arm/core/aarch32/libarch__arm__core__aarch32.a(prep_c.c.obj)
                0x0000000000000958                z_arm_prep_c
 .text._isr_wrapper
                0x0000000000000984       0x40 zephyr/arch/arch/arm/core/aarch32/libarch__arm__core__aarch32.a(isr_wrapper.S.obj)
                0x0000000000000984                _isr_wrapper
 .text._reset_section
                0x00000000000009c4       0x30 zephyr/arch/arch/arm/core/aarch32/cortex_m/libarch__arm__core__aarch32__cortex_m.a(reset.S.obj)
                0x00000000000009c4                z_arm_reset
                0x00000000000009c4                __start
 .text.mem_manage_fault.isra.2
                0x00000000000009f4       0x38 zephyr/arch/arch/arm/core/aarch32/cortex_m/libarch__arm__core__aarch32__cortex_m.a(fault.c.obj)
 .text.bus_fault.isra.3
                0x0000000000000a2c       0x3c zephyr/arch/arch/arm/core/aarch32/cortex_m/libarch__arm__core__aarch32__cortex_m.a(fault.c.obj)
 .text.usage_fault.isra.4
                0x0000000000000a68       0x24 zephyr/arch/arch/arm/core/aarch32/cortex_m/libarch__arm__core__aarch32__cortex_m.a(fault.c.obj)
 .text.z_arm_fault
                0x0000000000000a8c       0xe8 zephyr/arch/arch/arm/core/aarch32/cortex_m/libarch__arm__core__aarch32__cortex_m.a(fault.c.obj)
                0x0000000000000a8c                z_arm_fault
 .text.z_arm_fault_init
                0x0000000000000b74       0x10 zephyr/arch/arch/arm/core/aarch32/cortex_m/libarch__arm__core__aarch32__cortex_m.a(fault.c.obj)
                0x0000000000000b74                z_arm_fault_init
 .text.z_arm_int_lib_init
                0x0000000000000b84       0x18 zephyr/arch/arch/arm/core/aarch32/cortex_m/libarch__arm__core__aarch32__cortex_m.a(irq_init.c.obj)
                0x0000000000000b84                z_arm_int_lib_init
 .text.z_impl_k_thread_abort
                0x0000000000000b9c       0x4c zephyr/arch/arch/arm/core/aarch32/cortex_m/libarch__arm__core__aarch32__cortex_m.a(thread_abort.c.obj)
                0x0000000000000b9c                z_impl_k_thread_abort
 .text.z_arm_configure_static_mpu_regions
                0x0000000000000be8       0x38 zephyr/arch/arch/arm/core/aarch32/cortex_m/mpu/libarch__arm__core__aarch32__cortex_m__mpu.a(arm_core_mpu.c.obj)
                0x0000000000000be8                z_arm_configure_static_mpu_regions
 .text.mpu_configure_regions
                0x0000000000000c20       0x88 zephyr/arch/arch/arm/core/aarch32/cortex_m/mpu/libarch__arm__core__aarch32__cortex_m__mpu.a(arm_mpu.c.obj)
 .text.arm_core_mpu_enable
                0x0000000000000ca8       0x14 zephyr/arch/arch/arm/core/aarch32/cortex_m/mpu/libarch__arm__core__aarch32__cortex_m__mpu.a(arm_mpu.c.obj)
                0x0000000000000ca8                arm_core_mpu_enable
 .text.arm_core_mpu_disable
                0x0000000000000cbc       0x10 zephyr/arch/arch/arm/core/aarch32/cortex_m/mpu/libarch__arm__core__aarch32__cortex_m__mpu.a(arm_mpu.c.obj)
                0x0000000000000cbc                arm_core_mpu_disable
 .text.arm_mpu_init
                0x0000000000000ccc       0x5c zephyr/arch/arch/arm/core/aarch32/cortex_m/mpu/libarch__arm__core__aarch32__cortex_m__mpu.a(arm_mpu.c.obj)
 .text.arm_core_mpu_configure_static_mpu_regions
                0x0000000000000d28       0x14 zephyr/arch/arch/arm/core/aarch32/cortex_m/mpu/libarch__arm__core__aarch32__cortex_m__mpu.a(arm_mpu.c.obj)
                0x0000000000000d28                arm_core_mpu_configure_static_mpu_regions
 .text.arm_core_mpu_configure_dynamic_mpu_regions
                0x0000000000000d3c       0x2c zephyr/arch/arch/arm/core/aarch32/cortex_m/mpu/libarch__arm__core__aarch32__cortex_m__mpu.a(arm_mpu.c.obj)
                0x0000000000000d3c                arm_core_mpu_configure_dynamic_mpu_regions
 .text.nordicsemi_nrf52_init
                0x0000000000000d68       0x30 zephyr/soc/arm/nordic_nrf/nrf52/libsoc__arm__nordic_nrf__nrf52.a(soc.c.obj)
 .text.gpio_nrfx_init
                0x0000000000000d98       0x30 zephyr/drivers/gpio/libdrivers__gpio.a(gpio_nrfx.c.obj)
 .text.gpiote_pin_int_cfg
                0x0000000000000dc8      0x160 zephyr/drivers/gpio/libdrivers__gpio.a(gpio_nrfx.c.obj)
 .text.gpiote_event_handler
                0x0000000000000f28      0x160 zephyr/drivers/gpio/libdrivers__gpio.a(gpio_nrfx.c.obj)
 .text.twi_1_init
                0x0000000000001088       0x34 zephyr/drivers/i2c/libdrivers__i2c.a(i2c_nrfx_twi.c.obj)
 .text.i2c_nrfx_twi_transfer
                0x00000000000010bc       0xd4 zephyr/drivers/i2c/libdrivers__i2c.a(i2c_nrfx_twi.c.obj)
 .text.event_handler
                0x0000000000001190       0x38 zephyr/drivers/i2c/libdrivers__i2c.a(i2c_nrfx_twi.c.obj)
 .text.errata_12
                0x00000000000011c8       0x1c modules/nordic/lib..__modules__hal__nordic.a(system_nrf52.c.obj)
 .text.errata_16
                0x00000000000011e4       0x2c modules/nordic/lib..__modules__hal__nordic.a(system_nrf52.c.obj)
 .text.SystemInit
                0x0000000000001210      0x254 modules/nordic/lib..__modules__hal__nordic.a(system_nrf52.c.obj)
                0x0000000000001210                SystemInit
 .text.twi_rx_start_transfer
                0x0000000000001464       0xe8 modules/nordic/lib..__modules__hal__nordic.a(nrfx_twi.c.obj)
 .text.twi_tx_start_transfer
                0x000000000000154c       0xd8 modules/nordic/lib..__modules__hal__nordic.a(nrfx_twi.c.obj)
 .text.nrfx_twi_init
                0x0000000000001624       0x88 modules/nordic/lib..__modules__hal__nordic.a(nrfx_twi.c.obj)
                0x0000000000001624                nrfx_twi_init
 .text.nrfx_twi_enable
                0x00000000000016ac       0x20 modules/nordic/lib..__modules__hal__nordic.a(nrfx_twi.c.obj)
                0x00000000000016ac                nrfx_twi_enable
 .text.nrfx_twi_disable
                0x00000000000016cc       0x34 modules/nordic/lib..__modules__hal__nordic.a(nrfx_twi.c.obj)
                0x00000000000016cc                nrfx_twi_disable
 .text.nrfx_twi_xfer
                0x0000000000001700       0xe0 modules/nordic/lib..__modules__hal__nordic.a(nrfx_twi.c.obj)
                0x0000000000001700                nrfx_twi_xfer
 .text.nrfx_twi_1_irq_handler
                0x00000000000017e0       0xb0 modules/nordic/lib..__modules__hal__nordic.a(nrfx_twi.c.obj)
                0x00000000000017e0                nrfx_twi_1_irq_handler
 .text.z_sys_device_do_config_level
                0x0000000000001890       0x2c zephyr/kernel/libkernel.a(device.c.obj)
                0x0000000000001890                z_sys_device_do_config_level
 .text.z_impl_device_get_binding
                0x00000000000018bc       0x4c zephyr/kernel/libkernel.a(device.c.obj)
                0x00000000000018bc                z_impl_device_get_binding
 .text.idle     0x0000000000001908       0x34 zephyr/kernel/libkernel.a(idle.c.obj)
                0x0000000000001908                idle
 .text.z_bss_zero
                0x000000000000193c       0x14 zephyr/kernel/libkernel.a(init.c.obj)
                0x000000000000193c                z_bss_zero
 .text.z_data_copy
                0x0000000000001950       0x34 zephyr/kernel/libkernel.a(init.c.obj)
                0x0000000000001950                z_data_copy
 .text.bg_thread_main
                0x0000000000001984       0x30 zephyr/kernel/libkernel.a(init.c.obj)
 .text.z_cstart
                0x00000000000019b4      0x10c zephyr/kernel/libkernel.a(init.c.obj)
                0x00000000000019b4                z_cstart
 .text.z_reset_time_slice
                0x0000000000001ac0       0x2c zephyr/kernel/libkernel.a(sched.c.obj)
                0x0000000000001ac0                z_reset_time_slice
 .text.k_sched_time_slice_set
                0x0000000000001aec       0x58 zephyr/kernel/libkernel.a(sched.c.obj)
                0x0000000000001aec                k_sched_time_slice_set
 .text.k_sched_lock
                0x0000000000001b44       0x28 zephyr/kernel/libkernel.a(sched.c.obj)
                0x0000000000001b44                k_sched_lock
 .text.z_priq_dumb_remove
                0x0000000000001b6c       0x2c zephyr/kernel/libkernel.a(sched.c.obj)
                0x0000000000001b6c                z_priq_dumb_remove
 .text.update_cache
                0x0000000000001b98       0x3c zephyr/kernel/libkernel.a(sched.c.obj)
 .text.k_sched_unlock
                0x0000000000001bd4       0x38 zephyr/kernel/libkernel.a(sched.c.obj)
                0x0000000000001bd4                k_sched_unlock
 .text.z_add_thread_to_ready_q
                0x0000000000001c0c       0x6c zephyr/kernel/libkernel.a(sched.c.obj)
                0x0000000000001c0c                z_add_thread_to_ready_q
 .text.z_move_thread_to_end_of_prio_q
                0x0000000000001c78       0x84 zephyr/kernel/libkernel.a(sched.c.obj)
                0x0000000000001c78                z_move_thread_to_end_of_prio_q
 .text.z_time_slice
                0x0000000000001cfc       0x6c zephyr/kernel/libkernel.a(sched.c.obj)
                0x0000000000001cfc                z_time_slice
 .text.z_thread_single_suspend
                0x0000000000001d68       0x68 zephyr/kernel/libkernel.a(sched.c.obj)
                0x0000000000001d68                z_thread_single_suspend
 .text.z_thread_single_abort
                0x0000000000001dd0       0x84 zephyr/kernel/libkernel.a(sched.c.obj)
                0x0000000000001dd0                z_thread_single_abort
 .text.z_remove_thread_from_ready_q
                0x0000000000001e54       0x4c zephyr/kernel/libkernel.a(sched.c.obj)
                0x0000000000001e54                z_remove_thread_from_ready_q
 .text.pend     0x0000000000001ea0       0x88 zephyr/kernel/libkernel.a(sched.c.obj)
 .text.z_pend_curr
                0x0000000000001f28       0x28 zephyr/kernel/libkernel.a(sched.c.obj)
                0x0000000000001f28                z_pend_curr
 .text.z_tick_sleep.part.19
                0x0000000000001f50       0x5c zephyr/kernel/libkernel.a(sched.c.obj)
 .text.z_sched_init
                0x0000000000001fac       0x18 zephyr/kernel/libkernel.a(sched.c.obj)
                0x0000000000001fac                z_sched_init
 .text.z_impl_k_yield
                0x0000000000001fc4       0x98 zephyr/kernel/libkernel.a(sched.c.obj)
                0x0000000000001fc4                z_impl_k_yield
 .text.z_impl_k_sleep
                0x000000000000205c       0x50 zephyr/kernel/libkernel.a(sched.c.obj)
                0x000000000000205c                z_impl_k_sleep
 .text.z_impl_k_current_get
                0x00000000000020ac        0xc zephyr/kernel/libkernel.a(sched.c.obj)
                0x00000000000020ac                z_impl_k_current_get
 .text.z_impl_k_sem_give
                0x00000000000020b8       0x4c zephyr/kernel/libkernel.a(sem.c.obj)
                0x00000000000020b8                z_impl_k_sem_give
 .text.z_impl_k_sem_take
                0x0000000000002104       0x48 zephyr/kernel/libkernel.a(sem.c.obj)
                0x0000000000002104                z_impl_k_sem_take
 .text.z_impl_k_thread_start
                0x000000000000214c       0x48 zephyr/kernel/libkernel.a(thread.c.obj)
                0x000000000000214c                z_impl_k_thread_start
 .text.z_setup_new_thread
                0x0000000000002194       0x30 zephyr/kernel/libkernel.a(thread.c.obj)
                0x0000000000002194                z_setup_new_thread
 .text.z_impl_k_thread_suspend
                0x00000000000021c4       0x40 zephyr/kernel/libkernel.a(thread.c.obj)
                0x00000000000021c4                z_impl_k_thread_suspend
 .text.z_init_static_threads
                0x0000000000002204       0xb4 zephyr/kernel/libkernel.a(thread.c.obj)
                0x0000000000002204                z_init_static_threads
 .text.elapsed  0x00000000000022b8       0x14 zephyr/kernel/libkernel.a(timeout.c.obj)
 .text.remove_timeout
                0x00000000000022cc       0x28 zephyr/kernel/libkernel.a(timeout.c.obj)
 .text.next_timeout
                0x00000000000022f4       0x38 zephyr/kernel/libkernel.a(timeout.c.obj)
 .text.z_add_timeout
                0x000000000000232c       0x84 zephyr/kernel/libkernel.a(timeout.c.obj)
                0x000000000000232c                z_add_timeout
 .text.z_clock_announce
                0x00000000000023b0       0xac zephyr/kernel/libkernel.a(timeout.c.obj)
                0x00000000000023b0                z_clock_announce
 .text.z_tick_get
                0x000000000000245c       0x3c zephyr/kernel/libkernel.a(timeout.c.obj)
                0x000000000000245c                z_tick_get
 .text.init_static_pools
                0x0000000000002498       0x28 zephyr/kernel/libkernel.a(mempool.c.obj)
                0x0000000000002498                init_static_pools
 .text.z_sys_mem_pool_base_init
                0x00000000000024c0       0x8c zephyr/libzephyr.a(mempool.c.obj)
                0x00000000000024c0                z_sys_mem_pool_base_init
 .text.arch_printk_char_out
                0x000000000000254c        0x4 zephyr/libzephyr.a(printk.c.obj)
                0x000000000000254c                arch_printk_char_out
 .text.print_err
                0x0000000000002550       0x1c zephyr/libzephyr.a(printk.c.obj)
 .text.z_vprintk
                0x000000000000256c      0x2e0 zephyr/libzephyr.a(printk.c.obj)
                0x000000000000256c                z_vprintk
 .text.printk   0x000000000000284c       0x1a zephyr/libzephyr.a(printk.c.obj)
                0x000000000000284c                printk
 .text.z_thread_entry
                0x0000000000002866       0x14 zephyr/libzephyr.a(thread_entry.c.obj)
                0x0000000000002866                z_thread_entry
 .text._ConfigAbsSyms
                0x000000000000287a        0x2 zephyr/libzephyr.a(configs.c.obj)
                0x000000000000287a                _ConfigAbsSyms
 .text.get_status
                0x000000000000287c       0x1c zephyr/libzephyr.a(nrf_power_clock.c.obj)
 .text.clkstarted_handle
                0x0000000000002898       0x46 zephyr/libzephyr.a(nrf_power_clock.c.obj)
 .text.clock_async_start
                0x00000000000028de       0xe0 zephyr/libzephyr.a(nrf_power_clock.c.obj)
 .text.clock_start
                0x00000000000029be        0x6 zephyr/libzephyr.a(nrf_power_clock.c.obj)
 .text.clk_init
                0x00000000000029c4       0x34 zephyr/libzephyr.a(nrf_power_clock.c.obj)
 .text.clock_stop
                0x00000000000029f8       0x7e zephyr/libzephyr.a(nrf_power_clock.c.obj)
 .text.z_clock_isr
                0x0000000000002a76        0x2 zephyr/libzephyr.a(sys_clock_init.c.obj)
                0x0000000000002a76                z_clock_isr
 .text.z_clock_idle_exit
                0x0000000000002a78        0x2 zephyr/libzephyr.a(sys_clock_init.c.obj)
                0x0000000000002a78                z_clock_idle_exit
 .text.z_irq_spurious
                0x0000000000002a7a        0x4 zephyr/arch/arch/arm/core/aarch32/libarch__arm__core__aarch32.a(irq_manage.c.obj)
                0x0000000000002a7a                z_irq_spurious
 .text.z_arm_fatal_error
                0x0000000000002a7e        0x4 zephyr/arch/arch/arm/core/aarch32/libarch__arm__core__aarch32.a(fatal.c.obj)
                0x0000000000002a7e                z_arm_fatal_error
 .text.z_do_kernel_oops
                0x0000000000002a82        0x8 zephyr/arch/arch/arm/core/aarch32/libarch__arm__core__aarch32.a(fatal.c.obj)
                0x0000000000002a82                z_do_kernel_oops
 .text.z_arm_nmi
                0x0000000000002a8a        0xe zephyr/arch/arch/arm/core/aarch32/libarch__arm__core__aarch32.a(nmi.c.obj)
                0x0000000000002a8a                z_arm_nmi
 .text.z_arm_configure_dynamic_mpu_regions
                0x0000000000002a98       0x10 zephyr/arch/arch/arm/core/aarch32/cortex_m/mpu/libarch__arm__core__aarch32__cortex_m__mpu.a(arm_core_mpu.c.obj)
                0x0000000000002a98                z_arm_configure_dynamic_mpu_regions
 .text.strcmp   0x0000000000002aa8       0x18 zephyr/lib/libc/minimal/liblib__libc__minimal.a(string.c.obj)
                0x0000000000002aa8                strcmp
 .text.memcpy   0x0000000000002ac0       0x54 zephyr/lib/libc/minimal/liblib__libc__minimal.a(string.c.obj)
                0x0000000000002ac0                memcpy
 .text.memset   0x0000000000002b14       0x44 zephyr/lib/libc/minimal/liblib__libc__minimal.a(string.c.obj)
                0x0000000000002b14                memset
 .text.z_platform_init
                0x0000000000002b58        0x4 zephyr/soc/arm/nordic_nrf/nrf52/libsoc__arm__nordic_nrf__nrf52.a(soc.c.obj)
                0x0000000000002b58                z_platform_init
 .text.gpio_nrfx_write
                0x0000000000002b5c       0x3c zephyr/drivers/gpio/libdrivers__gpio.a(gpio_nrfx.c.obj)
 .text.gpio_nrfx_read
                0x0000000000002b98       0x30 zephyr/drivers/gpio/libdrivers__gpio.a(gpio_nrfx.c.obj)
 .text.gpio_nrfx_manage_callback
                0x0000000000002bc8       0x56 zephyr/drivers/gpio/libdrivers__gpio.a(gpio_nrfx.c.obj)
 .text.gpio_nrfx_config
                0x0000000000002c1e      0x124 zephyr/drivers/gpio/libdrivers__gpio.a(gpio_nrfx.c.obj)
 .text.gpio_nrfx_pin_disable_callback
                0x0000000000002d42       0x42 zephyr/drivers/gpio/libdrivers__gpio.a(gpio_nrfx.c.obj)
 .text.gpio_nrfx_pin_enable_callback
                0x0000000000002d84       0x40 zephyr/drivers/gpio/libdrivers__gpio.a(gpio_nrfx.c.obj)
 .text.i2c_nrfx_twi_configure
                0x0000000000002dc4       0x34 zephyr/drivers/i2c/libdrivers__i2c.a(i2c_nrfx_twi.c.obj)
 .text.nrfx_isr
                0x0000000000002df8        0x2 modules/nordic/lib..__modules__hal__nordic.a(nrfx_glue.c.obj)
                0x0000000000002df8                nrfx_isr
 .text.nrf_twi_event_clear
                0x0000000000002dfa       0x10 modules/nordic/lib..__modules__hal__nordic.a(nrfx_twi.c.obj)
 .text.twi_send_byte
                0x0000000000002e0a       0x40 modules/nordic/lib..__modules__hal__nordic.a(nrfx_twi.c.obj)
 .text.twi_transfer
                0x0000000000002e4a       0xf0 modules/nordic/lib..__modules__hal__nordic.a(nrfx_twi.c.obj)
 .text.arch_system_halt
                0x0000000000002f3a       0x12 zephyr/kernel/libkernel.a(fatal.c.obj)
                0x0000000000002f3a                arch_system_halt
 .text.k_sys_fatal_error_handler
                0x0000000000002f4c        0x6 zephyr/kernel/libkernel.a(fatal.c.obj)
                0x0000000000002f4c                k_sys_fatal_error_handler
 .text.z_fatal_error
                0x0000000000002f52       0x1e zephyr/kernel/libkernel.a(fatal.c.obj)
                0x0000000000002f52                z_fatal_error
 .text.z_sys_power_save_idle_exit
                0x0000000000002f70        0x4 zephyr/kernel/libkernel.a(idle.c.obj)
                0x0000000000002f70                z_sys_power_save_idle_exit
 .text.z_is_thread_ready
                0x0000000000002f74       0x12 zephyr/kernel/libkernel.a(sched.c.obj)
 .text.z_reschedule
                0x0000000000002f86       0x16 zephyr/kernel/libkernel.a(sched.c.obj)
                0x0000000000002f86                z_reschedule
 .text.z_reschedule_irqlock
                0x0000000000002f9c       0x18 zephyr/kernel/libkernel.a(sched.c.obj)
                0x0000000000002f9c                z_reschedule_irqlock
 .text.z_reschedule_unlocked
                0x0000000000002fb4       0x14 zephyr/kernel/libkernel.a(sched.c.obj)
 .text.z_priq_dumb_best
                0x0000000000002fc8        0xc zephyr/kernel/libkernel.a(sched.c.obj)
                0x0000000000002fc8                z_priq_dumb_best
 .text.z_thread_timeout
                0x0000000000002fd4       0x62 zephyr/kernel/libkernel.a(sched.c.obj)
                0x0000000000002fd4                z_thread_timeout
 .text.z_unpend_first_thread
                0x0000000000003036       0x5a zephyr/kernel/libkernel.a(sched.c.obj)
                0x0000000000003036                z_unpend_first_thread
 .text.z_new_thread_init
                0x0000000000003090       0x1e zephyr/kernel/libkernel.a(thread.c.obj)
                0x0000000000003090                z_new_thread_init
 .text.z_abort_timeout
                0x00000000000030ae       0x2c zephyr/kernel/libkernel.a(timeout.c.obj)
                0x00000000000030ae                z_abort_timeout
 .text.z_get_next_timeout_expiry
                0x00000000000030da       0x20 zephyr/kernel/libkernel.a(timeout.c.obj)
                0x00000000000030da                z_get_next_timeout_expiry
 .text.z_set_timeout_expiry
                0x00000000000030fa       0x34 zephyr/kernel/libkernel.a(timeout.c.obj)
                0x00000000000030fa                z_set_timeout_expiry
 .text.z_tick_get_32
                0x000000000000312e        0x8 zephyr/kernel/libkernel.a(timeout.c.obj)
                0x000000000000312e                z_tick_get_32
 .text._OffsetAbsSyms
                0x0000000000003136        0x2 zephyr/CMakeFiles/offsets.dir/arch/arm/core/offsets/offsets.c.obj
                0x0000000000003136                _OffsetAbsSyms
 *(SORT_BY_ALIGNMENT(.gnu.linkonce.t.*))
 *(SORT_BY_ALIGNMENT(.glue_7t))
 .glue_7t       0x0000000000003138        0x0 linker stubs
 *(SORT_BY_ALIGNMENT(.glue_7))
 .glue_7        0x0000000000003138        0x0 linker stubs
 *(SORT_BY_ALIGNMENT(.vfp11_veneer))
 .vfp11_veneer  0x0000000000003138        0x0 linker stubs
 *(SORT_BY_ALIGNMENT(.v4_bx))
 .v4_bx         0x0000000000003138        0x0 linker stubs
                0x0000000000003138                _image_text_end = .

.ARM.exidx      0x0000000000003138        0x8
                0x0000000000003138                __exidx_start = .
 *(SORT_BY_ALIGNMENT(.ARM.exidx*) SORT_BY_ALIGNMENT(gnu.linkonce.armexidx.*))
 .ARM.exidx     0x0000000000003138        0x8 /root/zephyr-sdk-0.10.3/arm-zephyr-eabi/bin/../lib/gcc/arm-zephyr-eabi/8.3.0/thumb/v7e-m/nofp/libgcc.a(_udivmoddi4.o)
                0x0000000000003140                __exidx_end = .
                0x0000000000003140                _image_rodata_start = .

sw_isr_table    0x0000000000003140      0x138
                0x0000000000003140                . = ALIGN (0x0)
 *(SORT_BY_ALIGNMENT(.gnu.linkonce.sw_isr_table))
 .gnu.linkonce.sw_isr_table
                0x0000000000003140      0x138 zephyr/CMakeFiles/zephyr_final.dir/isr_tables.c.obj
                0x0000000000003140                _sw_isr_table

app_shmem_regions
                0x0000000000003278        0x0
                0x0000000000003278                __app_shmem_regions_start = .
 *(SORT_BY_NAME(SORT_BY_ALIGNMENT(.app_regions.*)))
                0x0000000000003278                __app_shmem_regions_end = .

devconfig       0x0000000000003278       0x54
                0x0000000000003278                __devconfig_start = .
 *(SORT_BY_ALIGNMENT(.devconfig.*))
 .devconfig.init
                0x0000000000003278        0xc zephyr/libzephyr.a(nrf_power_clock.c.obj)
 .devconfig.init
                0x0000000000003284        0xc zephyr/libzephyr.a(sys_clock_init.c.obj)
 .devconfig.init
                0x0000000000003290        0xc zephyr/arch/arch/arm/core/aarch32/cortex_m/mpu/libarch__arm__core__aarch32__cortex_m__mpu.a(arm_mpu.c.obj)
 .devconfig.init
                0x000000000000329c        0xc zephyr/soc/arm/nordic_nrf/nrf52/libsoc__arm__nordic_nrf__nrf52.a(soc.c.obj)
 .devconfig.init
                0x00000000000032a8        0xc zephyr/drivers/gpio/libdrivers__gpio.a(gpio_nrfx.c.obj)
 .devconfig.init
                0x00000000000032b4        0xc zephyr/drivers/i2c/libdrivers__i2c.a(i2c_nrfx_twi.c.obj)
 .devconfig.init
                0x00000000000032c0        0xc zephyr/kernel/libkernel.a(mempool.c.obj)
 *(SORT_BY_NAME(SORT_BY_ALIGNMENT(.devconfig*)))
                0x00000000000032cc                __devconfig_end = .

net_l2          0x00000000000032cc        0x0
                0x00000000000032cc                __net_l2_start = .
 *(SORT_BY_ALIGNMENT(.net_l2.init))
 *(SORT_BY_NAME(SORT_BY_ALIGNMENT(.net_l2.init*)))
                0x00000000000032cc                __net_l2_end = .

_bt_channels_area
                0x00000000000032cc        0x0
                0x00000000000032cc                _bt_l2cap_fixed_chan_list_start = .
 *(SORT_BY_NAME(SORT_BY_ALIGNMENT(._bt_l2cap_fixed_chan.static.*)))
                0x00000000000032cc                _bt_l2cap_fixed_chan_list_end = .

_bt_services_area
                0x00000000000032cc        0x0
                0x00000000000032cc                _bt_gatt_service_static_list_start = .
 *(SORT_BY_NAME(SORT_BY_ALIGNMENT(._bt_gatt_service_static.static.*)))
                0x00000000000032cc                _bt_gatt_service_static_list_end = .

log_const_sections
                0x00000000000032cc        0x0
                0x00000000000032cc                __log_const_start = .
 *(SORT_BY_NAME(SORT_BY_ALIGNMENT(.log_const_*)))
                0x00000000000032cc                __log_const_end = .

log_backends_sections
                0x00000000000032cc        0x0
                0x00000000000032cc                __log_backends_start = .
 *(SORT_BY_ALIGNMENT(._log_backend.*))
                0x00000000000032cc                __log_backends_end = .

shell_root_cmds_sections
                0x00000000000032cc        0x0
                0x00000000000032cc                __shell_root_cmds_start = .
 *(SORT_BY_NAME(SORT_BY_ALIGNMENT(.shell_root_cmd_*)))
                0x00000000000032cc                __shell_root_cmds_end = .

font_entry_sections
                0x00000000000032cc        0x0
                0x00000000000032cc                __font_entry_start = .
 *(SORT_BY_NAME(SORT_BY_ALIGNMENT(._cfb_font.*)))
                0x00000000000032cc                __font_entry_end = .

rodata          0x00000000000032cc      0x138
 *(SORT_BY_ALIGNMENT(.rodata))
 *(SORT_BY_ALIGNMENT(.rodata.*))
 .rodata.clock_control_api
                0x00000000000032cc       0x14 zephyr/libzephyr.a(nrf_power_clock.c.obj)
 .rodata.config
                0x00000000000032e0       0x18 zephyr/libzephyr.a(nrf_power_clock.c.obj)
 .rodata.mpu_config
                0x00000000000032f8        0x8 zephyr/soc/arm/common/cortex_m/libsoc__arm__common__cortex_m.a(arm_mpu_regions.c.obj)
                0x00000000000032f8                mpu_config
 .rodata.mpu_regions
                0x0000000000003300       0x18 zephyr/soc/arm/common/cortex_m/libsoc__arm__common__cortex_m.a(arm_mpu_regions.c.obj)
 .rodata.gpio_nrfx_drv_api_funcs
                0x0000000000003318       0x1c zephyr/drivers/gpio/libdrivers__gpio.a(gpio_nrfx.c.obj)
 .rodata.gpio_nrfx_p0_cfg
                0x0000000000003334        0x8 zephyr/drivers/gpio/libdrivers__gpio.a(gpio_nrfx.c.obj)
 .rodata.i2c_nrfx_twi_driver_api
                0x000000000000333c       0x10 zephyr/drivers/i2c/libdrivers__i2c.a(i2c_nrfx_twi.c.obj)
 .rodata.twi_1z_config
                0x000000000000334c       0x18 zephyr/drivers/i2c/libdrivers__i2c.a(i2c_nrfx_twi.c.obj)
 .rodata.config_levels.8420
                0x0000000000003364       0x14 zephyr/kernel/libkernel.a(device.c.obj)
 .rodata._k_neg_eagain
                0x0000000000003378        0x4 zephyr/kernel/libkernel.a(errno.c.obj)
                0x0000000000003378                _k_neg_eagain
 .rodata.main.str1.1
                0x000000000000337c       0x3a app/libapp.a(main.c.obj)
 .rodata.touched.str1.1
                0x00000000000033b6       0x16 app/libapp.a(main.c.obj)
 .rodata.str1.1
                0x00000000000033cc        0x6 zephyr/libzephyr.a(nrf_power_clock.c.obj)
 .rodata.str1.1
                0x00000000000033d2        0xa zephyr/libzephyr.a(sys_clock_init.c.obj)
 .rodata.z_clock_driver_init.str1.1
                0x00000000000033dc        0x6 zephyr/libzephyr.a(nrf_rtc_timer.c.obj)
 .rodata.str1.1
                0x00000000000033dc        0xa zephyr/arch/arch/arm/core/aarch32/cortex_m/mpu/libarch__arm__core__aarch32__cortex_m__mpu.a(arm_mpu.c.obj)
                                          0x1 (size before relaxing)
 .rodata.str1.1
                0x00000000000033dc        0xf zephyr/soc/arm/common/cortex_m/libsoc__arm__common__cortex_m.a(arm_mpu_regions.c.obj)
 .rodata.str1.1
                0x00000000000033eb        0x1 zephyr/soc/arm/nordic_nrf/nrf52/libsoc__arm__nordic_nrf__nrf52.a(soc.c.obj)
 .rodata.str1.1
                0x00000000000033eb        0x7 zephyr/drivers/gpio/libdrivers__gpio.a(gpio_nrfx.c.obj)
 .rodata.str1.1
                0x00000000000033eb        0x6 zephyr/drivers/i2c/libdrivers__i2c.a(i2c_nrfx_twi.c.obj)
 .rodata.CSWTCH.0
                0x00000000000033f1        0x4 modules/nordic/lib..__modules__hal__nordic.a(system_nrf52.c.obj)
 .rodata.CSWTCH.4
                0x00000000000033f5        0x4 modules/nordic/lib..__modules__hal__nordic.a(system_nrf52.c.obj)
 .rodata.z_cstart.str1.1
                0x00000000000033f9        0xa zephyr/kernel/libkernel.a(init.c.obj)
 .rodata.str1.1
                0x0000000000003403        0x1 zephyr/kernel/libkernel.a(mempool.c.obj)
 *(SORT_BY_ALIGNMENT(.gnu.linkonce.r.*))
                0x0000000000003404                . = ALIGN (0x4)
 *fill*         0x0000000000003403        0x1 
                0x0000000000003404                _image_rodata_end = .
                0x0000000000003420                . = ALIGN (_region_min_align)
                0x0000000000004000                . = ALIGN ((0x1 << LOG2CEIL ((_image_rodata_end - _image_rom_start))))
                0x0000000000004000                _image_rom_end = .
                0x0000000020000000                . = 0x20000000
                0x0000000020000000                . = ALIGN (_region_min_align)
                0x0000000020000000                _image_ram_start = .

.ramfunc        0x0000000020000000        0x0 load address 0x0000000000003404
                0x0000000020000000                . = ALIGN (_region_min_align)
                0x0000000020000000                . = ALIGN ((0x1 << LOG2CEIL (_ramfunc_ram_size)))
                0x0000000020000000                _ramfunc_ram_start = .
 *(SORT_BY_ALIGNMENT(.ramfunc))
 *(SORT_BY_ALIGNMENT(.ramfunc.*))
                0x0000000020000000                . = ALIGN (_region_min_align)
                0x0000000020000000                . = ALIGN ((0x1 << LOG2CEIL (_ramfunc_ram_size)))
                0x0000000020000000                _ramfunc_ram_end = .
                0x0000000000000000                _ramfunc_ram_size = (_ramfunc_ram_end - _ramfunc_ram_start)
                0x0000000000003404                _ramfunc_rom_start = LOADADDR (.ramfunc)

bss             0x0000000020000000      0x1ab
                0x0000000020000000                . = ALIGN (0x4)
                0x0000000020000000                __bss_start = .
                0x0000000020000000                __kernel_ram_start = .
 *(SORT_BY_ALIGNMENT(.bss))
 *(SORT_BY_ALIGNMENT(.bss.*))
 .bss.curr_tick
                0x0000000020000000        0x8 zephyr/kernel/libkernel.a(timeout.c.obj)
 .bss.gpio_cb   0x0000000020000008        0xc app/libapp.a(main.c.obj)
 .bss.teller    0x0000000020000014        0x4 app/libapp.a(main.c.obj)
                0x0000000020000014                teller
 .bss.data      0x0000000020000018       0x18 zephyr/libzephyr.a(nrf_power_clock.c.obj)
 .bss.last_count
                0x0000000020000030        0x4 zephyr/libzephyr.a(nrf_rtc_timer.c.obj)
 .bss.gpio_nrfx_p0_data
                0x0000000020000034       0x20 zephyr/drivers/gpio/libdrivers__gpio.a(gpio_nrfx.c.obj)
 .bss.m_cb      0x0000000020000054       0x3c modules/nordic/lib..__modules__hal__nordic.a(nrfx_twi.c.obj)
 .bss.z_idle_thread
                0x0000000020000090       0x6c zephyr/kernel/libkernel.a(init.c.obj)
                0x0000000020000090                z_idle_thread
 .bss.z_main_thread
                0x00000000200000fc       0x6c zephyr/kernel/libkernel.a(init.c.obj)
                0x00000000200000fc                z_main_thread
 .bss._kernel   0x0000000020000168       0x30 zephyr/kernel/libkernel.a(sched.c.obj)
                0x0000000020000168                _kernel
 .bss.pending_current
                0x0000000020000198        0x4 zephyr/kernel/libkernel.a(sched.c.obj)
 .bss.slice_max_prio
                0x000000002000019c        0x4 zephyr/kernel/libkernel.a(sched.c.obj)
 .bss.slice_time
                0x00000000200001a0        0x4 zephyr/kernel/libkernel.a(sched.c.obj)
 .bss.announce_remaining
                0x00000000200001a4        0x4 zephyr/kernel/libkernel.a(timeout.c.obj)
 .bss.static_regions_num
                0x00000000200001a8        0x1 zephyr/arch/arch/arm/core/aarch32/cortex_m/mpu/libarch__arm__core__aarch32__cortex_m__mpu.a(arm_mpu.c.obj)
 .bss.gpio_initialized.9274
                0x00000000200001a9        0x1 zephyr/drivers/gpio/libdrivers__gpio.a(gpio_nrfx.c.obj)
 .bss.z_sys_post_kernel
                0x00000000200001aa        0x1 zephyr/kernel/libkernel.a(init.c.obj)
                0x00000000200001aa                z_sys_post_kernel
 .bss.lock      0x00000000200001ab        0x0 zephyr/kernel/libkernel.a(sem.c.obj)
 .bss.lock      0x00000000200001ab        0x0 zephyr/kernel/libkernel.a(thread.c.obj)
 *(SORT_BY_ALIGNMENT(COMMON))
 *(SORT_BY_ALIGNMENT(.kernel_bss.*))
                0x00000000200001ac                __bss_end = ALIGN (0x4)

noinit          0x00000000200001b0      0xd40
 *(SORT_BY_ALIGNMENT(.noinit))
 *(SORT_BY_ALIGNMENT(.noinit.*))
 .noinit."ZEPHYR_BASE/kernel/init.c".3
                0x00000000200001b0      0x400 zephyr/kernel/libkernel.a(init.c.obj)
                0x00000000200001b0                z_main_stack
 .noinit."ZEPHYR_BASE/kernel/init.c".4
                0x00000000200005b0      0x140 zephyr/kernel/libkernel.a(init.c.obj)
                0x00000000200005b0                z_idle_stack
 .noinit."ZEPHYR_BASE/kernel/init.c".5
                0x00000000200006f0      0x800 zephyr/kernel/libkernel.a(init.c.obj)
                0x00000000200006f0                _interrupt_stack
 *(SORT_BY_ALIGNMENT(.kernel_noinit.*))

datas           0x0000000020000ef0       0x38 load address 0x0000000000003404
                0x0000000020000ef0                __data_ram_start = .
 *(SORT_BY_ALIGNMENT(.data))
 *(SORT_BY_ALIGNMENT(.data.*))
 .data._char_out
                0x0000000020000ef0        0x4 zephyr/libzephyr.a(printk.c.obj)
                0x0000000020000ef0                _char_out
 .data.twi_1_data
                0x0000000020000ef4       0x28 zephyr/drivers/i2c/libdrivers__i2c.a(i2c_nrfx_twi.c.obj)
 .data.SystemCoreClock
                0x0000000020000f1c        0x4 modules/nordic/lib..__modules__hal__nordic.a(system_nrf52.c.obj)
                0x0000000020000f1c                SystemCoreClock
 .data.timeout_list
                0x0000000020000f20        0x8 zephyr/kernel/libkernel.a(timeout.c.obj)
 *(SORT_BY_ALIGNMENT(.kernel.*))
                0x0000000000003404                __data_rom_start = LOADADDR (datas)

initlevel       0x0000000020000f28       0x54 load address 0x000000000000343c
                0x0000000020000f28                __device_init_start = .
                0x0000000020000f28                __device_PRE_KERNEL_1_start = .
 *(SORT_BY_NAME(SORT_BY_ALIGNMENT(.init_PRE_KERNEL_1[0-9])))
 .init_PRE_KERNEL_10
                0x0000000020000f28        0xc zephyr/soc/arm/nordic_nrf/nrf52/libsoc__arm__nordic_nrf__nrf52.a(soc.c.obj)
 *(SORT_BY_NAME(SORT_BY_ALIGNMENT(.init_PRE_KERNEL_1[1-9][0-9])))
 .init_PRE_KERNEL_130
                0x0000000020000f34        0xc zephyr/kernel/libkernel.a(mempool.c.obj)
 .init_PRE_KERNEL_140
                0x0000000020000f40        0xc zephyr/arch/arch/arm/core/aarch32/cortex_m/mpu/libarch__arm__core__aarch32__cortex_m__mpu.a(arm_mpu.c.obj)
 .init_PRE_KERNEL_150
                0x0000000020000f4c        0xc zephyr/libzephyr.a(nrf_power_clock.c.obj)
                0x0000000020000f58                __device_PRE_KERNEL_2_start = .
 *(SORT_BY_NAME(SORT_BY_ALIGNMENT(.init_PRE_KERNEL_2[0-9])))
 .init_PRE_KERNEL_20
                0x0000000020000f58        0xc zephyr/libzephyr.a(sys_clock_init.c.obj)
 *(SORT_BY_NAME(SORT_BY_ALIGNMENT(.init_PRE_KERNEL_2[1-9][0-9])))
                0x0000000020000f64                __device_POST_KERNEL_start = .
 *(SORT_BY_NAME(SORT_BY_ALIGNMENT(.init_POST_KERNEL[0-9])))
 *(SORT_BY_NAME(SORT_BY_ALIGNMENT(.init_POST_KERNEL[1-9][0-9])))
 .init_POST_KERNEL40
                0x0000000020000f64        0xc zephyr/drivers/gpio/libdrivers__gpio.a(gpio_nrfx.c.obj)
 .init_POST_KERNEL60
                0x0000000020000f70        0xc zephyr/drivers/i2c/libdrivers__i2c.a(i2c_nrfx_twi.c.obj)
                0x0000000020000f7c                __device_APPLICATION_start = .
 *(SORT_BY_NAME(SORT_BY_ALIGNMENT(.init_APPLICATION[0-9])))
 *(SORT_BY_NAME(SORT_BY_ALIGNMENT(.init_APPLICATION[1-9][0-9])))
                0x0000000020000f7c                __device_init_end = .

initlevel_error
                0x0000000020000f28        0x0
 *(SORT_BY_NAME(SORT_BY_ALIGNMENT(.init_[_A-Z0-9]*)))
                0x0000000000000001                ASSERT ((SIZEOF (initlevel_error) == 0x0), Undefined initialization levels used.)

initshell       0x0000000020000f7c        0x0 load address 0x0000000000003490
                0x0000000020000f7c                __shell_module_start = .
 *(SORT_BY_ALIGNMENT(.shell_module_*))
                0x0000000020000f7c                __shell_module_end = .
                0x0000000020000f7c                __shell_cmd_start = .
 *(SORT_BY_ALIGNMENT(.shell_cmd_*))
                0x0000000020000f7c                __shell_cmd_end = .

log_dynamic_sections
                0x0000000020000f7c        0x0 load address 0x0000000000003490
                0x0000000020000f7c                __log_dynamic_start = .
 *(SORT_BY_NAME(SORT_BY_ALIGNMENT(.log_dynamic_*)))
                0x0000000020000f7c                __log_dynamic_end = .

_static_thread_area
                0x0000000020000f7c        0x0 load address 0x0000000000003490
                0x0000000020000f7c                __static_thread_data_list_start = .
 *(SORT_BY_NAME(SORT_BY_ALIGNMENT(.__static_thread_data.static.*)))
                0x0000000020000f7c                __static_thread_data_list_end = .

_k_timer_area   0x0000000020000f7c        0x0 load address 0x0000000000003490
                0x0000000020000f7c                _k_timer_list_start = .
 *(SORT_BY_ALIGNMENT(._k_timer.static.*))
                0x0000000020000f7c                _k_timer_list_end = .

_k_mem_slab_area
                0x0000000020000f7c        0x0 load address 0x0000000000003490
                0x0000000020000f7c                _k_mem_slab_list_start = .
 *(SORT_BY_ALIGNMENT(._k_mem_slab.static.*))
                0x0000000020000f7c                _k_mem_slab_list_end = .

_k_mem_pool_area
                0x0000000020000f7c        0x0 load address 0x0000000000003490
                0x0000000020000f7c                _k_mem_pool_list_start = .
 *(SORT_BY_ALIGNMENT(._k_mem_pool.static.*))
                0x0000000020000f7c                _k_mem_pool_list_end = .

_k_sem_area     0x0000000020000f7c        0x0 load address 0x0000000000003490
                0x0000000020000f7c                _k_sem_list_start = .
 *(SORT_BY_ALIGNMENT(._k_sem.static.*))
 *(SORT_BY_ALIGNMENT(._sys_sem.static.*))
                0x0000000020000f7c                _k_sem_list_end = .

_k_mutex_area   0x0000000020000f7c       0x14 load address 0x0000000000003490
                0x0000000020000f7c                _k_mutex_list_start = .
 *(SORT_BY_ALIGNMENT(._k_mutex.static.*))
 ._k_mutex.static.fdtable_lock
                0x0000000020000f7c       0x14 zephyr/libzephyr.a(fdtable.c.obj)
                0x0000000020000f90                _k_mutex_list_end = .

_k_queue_area   0x0000000020000f90        0x0 load address 0x00000000000034a4
                0x0000000020000f90                _k_queue_list_start = .
 *(SORT_BY_ALIGNMENT(._k_queue.static.*))
 *(SORT_BY_ALIGNMENT(._k_fifo.static.*))
 *(SORT_BY_ALIGNMENT(._k_lifo.static.*))
                0x0000000020000f90                _k_queue_list_end = .

_k_stack_area   0x0000000020000f90        0x0 load address 0x00000000000034a4
                0x0000000020000f90                _k_stack_list_start = .
 *(SORT_BY_ALIGNMENT(._k_stack.static.*))
                0x0000000020000f90                _k_stack_list_end = .

_k_msgq_area    0x0000000020000f90        0x0 load address 0x00000000000034a4
                0x0000000020000f90                _k_msgq_list_start = .
 *(SORT_BY_ALIGNMENT(._k_msgq.static.*))
                0x0000000020000f90                _k_msgq_list_end = .

_k_mbox_area    0x0000000020000f90        0x0 load address 0x00000000000034a4
                0x0000000020000f90                _k_mbox_list_start = .
 *(SORT_BY_ALIGNMENT(._k_mbox.static.*))
                0x0000000020000f90                _k_mbox_list_end = .

_k_pipe_area    0x0000000020000f90        0x0 load address 0x00000000000034a4
                0x0000000020000f90                _k_pipe_list_start = .
 *(SORT_BY_ALIGNMENT(._k_pipe.static.*))
                0x0000000020000f90                _k_pipe_list_end = .

_net_buf_pool_area
                0x0000000020000f90        0x0 load address 0x00000000000034a4
                0x0000000020000f90                _net_buf_pool_list = .
 *(SORT_BY_NAME(SORT_BY_ALIGNMENT(._net_buf_pool.static.*)))

net_if          0x0000000020000f90        0x0 load address 0x00000000000034a4
                0x0000000020000f90                __net_if_start = .
 *(SORT_BY_ALIGNMENT(.net_if.*))
 *(SORT_BY_NAME(SORT_BY_ALIGNMENT(.net_if.*)))
                0x0000000020000f90                __net_if_end = .

net_if_dev      0x0000000020000f90        0x0 load address 0x00000000000034a4
                0x0000000020000f90                __net_if_dev_start = .
 *(SORT_BY_ALIGNMENT(.net_if_dev.*))
 *(SORT_BY_NAME(SORT_BY_ALIGNMENT(.net_if_dev.*)))
                0x0000000020000f90                __net_if_dev_end = .

net_l2_data     0x0000000020000f90        0x0 load address 0x00000000000034a4
                0x0000000020000f90                __net_l2_data_start = .
 *(SORT_BY_ALIGNMENT(.net_l2.data))
 *(SORT_BY_NAME(SORT_BY_ALIGNMENT(.net_l2.data*)))
                0x0000000020000f90                __net_l2_data_end = .

priv_stacks_noinit
                0x0000000020000f90        0x0 load address 0x00000000000034a4
                0x0000000020000f90                z_priv_stacks_ram_start = .
 *(SORT_BY_ALIGNMENT(.priv_stacks.noinit))
                0x0000000020000f90                z_priv_stacks_ram_end = .
                0x0000000020000f90                __data_ram_end = .
                0x0000000020000f90                _image_ram_end = .
                0x0000000020000f90                _end = .
                0x0000000020010000                __kernel_ram_end = 0x20010000
                0x0000000000010000                __kernel_ram_size = (__kernel_ram_end - __kernel_ram_start)

.stab
 *(SORT_BY_ALIGNMENT(.stab))

.stabstr
 *(SORT_BY_ALIGNMENT(.stabstr))

.stab.excl
 *(SORT_BY_ALIGNMENT(.stab.excl))

.stab.exclstr
 *(SORT_BY_ALIGNMENT(.stab.exclstr))

.stab.index
 *(SORT_BY_ALIGNMENT(.stab.index))

.stab.indexstr
 *(SORT_BY_ALIGNMENT(.stab.indexstr))

.gnu.build.attributes
 *(SORT_BY_ALIGNMENT(.gnu.build.attributes) SORT_BY_ALIGNMENT(.gnu.build.attributes.*))

.comment        0x0000000000000000       0x2b
 *(SORT_BY_ALIGNMENT(.comment))
 .comment       0x0000000000000000       0x2b zephyr/CMakeFiles/zephyr_final.dir/isr_tables.c.obj
                                         0x2c (size before relaxing)
 .comment       0x000000000000002b       0x2c app/libapp.a(main.c.obj)
 .comment       0x000000000000002b       0x2c zephyr/libzephyr.a(fdtable.c.obj)
 .comment       0x000000000000002b       0x2c zephyr/libzephyr.a(mempool.c.obj)
 .comment       0x000000000000002b       0x2c zephyr/libzephyr.a(printk.c.obj)
 .comment       0x000000000000002b       0x2c zephyr/libzephyr.a(thread_entry.c.obj)
 .comment       0x000000000000002b       0x2c zephyr/libzephyr.a(configs.c.obj)
 .comment       0x000000000000002b       0x2c zephyr/libzephyr.a(nrf_power_clock.c.obj)
 .comment       0x000000000000002b       0x2c zephyr/libzephyr.a(sys_clock_init.c.obj)
 .comment       0x000000000000002b       0x2c zephyr/libzephyr.a(nrf_rtc_timer.c.obj)
 .comment       0x000000000000002b       0x2c zephyr/arch/common/libarch__common.a(isr_tables.c.obj)
 .comment       0x000000000000002b       0x2c zephyr/arch/arch/arm/core/aarch32/libarch__arm__core__aarch32.a(swap.c.obj)
 .comment       0x000000000000002b       0x2c zephyr/arch/arch/arm/core/aarch32/libarch__arm__core__aarch32.a(irq_manage.c.obj)
 .comment       0x000000000000002b       0x2c zephyr/arch/arch/arm/core/aarch32/libarch__arm__core__aarch32.a(thread.c.obj)
 .comment       0x000000000000002b       0x2c zephyr/arch/arch/arm/core/aarch32/libarch__arm__core__aarch32.a(fatal.c.obj)
 .comment       0x000000000000002b       0x2c zephyr/arch/arch/arm/core/aarch32/libarch__arm__core__aarch32.a(nmi.c.obj)
 .comment       0x000000000000002b       0x2c zephyr/arch/arch/arm/core/aarch32/libarch__arm__core__aarch32.a(prep_c.c.obj)
 .comment       0x000000000000002b       0x2c zephyr/arch/arch/arm/core/aarch32/cortex_m/libarch__arm__core__aarch32__cortex_m.a(fault.c.obj)
 .comment       0x000000000000002b       0x2c zephyr/arch/arch/arm/core/aarch32/cortex_m/libarch__arm__core__aarch32__cortex_m.a(irq_init.c.obj)
 .comment       0x000000000000002b       0x2c zephyr/arch/arch/arm/core/aarch32/cortex_m/libarch__arm__core__aarch32__cortex_m.a(thread_abort.c.obj)
 .comment       0x000000000000002b       0x2c zephyr/arch/arch/arm/core/aarch32/cortex_m/mpu/libarch__arm__core__aarch32__cortex_m__mpu.a(arm_core_mpu.c.obj)
 .comment       0x000000000000002b       0x2c zephyr/arch/arch/arm/core/aarch32/cortex_m/mpu/libarch__arm__core__aarch32__cortex_m__mpu.a(arm_mpu.c.obj)
 .comment       0x000000000000002b       0x2c zephyr/lib/libc/minimal/liblib__libc__minimal.a(string.c.obj)
 .comment       0x000000000000002b       0x2c zephyr/soc/arm/common/cortex_m/libsoc__arm__common__cortex_m.a(arm_mpu_regions.c.obj)
 .comment       0x000000000000002b       0x2c zephyr/soc/arm/nordic_nrf/nrf52/libsoc__arm__nordic_nrf__nrf52.a(soc.c.obj)
 .comment       0x000000000000002b       0x2c zephyr/drivers/gpio/libdrivers__gpio.a(gpio_nrfx.c.obj)
 .comment       0x000000000000002b       0x2c zephyr/drivers/i2c/libdrivers__i2c.a(i2c_nrfx_twi.c.obj)
 .comment       0x000000000000002b       0x2c modules/nordic/lib..__modules__hal__nordic.a(system_nrf52.c.obj)
 .comment       0x000000000000002b       0x2c modules/nordic/lib..__modules__hal__nordic.a(nrfx_glue.c.obj)
 .comment       0x000000000000002b       0x2c modules/nordic/lib..__modules__hal__nordic.a(nrfx_twi.c.obj)
 .comment       0x000000000000002b       0x2c zephyr/kernel/libkernel.a(device.c.obj)
 .comment       0x000000000000002b       0x2c zephyr/kernel/libkernel.a(errno.c.obj)
 .comment       0x000000000000002b       0x2c zephyr/kernel/libkernel.a(fatal.c.obj)
 .comment       0x000000000000002b       0x2c zephyr/kernel/libkernel.a(idle.c.obj)
 .comment       0x000000000000002b       0x2c zephyr/kernel/libkernel.a(init.c.obj)
 .comment       0x000000000000002b       0x2c zephyr/kernel/libkernel.a(sched.c.obj)
 .comment       0x000000000000002b       0x2c zephyr/kernel/libkernel.a(sem.c.obj)
 .comment       0x000000000000002b       0x2c zephyr/kernel/libkernel.a(thread.c.obj)
 .comment       0x000000000000002b       0x2c zephyr/kernel/libkernel.a(timeout.c.obj)
 .comment       0x000000000000002b       0x2c zephyr/kernel/libkernel.a(mempool.c.obj)
 .comment       0x000000000000002b       0x2c zephyr/CMakeFiles/offsets.dir/arch/arm/core/offsets/offsets.c.obj
 .comment       0x000000000000002b       0x2c /root/zephyr-sdk-0.10.3/arm-zephyr-eabi/bin/../lib/gcc/arm-zephyr-eabi/8.3.0/thumb/v7e-m/nofp/libgcc.a(_udivmoddi4.o)

.debug
 *(SORT_BY_ALIGNMENT(.debug))

.line
 *(SORT_BY_ALIGNMENT(.line))

.debug_srcinfo
 *(SORT_BY_ALIGNMENT(.debug_srcinfo))

.debug_sfnames
 *(SORT_BY_ALIGNMENT(.debug_sfnames))

.debug_aranges  0x0000000000000000      0xcb0
 *(SORT_BY_ALIGNMENT(.debug_aranges))
 .debug_aranges
                0x0000000000000000       0x20 zephyr/arch/arch/arm/core/aarch32/libarch__arm__core__aarch32.a(exc_exit.S.obj)
 .debug_aranges
                0x0000000000000020       0x28 zephyr/arch/arch/arm/core/aarch32/libarch__arm__core__aarch32.a(swap_helper.S.obj)
 .debug_aranges
                0x0000000000000048       0x30 zephyr/arch/arch/arm/core/aarch32/libarch__arm__core__aarch32.a(cpu_idle.S.obj)
 .debug_aranges
                0x0000000000000078       0x20 zephyr/arch/arch/arm/core/aarch32/libarch__arm__core__aarch32.a(fault_s.S.obj)
 .debug_aranges
                0x0000000000000098       0x20 zephyr/arch/arch/arm/core/aarch32/libarch__arm__core__aarch32.a(nmi_on_reset.S.obj)
 .debug_aranges
                0x00000000000000b8       0x20 zephyr/arch/arch/arm/core/aarch32/libarch__arm__core__aarch32.a(isr_wrapper.S.obj)
 .debug_aranges
                0x00000000000000d8       0x20 zephyr/arch/arch/arm/core/aarch32/cortex_m/libarch__arm__core__aarch32__cortex_m.a(reset.S.obj)
 .debug_aranges
                0x00000000000000f8       0x20 /root/zephyr-sdk-0.10.3/arm-zephyr-eabi/bin/../lib/gcc/arm-zephyr-eabi/8.3.0/thumb/v7e-m/nofp/libgcc.a(_aeabi_uldivmod.o)
 .debug_aranges
                0x0000000000000118       0x20 /root/zephyr-sdk-0.10.3/arm-zephyr-eabi/bin/../lib/gcc/arm-zephyr-eabi/8.3.0/thumb/v7e-m/nofp/libgcc.a(_dvmd_tls.o)
 .debug_aranges
                0x0000000000000138       0x18 zephyr/CMakeFiles/zephyr_final.dir/isr_tables.c.obj
 .debug_aranges
                0x0000000000000150       0x28 app/libapp.a(main.c.obj)
 .debug_aranges
                0x0000000000000178       0x50 zephyr/libzephyr.a(fdtable.c.obj)
 .debug_aranges
                0x00000000000001c8       0x68 zephyr/libzephyr.a(mempool.c.obj)
 .debug_aranges
                0x0000000000000230       0x80 zephyr/libzephyr.a(printk.c.obj)
 .debug_aranges
                0x00000000000002b0       0x20 zephyr/libzephyr.a(thread_entry.c.obj)
 .debug_aranges
                0x00000000000002d0       0x20 zephyr/libzephyr.a(configs.c.obj)
 .debug_aranges
                0x00000000000002f0       0x50 zephyr/libzephyr.a(nrf_power_clock.c.obj)
 .debug_aranges
                0x0000000000000340       0x40 zephyr/libzephyr.a(sys_clock_init.c.obj)
 .debug_aranges
                0x0000000000000380       0x40 zephyr/libzephyr.a(nrf_rtc_timer.c.obj)
 .debug_aranges
                0x00000000000003c0       0x18 zephyr/arch/common/libarch__common.a(isr_tables.c.obj)
 .debug_aranges
                0x00000000000003d8       0x20 zephyr/arch/arch/arm/core/aarch32/libarch__arm__core__aarch32.a(swap.c.obj)
 .debug_aranges
                0x00000000000003f8       0x48 zephyr/arch/arch/arm/core/aarch32/libarch__arm__core__aarch32.a(irq_manage.c.obj)
 .debug_aranges
                0x0000000000000440       0x28 zephyr/arch/arch/arm/core/aarch32/libarch__arm__core__aarch32.a(thread.c.obj)
 .debug_aranges
                0x0000000000000468       0x30 zephyr/arch/arch/arm/core/aarch32/libarch__arm__core__aarch32.a(fatal.c.obj)
 .debug_aranges
                0x0000000000000498       0x20 zephyr/arch/arch/arm/core/aarch32/libarch__arm__core__aarch32.a(nmi.c.obj)
 .debug_aranges
                0x00000000000004b8       0x20 zephyr/arch/arch/arm/core/aarch32/libarch__arm__core__aarch32.a(prep_c.c.obj)
 .debug_aranges
                0x00000000000004d8       0x40 zephyr/arch/arch/arm/core/aarch32/cortex_m/libarch__arm__core__aarch32__cortex_m.a(fault.c.obj)
 .debug_aranges
                0x0000000000000518       0x20 zephyr/arch/arch/arm/core/aarch32/cortex_m/libarch__arm__core__aarch32__cortex_m.a(irq_init.c.obj)
 .debug_aranges
                0x0000000000000538       0x20 zephyr/arch/arch/arm/core/aarch32/cortex_m/libarch__arm__core__aarch32__cortex_m.a(thread_abort.c.obj)
 .debug_aranges
                0x0000000000000558       0x28 zephyr/arch/arch/arm/core/aarch32/cortex_m/mpu/libarch__arm__core__aarch32__cortex_m__mpu.a(arm_core_mpu.c.obj)
 .debug_aranges
                0x0000000000000580       0x48 zephyr/arch/arch/arm/core/aarch32/cortex_m/mpu/libarch__arm__core__aarch32__cortex_m__mpu.a(arm_mpu.c.obj)
 .debug_aranges
                0x00000000000005c8       0x90 zephyr/lib/libc/minimal/liblib__libc__minimal.a(string.c.obj)
 .debug_aranges
                0x0000000000000658       0x18 zephyr/soc/arm/common/cortex_m/libsoc__arm__common__cortex_m.a(arm_mpu_regions.c.obj)
 .debug_aranges
                0x0000000000000670       0x38 zephyr/soc/arm/nordic_nrf/nrf52/libsoc__arm__nordic_nrf__nrf52.a(soc.c.obj)
 .debug_aranges
                0x00000000000006a8       0x60 zephyr/drivers/gpio/libdrivers__gpio.a(gpio_nrfx.c.obj)
 .debug_aranges
                0x0000000000000708       0x38 zephyr/drivers/i2c/libdrivers__i2c.a(i2c_nrfx_twi.c.obj)
 .debug_aranges
                0x0000000000000740       0x38 modules/nordic/lib..__modules__hal__nordic.a(system_nrf52.c.obj)
 .debug_aranges
                0x0000000000000778       0x28 modules/nordic/lib..__modules__hal__nordic.a(nrfx_glue.c.obj)
 .debug_aranges
                0x00000000000007a0       0x88 modules/nordic/lib..__modules__hal__nordic.a(nrfx_twi.c.obj)
 .debug_aranges
                0x0000000000000828       0x30 zephyr/kernel/libkernel.a(device.c.obj)
 .debug_aranges
                0x0000000000000858       0x20 zephyr/kernel/libkernel.a(errno.c.obj)
 .debug_aranges
                0x0000000000000878       0x38 zephyr/kernel/libkernel.a(fatal.c.obj)
 .debug_aranges
                0x00000000000008b0       0x28 zephyr/kernel/libkernel.a(idle.c.obj)
 .debug_aranges
                0x00000000000008d8       0x48 zephyr/kernel/libkernel.a(init.c.obj)
 .debug_aranges
                0x0000000000000920      0x198 zephyr/kernel/libkernel.a(sched.c.obj)
 .debug_aranges
                0x0000000000000ab8       0x30 zephyr/kernel/libkernel.a(sem.c.obj)
 .debug_aranges
                0x0000000000000ae8       0xc0 zephyr/kernel/libkernel.a(thread.c.obj)
 .debug_aranges
                0x0000000000000ba8       0x78 zephyr/kernel/libkernel.a(timeout.c.obj)
 .debug_aranges
                0x0000000000000c20       0x50 zephyr/kernel/libkernel.a(mempool.c.obj)
 .debug_aranges
                0x0000000000000c70       0x20 zephyr/CMakeFiles/offsets.dir/arch/arm/core/offsets/offsets.c.obj
 .debug_aranges
                0x0000000000000c90       0x20 /root/zephyr-sdk-0.10.3/arm-zephyr-eabi/bin/../lib/gcc/arm-zephyr-eabi/8.3.0/thumb/v7e-m/nofp/libgcc.a(_udivmoddi4.o)

.debug_pubnames
 *(SORT_BY_ALIGNMENT(.debug_pubnames))

.debug_info     0x0000000000000000    0x30d7e
 *(SORT_BY_ALIGNMENT(.debug_info) SORT_BY_ALIGNMENT(.gnu.linkonce.wi.*))
 .debug_info    0x0000000000000000      0x1da zephyr/CMakeFiles/zephyr_final.dir/isr_tables.c.obj
 .debug_info    0x00000000000001da     0x1297 app/libapp.a(main.c.obj)
 .debug_info    0x0000000000001471      0xed9 zephyr/libzephyr.a(fdtable.c.obj)
 .debug_info    0x000000000000234a     0x1c9a zephyr/libzephyr.a(mempool.c.obj)
 .debug_info    0x0000000000003fe4     0x1373 zephyr/libzephyr.a(printk.c.obj)
 .debug_info    0x0000000000005357      0x9d0 zephyr/libzephyr.a(thread_entry.c.obj)
 .debug_info    0x0000000000005d27       0x38 zephyr/libzephyr.a(configs.c.obj)
 .debug_info    0x0000000000005d5f     0x245e zephyr/libzephyr.a(nrf_power_clock.c.obj)
 .debug_info    0x00000000000081bd      0xaeb zephyr/libzephyr.a(sys_clock_init.c.obj)
 .debug_info    0x0000000000008ca8     0x1e36 zephyr/libzephyr.a(nrf_rtc_timer.c.obj)
 .debug_info    0x000000000000aade      0x214 zephyr/arch/common/libarch__common.a(isr_tables.c.obj)
 .debug_info    0x000000000000acf2       0x26 zephyr/arch/arch/arm/core/aarch32/libarch__arm__core__aarch32.a(exc_exit.S.obj)
 .debug_info    0x000000000000ad18      0xb5c zephyr/arch/arch/arm/core/aarch32/libarch__arm__core__aarch32.a(swap.c.obj)
 .debug_info    0x000000000000b874       0x22 zephyr/arch/arch/arm/core/aarch32/libarch__arm__core__aarch32.a(swap_helper.S.obj)
 .debug_info    0x000000000000b896      0xf2b zephyr/arch/arch/arm/core/aarch32/libarch__arm__core__aarch32.a(irq_manage.c.obj)
 .debug_info    0x000000000000c7c1      0xcb8 zephyr/arch/arch/arm/core/aarch32/libarch__arm__core__aarch32.a(thread.c.obj)
 .debug_info    0x000000000000d479       0x22 zephyr/arch/arch/arm/core/aarch32/libarch__arm__core__aarch32.a(cpu_idle.S.obj)
 .debug_info    0x000000000000d49b       0x26 zephyr/arch/arch/arm/core/aarch32/libarch__arm__core__aarch32.a(fault_s.S.obj)
 .debug_info    0x000000000000d4c1      0xdfc zephyr/arch/arch/arm/core/aarch32/libarch__arm__core__aarch32.a(fatal.c.obj)
 .debug_info    0x000000000000e2bd      0x8c9 zephyr/arch/arch/arm/core/aarch32/libarch__arm__core__aarch32.a(nmi.c.obj)
 .debug_info    0x000000000000eb86       0x26 zephyr/arch/arch/arm/core/aarch32/libarch__arm__core__aarch32.a(nmi_on_reset.S.obj)
 .debug_info    0x000000000000ebac      0xd43 zephyr/arch/arch/arm/core/aarch32/libarch__arm__core__aarch32.a(prep_c.c.obj)
 .debug_info    0x000000000000f8ef       0x26 zephyr/arch/arch/arm/core/aarch32/libarch__arm__core__aarch32.a(isr_wrapper.S.obj)
 .debug_info    0x000000000000f915       0x26 zephyr/arch/arch/arm/core/aarch32/cortex_m/libarch__arm__core__aarch32__cortex_m.a(reset.S.obj)
 .debug_info    0x000000000000f93b     0x17bb zephyr/arch/arch/arm/core/aarch32/cortex_m/libarch__arm__core__aarch32__cortex_m.a(fault.c.obj)
 .debug_info    0x00000000000110f6      0x661 zephyr/arch/arch/arm/core/aarch32/cortex_m/libarch__arm__core__aarch32__cortex_m.a(irq_init.c.obj)
 .debug_info    0x0000000000011757      0xc38 zephyr/arch/arch/arm/core/aarch32/cortex_m/libarch__arm__core__aarch32__cortex_m.a(thread_abort.c.obj)
 .debug_info    0x000000000001238f      0xc69 zephyr/arch/arch/arm/core/aarch32/cortex_m/mpu/libarch__arm__core__aarch32__cortex_m__mpu.a(arm_core_mpu.c.obj)
 .debug_info    0x0000000000012ff8     0x1547 zephyr/arch/arch/arm/core/aarch32/cortex_m/mpu/libarch__arm__core__aarch32__cortex_m__mpu.a(arm_mpu.c.obj)
 .debug_info    0x000000000001453f      0x70f zephyr/lib/libc/minimal/liblib__libc__minimal.a(string.c.obj)
 .debug_info    0x0000000000014c4e      0x1eb zephyr/soc/arm/common/cortex_m/libsoc__arm__common__cortex_m.a(arm_mpu_regions.c.obj)
 .debug_info    0x0000000000014e39     0x1426 zephyr/soc/arm/nordic_nrf/nrf52/libsoc__arm__nordic_nrf__nrf52.a(soc.c.obj)
 .debug_info    0x000000000001625f     0x2ee9 zephyr/drivers/gpio/libdrivers__gpio.a(gpio_nrfx.c.obj)
 .debug_info    0x0000000000019148     0x1aa8 zephyr/drivers/i2c/libdrivers__i2c.a(i2c_nrfx_twi.c.obj)
 .debug_info    0x000000000001abf0     0x1376 modules/nordic/lib..__modules__hal__nordic.a(system_nrf52.c.obj)
 .debug_info    0x000000000001bf66      0x94d modules/nordic/lib..__modules__hal__nordic.a(nrfx_glue.c.obj)
 .debug_info    0x000000000001c8b3     0x2516 modules/nordic/lib..__modules__hal__nordic.a(nrfx_twi.c.obj)
 .debug_info    0x000000000001edc9      0xad7 zephyr/kernel/libkernel.a(device.c.obj)
 .debug_info    0x000000000001f8a0      0x925 zephyr/kernel/libkernel.a(errno.c.obj)
 .debug_info    0x00000000000201c5     0x13b1 zephyr/kernel/libkernel.a(fatal.c.obj)
 .debug_info    0x0000000000021576      0xaec zephyr/kernel/libkernel.a(idle.c.obj)
 .debug_info    0x0000000000022062     0x1e43 zephyr/kernel/libkernel.a(init.c.obj)
 .debug_info    0x0000000000023ea5     0x507b zephyr/kernel/libkernel.a(sched.c.obj)
 .debug_info    0x0000000000028f20     0x102c zephyr/kernel/libkernel.a(sem.c.obj)
 .debug_info    0x0000000000029f4c     0x1e87 zephyr/kernel/libkernel.a(thread.c.obj)
 .debug_info    0x000000000002bdd3     0x1c84 zephyr/kernel/libkernel.a(timeout.c.obj)
 .debug_info    0x000000000002da57     0x1292 zephyr/kernel/libkernel.a(mempool.c.obj)
 .debug_info    0x000000000002ece9      0x8d5 zephyr/CMakeFiles/offsets.dir/arch/arm/core/offsets/offsets.c.obj
 .debug_info    0x000000000002f5be       0x26 /root/zephyr-sdk-0.10.3/arm-zephyr-eabi/bin/../lib/gcc/arm-zephyr-eabi/8.3.0/thumb/v7e-m/nofp/libgcc.a(_aeabi_uldivmod.o)
 .debug_info    0x000000000002f5e4     0x1774 /root/zephyr-sdk-0.10.3/arm-zephyr-eabi/bin/../lib/gcc/arm-zephyr-eabi/8.3.0/thumb/v7e-m/nofp/libgcc.a(_udivmoddi4.o)
 .debug_info    0x0000000000030d58       0x26 /root/zephyr-sdk-0.10.3/arm-zephyr-eabi/bin/../lib/gcc/arm-zephyr-eabi/8.3.0/thumb/v7e-m/nofp/libgcc.a(_dvmd_tls.o)

.debug_abbrev   0x0000000000000000     0x8c03
 *(SORT_BY_ALIGNMENT(.debug_abbrev))
 .debug_abbrev  0x0000000000000000       0xf5 zephyr/CMakeFiles/zephyr_final.dir/isr_tables.c.obj
 .debug_abbrev  0x00000000000000f5      0x3ca app/libapp.a(main.c.obj)
 .debug_abbrev  0x00000000000004bf      0x404 zephyr/libzephyr.a(fdtable.c.obj)
 .debug_abbrev  0x00000000000008c3      0x557 zephyr/libzephyr.a(mempool.c.obj)
 .debug_abbrev  0x0000000000000e1a      0x4f8 zephyr/libzephyr.a(printk.c.obj)
 .debug_abbrev  0x0000000000001312      0x25e zephyr/libzephyr.a(thread_entry.c.obj)
 .debug_abbrev  0x0000000000001570       0x2e zephyr/libzephyr.a(configs.c.obj)
 .debug_abbrev  0x000000000000159e      0x5af zephyr/libzephyr.a(nrf_power_clock.c.obj)
 .debug_abbrev  0x0000000000001b4d      0x270 zephyr/libzephyr.a(sys_clock_init.c.obj)
 .debug_abbrev  0x0000000000001dbd      0x4c2 zephyr/libzephyr.a(nrf_rtc_timer.c.obj)
 .debug_abbrev  0x000000000000227f       0xf5 zephyr/arch/common/libarch__common.a(isr_tables.c.obj)
 .debug_abbrev  0x0000000000002374       0x14 zephyr/arch/arch/arm/core/aarch32/libarch__arm__core__aarch32.a(exc_exit.S.obj)
 .debug_abbrev  0x0000000000002388      0x22c zephyr/arch/arch/arm/core/aarch32/libarch__arm__core__aarch32.a(swap.c.obj)
 .debug_abbrev  0x00000000000025b4       0x12 zephyr/arch/arch/arm/core/aarch32/libarch__arm__core__aarch32.a(swap_helper.S.obj)
 .debug_abbrev  0x00000000000025c6      0x346 zephyr/arch/arch/arm/core/aarch32/libarch__arm__core__aarch32.a(irq_manage.c.obj)
 .debug_abbrev  0x000000000000290c      0x299 zephyr/arch/arch/arm/core/aarch32/libarch__arm__core__aarch32.a(thread.c.obj)
 .debug_abbrev  0x0000000000002ba5       0x12 zephyr/arch/arch/arm/core/aarch32/libarch__arm__core__aarch32.a(cpu_idle.S.obj)
 .debug_abbrev  0x0000000000002bb7       0x14 zephyr/arch/arch/arm/core/aarch32/libarch__arm__core__aarch32.a(fault_s.S.obj)
 .debug_abbrev  0x0000000000002bcb      0x378 zephyr/arch/arch/arm/core/aarch32/libarch__arm__core__aarch32.a(fatal.c.obj)
 .debug_abbrev  0x0000000000002f43      0x1c1 zephyr/arch/arch/arm/core/aarch32/libarch__arm__core__aarch32.a(nmi.c.obj)
 .debug_abbrev  0x0000000000003104       0x14 zephyr/arch/arch/arm/core/aarch32/libarch__arm__core__aarch32.a(nmi_on_reset.S.obj)
 .debug_abbrev  0x0000000000003118      0x240 zephyr/arch/arch/arm/core/aarch32/libarch__arm__core__aarch32.a(prep_c.c.obj)
 .debug_abbrev  0x0000000000003358       0x14 zephyr/arch/arch/arm/core/aarch32/libarch__arm__core__aarch32.a(isr_wrapper.S.obj)
 .debug_abbrev  0x000000000000336c       0x14 zephyr/arch/arch/arm/core/aarch32/cortex_m/libarch__arm__core__aarch32__cortex_m.a(reset.S.obj)
 .debug_abbrev  0x0000000000003380      0x450 zephyr/arch/arch/arm/core/aarch32/cortex_m/libarch__arm__core__aarch32__cortex_m.a(fault.c.obj)
 .debug_abbrev  0x00000000000037d0      0x1e6 zephyr/arch/arch/arm/core/aarch32/cortex_m/libarch__arm__core__aarch32__cortex_m.a(irq_init.c.obj)
 .debug_abbrev  0x00000000000039b6      0x2d1 zephyr/arch/arch/arm/core/aarch32/cortex_m/libarch__arm__core__aarch32__cortex_m.a(thread_abort.c.obj)
 .debug_abbrev  0x0000000000003c87      0x1fc zephyr/arch/arch/arm/core/aarch32/cortex_m/mpu/libarch__arm__core__aarch32__cortex_m__mpu.a(arm_core_mpu.c.obj)
 .debug_abbrev  0x0000000000003e83      0x4e5 zephyr/arch/arch/arm/core/aarch32/cortex_m/mpu/libarch__arm__core__aarch32__cortex_m__mpu.a(arm_mpu.c.obj)
 .debug_abbrev  0x0000000000004368      0x1a4 zephyr/lib/libc/minimal/liblib__libc__minimal.a(string.c.obj)
 .debug_abbrev  0x000000000000450c       0xf3 zephyr/soc/arm/common/cortex_m/libsoc__arm__common__cortex_m.a(arm_mpu_regions.c.obj)
 .debug_abbrev  0x00000000000045ff      0x40e zephyr/soc/arm/nordic_nrf/nrf52/libsoc__arm__nordic_nrf__nrf52.a(soc.c.obj)
 .debug_abbrev  0x0000000000004a0d      0x599 zephyr/drivers/gpio/libdrivers__gpio.a(gpio_nrfx.c.obj)
 .debug_abbrev  0x0000000000004fa6      0x4ce zephyr/drivers/i2c/libdrivers__i2c.a(i2c_nrfx_twi.c.obj)
 .debug_abbrev  0x0000000000005474      0x286 modules/nordic/lib..__modules__hal__nordic.a(system_nrf52.c.obj)
 .debug_abbrev  0x00000000000056fa      0x229 modules/nordic/lib..__modules__hal__nordic.a(nrfx_glue.c.obj)
 .debug_abbrev  0x0000000000005923      0x4af modules/nordic/lib..__modules__hal__nordic.a(nrfx_twi.c.obj)
 .debug_abbrev  0x0000000000005dd2      0x2aa zephyr/kernel/libkernel.a(device.c.obj)
 .debug_abbrev  0x000000000000607c      0x1c6 zephyr/kernel/libkernel.a(errno.c.obj)
 .debug_abbrev  0x0000000000006242      0x3ca zephyr/kernel/libkernel.a(fatal.c.obj)
 .debug_abbrev  0x000000000000660c      0x2f2 zephyr/kernel/libkernel.a(idle.c.obj)
 .debug_abbrev  0x00000000000068fe      0x5e3 zephyr/kernel/libkernel.a(init.c.obj)
 .debug_abbrev  0x0000000000006ee1      0x68e zephyr/kernel/libkernel.a(sched.c.obj)
 .debug_abbrev  0x000000000000756f      0x38a zephyr/kernel/libkernel.a(sem.c.obj)
 .debug_abbrev  0x00000000000078f9      0x5f2 zephyr/kernel/libkernel.a(thread.c.obj)
 .debug_abbrev  0x0000000000007eeb      0x488 zephyr/kernel/libkernel.a(timeout.c.obj)
 .debug_abbrev  0x0000000000008373      0x422 zephyr/kernel/libkernel.a(mempool.c.obj)
 .debug_abbrev  0x0000000000008795      0x1b2 zephyr/CMakeFiles/offsets.dir/arch/arm/core/offsets/offsets.c.obj
 .debug_abbrev  0x0000000000008947       0x14 /root/zephyr-sdk-0.10.3/arm-zephyr-eabi/bin/../lib/gcc/arm-zephyr-eabi/8.3.0/thumb/v7e-m/nofp/libgcc.a(_aeabi_uldivmod.o)
 .debug_abbrev  0x000000000000895b      0x294 /root/zephyr-sdk-0.10.3/arm-zephyr-eabi/bin/../lib/gcc/arm-zephyr-eabi/8.3.0/thumb/v7e-m/nofp/libgcc.a(_udivmoddi4.o)
 .debug_abbrev  0x0000000000008bef       0x14 /root/zephyr-sdk-0.10.3/arm-zephyr-eabi/bin/../lib/gcc/arm-zephyr-eabi/8.3.0/thumb/v7e-m/nofp/libgcc.a(_dvmd_tls.o)

.debug_line     0x0000000000000000    0x121fb
 *(SORT_BY_ALIGNMENT(.debug_line) SORT_BY_ALIGNMENT(.debug_line.*) SORT_BY_ALIGNMENT(.debug_line_end))
 .debug_line    0x0000000000000000      0x18b zephyr/CMakeFiles/zephyr_final.dir/isr_tables.c.obj
 .debug_line    0x000000000000018b      0x55e app/libapp.a(main.c.obj)
 .debug_line    0x00000000000006e9      0x5ab zephyr/libzephyr.a(fdtable.c.obj)
 .debug_line    0x0000000000000c94      0xc22 zephyr/libzephyr.a(mempool.c.obj)
 .debug_line    0x00000000000018b6      0x8e9 zephyr/libzephyr.a(printk.c.obj)
 .debug_line    0x000000000000219f      0x342 zephyr/libzephyr.a(thread_entry.c.obj)
 .debug_line    0x00000000000024e1      0x129 zephyr/libzephyr.a(configs.c.obj)
 .debug_line    0x000000000000260a      0xb80 zephyr/libzephyr.a(nrf_power_clock.c.obj)
 .debug_line    0x000000000000318a      0x342 zephyr/libzephyr.a(sys_clock_init.c.obj)
 .debug_line    0x00000000000034cc      0xa52 zephyr/libzephyr.a(nrf_rtc_timer.c.obj)
 .debug_line    0x0000000000003f1e      0x1a2 zephyr/arch/common/libarch__common.a(isr_tables.c.obj)
 .debug_line    0x00000000000040c0       0x73 zephyr/arch/arch/arm/core/aarch32/libarch__arm__core__aarch32.a(exc_exit.S.obj)
 .debug_line    0x0000000000004133      0x399 zephyr/arch/arch/arm/core/aarch32/libarch__arm__core__aarch32.a(swap.c.obj)
 .debug_line    0x00000000000044cc       0xb9 zephyr/arch/arch/arm/core/aarch32/libarch__arm__core__aarch32.a(swap_helper.S.obj)
 .debug_line    0x0000000000004585      0x46d zephyr/arch/arch/arm/core/aarch32/libarch__arm__core__aarch32.a(irq_manage.c.obj)
 .debug_line    0x00000000000049f2      0x479 zephyr/arch/arch/arm/core/aarch32/libarch__arm__core__aarch32.a(thread.c.obj)
 .debug_line    0x0000000000004e6b       0x91 zephyr/arch/arch/arm/core/aarch32/libarch__arm__core__aarch32.a(cpu_idle.S.obj)
 .debug_line    0x0000000000004efc       0x69 zephyr/arch/arch/arm/core/aarch32/libarch__arm__core__aarch32.a(fault_s.S.obj)
 .debug_line    0x0000000000004f65      0x3c7 zephyr/arch/arch/arm/core/aarch32/libarch__arm__core__aarch32.a(fatal.c.obj)
 .debug_line    0x000000000000532c      0x2f0 zephyr/arch/arch/arm/core/aarch32/libarch__arm__core__aarch32.a(nmi.c.obj)
 .debug_line    0x000000000000561c       0x67 zephyr/arch/arch/arm/core/aarch32/libarch__arm__core__aarch32.a(nmi_on_reset.S.obj)
 .debug_line    0x0000000000005683      0x3e6 zephyr/arch/arch/arm/core/aarch32/libarch__arm__core__aarch32.a(prep_c.c.obj)
 .debug_line    0x0000000000005a69       0x90 zephyr/arch/arch/arm/core/aarch32/libarch__arm__core__aarch32.a(isr_wrapper.S.obj)
 .debug_line    0x0000000000005af9       0x79 zephyr/arch/arch/arm/core/aarch32/cortex_m/libarch__arm__core__aarch32__cortex_m.a(reset.S.obj)
 .debug_line    0x0000000000005b72      0x7d6 zephyr/arch/arch/arm/core/aarch32/cortex_m/libarch__arm__core__aarch32__cortex_m.a(fault.c.obj)
 .debug_line    0x0000000000006348      0x24f zephyr/arch/arch/arm/core/aarch32/cortex_m/libarch__arm__core__aarch32__cortex_m.a(irq_init.c.obj)
 .debug_line    0x0000000000006597      0x408 zephyr/arch/arch/arm/core/aarch32/cortex_m/libarch__arm__core__aarch32__cortex_m.a(thread_abort.c.obj)
 .debug_line    0x000000000000699f      0x3c4 zephyr/arch/arch/arm/core/aarch32/cortex_m/mpu/libarch__arm__core__aarch32__cortex_m__mpu.a(arm_core_mpu.c.obj)
 .debug_line    0x0000000000006d63      0x7bf zephyr/arch/arch/arm/core/aarch32/cortex_m/mpu/libarch__arm__core__aarch32__cortex_m__mpu.a(arm_mpu.c.obj)
 .debug_line    0x0000000000007522      0x555 zephyr/lib/libc/minimal/liblib__libc__minimal.a(string.c.obj)
 .debug_line    0x0000000000007a77      0x1b3 zephyr/soc/arm/common/cortex_m/libsoc__arm__common__cortex_m.a(arm_mpu_regions.c.obj)
 .debug_line    0x0000000000007c2a      0x4e9 zephyr/soc/arm/nordic_nrf/nrf52/libsoc__arm__nordic_nrf__nrf52.a(soc.c.obj)
 .debug_line    0x0000000000008113     0x105d zephyr/drivers/gpio/libdrivers__gpio.a(gpio_nrfx.c.obj)
 .debug_line    0x0000000000009170      0x746 zephyr/drivers/i2c/libdrivers__i2c.a(i2c_nrfx_twi.c.obj)
 .debug_line    0x00000000000098b6      0x4f6 modules/nordic/lib..__modules__hal__nordic.a(system_nrf52.c.obj)
 .debug_line    0x0000000000009dac      0x364 modules/nordic/lib..__modules__hal__nordic.a(nrfx_glue.c.obj)
 .debug_line    0x000000000000a110     0x1043 modules/nordic/lib..__modules__hal__nordic.a(nrfx_twi.c.obj)
 .debug_line    0x000000000000b153      0x3c4 zephyr/kernel/libkernel.a(device.c.obj)
 .debug_line    0x000000000000b517      0x308 zephyr/kernel/libkernel.a(errno.c.obj)
 .debug_line    0x000000000000b81f      0x534 zephyr/kernel/libkernel.a(fatal.c.obj)
 .debug_line    0x000000000000bd53      0x45b zephyr/kernel/libkernel.a(idle.c.obj)
 .debug_line    0x000000000000c1ae      0x8f4 zephyr/kernel/libkernel.a(init.c.obj)
 .debug_line    0x000000000000caa2     0x25a3 zephyr/kernel/libkernel.a(sched.c.obj)
 .debug_line    0x000000000000f045      0x5ed zephyr/kernel/libkernel.a(sem.c.obj)
 .debug_line    0x000000000000f632      0xb1e zephyr/kernel/libkernel.a(thread.c.obj)
 .debug_line    0x0000000000010150      0xccb zephyr/kernel/libkernel.a(timeout.c.obj)
 .debug_line    0x0000000000010e1b      0x69b zephyr/kernel/libkernel.a(mempool.c.obj)
 .debug_line    0x00000000000114b6      0x385 zephyr/CMakeFiles/offsets.dir/arch/arm/core/offsets/offsets.c.obj
 .debug_line    0x000000000001183b       0xb7 /root/zephyr-sdk-0.10.3/arm-zephyr-eabi/bin/../lib/gcc/arm-zephyr-eabi/8.3.0/thumb/v7e-m/nofp/libgcc.a(_aeabi_uldivmod.o)
 .debug_line    0x00000000000118f2      0x852 /root/zephyr-sdk-0.10.3/arm-zephyr-eabi/bin/../lib/gcc/arm-zephyr-eabi/8.3.0/thumb/v7e-m/nofp/libgcc.a(_udivmoddi4.o)
 .debug_line    0x0000000000012144       0xb7 /root/zephyr-sdk-0.10.3/arm-zephyr-eabi/bin/../lib/gcc/arm-zephyr-eabi/8.3.0/thumb/v7e-m/nofp/libgcc.a(_dvmd_tls.o)

.debug_frame    0x0000000000000000     0x1a34
 *(SORT_BY_ALIGNMENT(.debug_frame))
 .debug_frame   0x0000000000000000       0x48 app/libapp.a(main.c.obj)
 .debug_frame   0x0000000000000048       0xb4 zephyr/libzephyr.a(fdtable.c.obj)
 .debug_frame   0x00000000000000fc      0x154 zephyr/libzephyr.a(mempool.c.obj)
 .debug_frame   0x0000000000000250      0x19c zephyr/libzephyr.a(printk.c.obj)
 .debug_frame   0x00000000000003ec       0x28 zephyr/libzephyr.a(thread_entry.c.obj)
 .debug_frame   0x0000000000000414       0x20 zephyr/libzephyr.a(configs.c.obj)
 .debug_frame   0x0000000000000434       0xcc zephyr/libzephyr.a(nrf_power_clock.c.obj)
 .debug_frame   0x0000000000000500       0x70 zephyr/libzephyr.a(sys_clock_init.c.obj)
 .debug_frame   0x0000000000000570       0x84 zephyr/libzephyr.a(nrf_rtc_timer.c.obj)
 .debug_frame   0x00000000000005f4       0x20 zephyr/arch/arch/arm/core/aarch32/libarch__arm__core__aarch32.a(swap.c.obj)
 .debug_frame   0x0000000000000614       0x78 zephyr/arch/arch/arm/core/aarch32/libarch__arm__core__aarch32.a(irq_manage.c.obj)
 .debug_frame   0x000000000000068c       0x50 zephyr/arch/arch/arm/core/aarch32/libarch__arm__core__aarch32.a(thread.c.obj)
 .debug_frame   0x00000000000006dc       0x48 zephyr/arch/arch/arm/core/aarch32/libarch__arm__core__aarch32.a(fatal.c.obj)
 .debug_frame   0x0000000000000724       0x2c zephyr/arch/arch/arm/core/aarch32/libarch__arm__core__aarch32.a(nmi.c.obj)
 .debug_frame   0x0000000000000750       0x28 zephyr/arch/arch/arm/core/aarch32/libarch__arm__core__aarch32.a(prep_c.c.obj)
 .debug_frame   0x0000000000000778       0x78 zephyr/arch/arch/arm/core/aarch32/cortex_m/libarch__arm__core__aarch32__cortex_m.a(fault.c.obj)
 .debug_frame   0x00000000000007f0       0x20 zephyr/arch/arch/arm/core/aarch32/cortex_m/libarch__arm__core__aarch32__cortex_m.a(irq_init.c.obj)
 .debug_frame   0x0000000000000810       0x34 zephyr/arch/arch/arm/core/aarch32/cortex_m/libarch__arm__core__aarch32__cortex_m.a(thread_abort.c.obj)
 .debug_frame   0x0000000000000844       0x40 zephyr/arch/arch/arm/core/aarch32/cortex_m/mpu/libarch__arm__core__aarch32__cortex_m__mpu.a(arm_core_mpu.c.obj)
 .debug_frame   0x0000000000000884       0x98 zephyr/arch/arch/arm/core/aarch32/cortex_m/mpu/libarch__arm__core__aarch32__cortex_m__mpu.a(arm_mpu.c.obj)
 .debug_frame   0x000000000000091c      0x168 zephyr/lib/libc/minimal/liblib__libc__minimal.a(string.c.obj)
 .debug_frame   0x0000000000000a84       0x50 zephyr/soc/arm/nordic_nrf/nrf52/libsoc__arm__nordic_nrf__nrf52.a(soc.c.obj)
 .debug_frame   0x0000000000000ad4      0x130 zephyr/drivers/gpio/libdrivers__gpio.a(gpio_nrfx.c.obj)
 .debug_frame   0x0000000000000c04       0x78 zephyr/drivers/i2c/libdrivers__i2c.a(i2c_nrfx_twi.c.obj)
 .debug_frame   0x0000000000000c7c       0x58 modules/nordic/lib..__modules__hal__nordic.a(system_nrf52.c.obj)
 .debug_frame   0x0000000000000cd4       0x30 modules/nordic/lib..__modules__hal__nordic.a(nrfx_glue.c.obj)
 .debug_frame   0x0000000000000d04      0x170 modules/nordic/lib..__modules__hal__nordic.a(nrfx_twi.c.obj)
 .debug_frame   0x0000000000000e74       0x68 zephyr/kernel/libkernel.a(device.c.obj)
 .debug_frame   0x0000000000000edc       0x20 zephyr/kernel/libkernel.a(errno.c.obj)
 .debug_frame   0x0000000000000efc       0x74 zephyr/kernel/libkernel.a(fatal.c.obj)
 .debug_frame   0x0000000000000f70       0x38 zephyr/kernel/libkernel.a(idle.c.obj)
 .debug_frame   0x0000000000000fa8       0xa4 zephyr/kernel/libkernel.a(init.c.obj)
 .debug_frame   0x000000000000104c      0x4ec zephyr/kernel/libkernel.a(sched.c.obj)
 .debug_frame   0x0000000000001538       0x68 zephyr/kernel/libkernel.a(sem.c.obj)
 .debug_frame   0x00000000000015a0      0x200 zephyr/kernel/libkernel.a(thread.c.obj)
 .debug_frame   0x00000000000017a0      0x13c zephyr/kernel/libkernel.a(timeout.c.obj)
 .debug_frame   0x00000000000018dc       0xd4 zephyr/kernel/libkernel.a(mempool.c.obj)
 .debug_frame   0x00000000000019b0       0x20 zephyr/CMakeFiles/offsets.dir/arch/arm/core/offsets/offsets.c.obj
 .debug_frame   0x00000000000019d0       0x2c /root/zephyr-sdk-0.10.3/arm-zephyr-eabi/bin/../lib/gcc/arm-zephyr-eabi/8.3.0/thumb/v7e-m/nofp/libgcc.a(_aeabi_uldivmod.o)
 .debug_frame   0x00000000000019fc       0x38 /root/zephyr-sdk-0.10.3/arm-zephyr-eabi/bin/../lib/gcc/arm-zephyr-eabi/8.3.0/thumb/v7e-m/nofp/libgcc.a(_udivmoddi4.o)

.debug_str      0x0000000000000000     0x7c03
 *(SORT_BY_ALIGNMENT(.debug_str))
 .debug_str     0x0000000000000000      0x22e zephyr/CMakeFiles/zephyr_final.dir/isr_tables.c.obj
                                        0x2a1 (size before relaxing)
 .debug_str     0x000000000000022e      0x55c app/libapp.a(main.c.obj)
                                        0x96b (size before relaxing)
 .debug_str     0x000000000000078a      0x163 zephyr/libzephyr.a(fdtable.c.obj)
                                        0x897 (size before relaxing)
 .debug_str     0x00000000000008ed      0x293 zephyr/libzephyr.a(mempool.c.obj)
                                        0x91e (size before relaxing)
 .debug_str     0x0000000000000b80      0x1f3 zephyr/libzephyr.a(printk.c.obj)
                                        0x95b (size before relaxing)
 .debug_str     0x0000000000000d73       0x7b zephyr/libzephyr.a(thread_entry.c.obj)
                                        0x66e (size before relaxing)
 .debug_str     0x0000000000000dee       0x2f zephyr/libzephyr.a(configs.c.obj)
                                        0x14f (size before relaxing)
 .debug_str     0x0000000000000e1d      0xa1e zephyr/libzephyr.a(nrf_power_clock.c.obj)
                                       0x1154 (size before relaxing)
 .debug_str     0x000000000000183b      0x105 zephyr/libzephyr.a(sys_clock_init.c.obj)
                                        0x838 (size before relaxing)
 .debug_str     0x0000000000001940      0x638 zephyr/libzephyr.a(nrf_rtc_timer.c.obj)
                                       0x1078 (size before relaxing)
 .debug_str     0x0000000000001f78       0x4f zephyr/arch/common/libarch__common.a(isr_tables.c.obj)
                                        0x2e3 (size before relaxing)
 .debug_str     0x0000000000001fc7       0x3f zephyr/arch/arch/arm/core/aarch32/libarch__arm__core__aarch32.a(exc_exit.S.obj)
                                         0x59 (size before relaxing)
 .debug_str     0x0000000000002006       0xfa zephyr/arch/arch/arm/core/aarch32/libarch__arm__core__aarch32.a(swap.c.obj)
                                        0x6f1 (size before relaxing)
 .debug_str     0x0000000000002100       0x36 zephyr/arch/arch/arm/core/aarch32/libarch__arm__core__aarch32.a(swap_helper.S.obj)
                                         0x5c (size before relaxing)
 .debug_str     0x0000000000002136       0xf2 zephyr/arch/arch/arm/core/aarch32/libarch__arm__core__aarch32.a(irq_manage.c.obj)
                                        0xa57 (size before relaxing)
 .debug_str     0x0000000000002228      0x17e zephyr/arch/arch/arm/core/aarch32/libarch__arm__core__aarch32.a(thread.c.obj)
                                        0x7f7 (size before relaxing)
 .debug_str     0x00000000000023a6       0x33 zephyr/arch/arch/arm/core/aarch32/libarch__arm__core__aarch32.a(cpu_idle.S.obj)
                                         0x59 (size before relaxing)
 .debug_str     0x00000000000023d9       0x32 zephyr/arch/arch/arm/core/aarch32/libarch__arm__core__aarch32.a(fault_s.S.obj)
                                         0x58 (size before relaxing)
 .debug_str     0x000000000000240b      0x198 zephyr/arch/arch/arm/core/aarch32/libarch__arm__core__aarch32.a(fatal.c.obj)
                                        0x86b (size before relaxing)
 .debug_str     0x00000000000025a3       0x57 zephyr/arch/arch/arm/core/aarch32/libarch__arm__core__aarch32.a(nmi.c.obj)
                                        0x627 (size before relaxing)
 .debug_str     0x00000000000025fa       0x37 zephyr/arch/arch/arm/core/aarch32/libarch__arm__core__aarch32.a(nmi_on_reset.S.obj)
                                         0x5d (size before relaxing)
 .debug_str     0x0000000000002631      0x29a zephyr/arch/arch/arm/core/aarch32/libarch__arm__core__aarch32.a(prep_c.c.obj)
                                        0x945 (size before relaxing)
 .debug_str     0x00000000000028cb       0x36 zephyr/arch/arch/arm/core/aarch32/libarch__arm__core__aarch32.a(isr_wrapper.S.obj)
                                         0x5c (size before relaxing)
 .debug_str     0x0000000000002901       0x39 zephyr/arch/arch/arm/core/aarch32/cortex_m/libarch__arm__core__aarch32__cortex_m.a(reset.S.obj)
                                         0x5f (size before relaxing)
 .debug_str     0x000000000000293a      0x136 zephyr/arch/arch/arm/core/aarch32/cortex_m/libarch__arm__core__aarch32__cortex_m.a(fault.c.obj)
                                        0x9f3 (size before relaxing)
 .debug_str     0x0000000000002a70       0x3c zephyr/arch/arch/arm/core/aarch32/cortex_m/libarch__arm__core__aarch32__cortex_m.a(irq_init.c.obj)
                                        0x644 (size before relaxing)
 .debug_str     0x0000000000002aac       0x7a zephyr/arch/arch/arm/core/aarch32/cortex_m/libarch__arm__core__aarch32__cortex_m.a(thread_abort.c.obj)
                                        0x74a (size before relaxing)
 .debug_str     0x0000000000002b26      0x121 zephyr/arch/arch/arm/core/aarch32/cortex_m/mpu/libarch__arm__core__aarch32__cortex_m__mpu.a(arm_core_mpu.c.obj)
                                        0x9fe (size before relaxing)
 .debug_str     0x0000000000002c47      0x277 zephyr/arch/arch/arm/core/aarch32/cortex_m/mpu/libarch__arm__core__aarch32__cortex_m__mpu.a(arm_mpu.c.obj)
                                        0xd13 (size before relaxing)
 .debug_str     0x0000000000002ebe       0xe0 zephyr/lib/libc/minimal/liblib__libc__minimal.a(string.c.obj)
                                        0x2b9 (size before relaxing)
 .debug_str     0x0000000000002f9e       0x3c zephyr/soc/arm/common/cortex_m/libsoc__arm__common__cortex_m.a(arm_mpu_regions.c.obj)
                                        0x2bf (size before relaxing)
 .debug_str     0x0000000000002fda      0x2dd zephyr/soc/arm/nordic_nrf/nrf52/libsoc__arm__nordic_nrf__nrf52.a(soc.c.obj)
                                        0xac6 (size before relaxing)
 .debug_str     0x00000000000032b7      0xa1a zephyr/drivers/gpio/libdrivers__gpio.a(gpio_nrfx.c.obj)
                                       0x13b5 (size before relaxing)
 .debug_str     0x0000000000003cd1      0x81b zephyr/drivers/i2c/libdrivers__i2c.a(i2c_nrfx_twi.c.obj)
                                       0x10d2 (size before relaxing)
 .debug_str     0x00000000000044ec      0x22e modules/nordic/lib..__modules__hal__nordic.a(system_nrf52.c.obj)
                                        0x766 (size before relaxing)
 .debug_str     0x000000000000471a       0x75 modules/nordic/lib..__modules__hal__nordic.a(nrfx_glue.c.obj)
                                        0x65d (size before relaxing)
 .debug_str     0x000000000000478f      0x66b modules/nordic/lib..__modules__hal__nordic.a(nrfx_twi.c.obj)
                                       0x140f (size before relaxing)
 .debug_str     0x0000000000004dfa      0x12d zephyr/kernel/libkernel.a(device.c.obj)
                                        0x76d (size before relaxing)
 .debug_str     0x0000000000004f27       0x21 zephyr/kernel/libkernel.a(errno.c.obj)
                                        0x71f (size before relaxing)
 .debug_str     0x0000000000004f48      0x212 zephyr/kernel/libkernel.a(fatal.c.obj)
                                        0xa81 (size before relaxing)
 .debug_str     0x000000000000515a       0xca zephyr/kernel/libkernel.a(idle.c.obj)
                                        0x7ec (size before relaxing)
 .debug_str     0x0000000000005224      0x24a zephyr/kernel/libkernel.a(init.c.obj)
                                       0x1225 (size before relaxing)
 .debug_str     0x000000000000546e      0x826 zephyr/kernel/libkernel.a(sched.c.obj)
                                       0x11d0 (size before relaxing)
 .debug_str     0x0000000000005c94       0xa4 zephyr/kernel/libkernel.a(sem.c.obj)
                                        0x975 (size before relaxing)
 .debug_str     0x0000000000005d38      0x302 zephyr/kernel/libkernel.a(thread.c.obj)
                                        0xdd0 (size before relaxing)
 .debug_str     0x000000000000603a       0xd3 zephyr/kernel/libkernel.a(timeout.c.obj)
                                        0xa68 (size before relaxing)
 .debug_str     0x000000000000610d      0x16e zephyr/kernel/libkernel.a(mempool.c.obj)
                                        0xa55 (size before relaxing)
 .debug_str     0x000000000000627b       0x41 zephyr/CMakeFiles/offsets.dir/arch/arm/core/offsets/offsets.c.obj
                                        0x63f (size before relaxing)
 .debug_str     0x00000000000062bc      0x125 /root/zephyr-sdk-0.10.3/arm-zephyr-eabi/bin/../lib/gcc/arm-zephyr-eabi/8.3.0/thumb/v7e-m/nofp/libgcc.a(_aeabi_uldivmod.o)
                                        0x131 (size before relaxing)
 .debug_str     0x00000000000063e1     0x179b /root/zephyr-sdk-0.10.3/arm-zephyr-eabi/bin/../lib/gcc/arm-zephyr-eabi/8.3.0/thumb/v7e-m/nofp/libgcc.a(_udivmoddi4.o)
                                       0x1947 (size before relaxing)
 .debug_str     0x0000000000007b7c       0x87 /root/zephyr-sdk-0.10.3/arm-zephyr-eabi/bin/../lib/gcc/arm-zephyr-eabi/8.3.0/thumb/v7e-m/nofp/libgcc.a(_dvmd_tls.o)
                                        0x135 (size before relaxing)

.debug_loc      0x0000000000000000     0xf961
 *(SORT_BY_ALIGNMENT(.debug_loc))
 .debug_loc     0x0000000000000000      0x3c8 app/libapp.a(main.c.obj)
 .debug_loc     0x00000000000003c8      0x2f7 zephyr/libzephyr.a(fdtable.c.obj)
 .debug_loc     0x00000000000006bf     0x11da zephyr/libzephyr.a(mempool.c.obj)
 .debug_loc     0x0000000000001899      0xd81 zephyr/libzephyr.a(printk.c.obj)
 .debug_loc     0x000000000000261a       0xc0 zephyr/libzephyr.a(thread_entry.c.obj)
 .debug_loc     0x00000000000026da      0xffa zephyr/libzephyr.a(nrf_power_clock.c.obj)
 .debug_loc     0x00000000000036d4       0x4a zephyr/libzephyr.a(sys_clock_init.c.obj)