Archive member included to satisfy reference by file (symbol)

app/libapp.a(clock.c.obj)     (--whole-archive)
app/libapp.a(event_handler.c.obj)
                              (--whole-archive)
app/libapp.a(log.c.obj)       (--whole-archive)
app/libapp.a(main.c.obj)      (--whole-archive)
zephyr/libzephyr.a(cbprintf.c.obj)
                              (--whole-archive)
zephyr/libzephyr.a(cbprintf_packaged.c.obj)
                              (--whole-archive)
zephyr/libzephyr.a(crc32c_sw.c.obj)
                              (--whole-archive)
zephyr/libzephyr.a(crc32_sw.c.obj)
                              (--whole-archive)
zephyr/libzephyr.a(crc16_sw.c.obj)
                              (--whole-archive)
zephyr/libzephyr.a(crc8_sw.c.obj)
                              (--whole-archive)
zephyr/libzephyr.a(crc7_sw.c.obj)
                              (--whole-archive)
zephyr/libzephyr.a(dec.c.obj)
                              (--whole-archive)
zephyr/libzephyr.a(fdtable.c.obj)
                              (--whole-archive)
zephyr/libzephyr.a(hex.c.obj)
                              (--whole-archive)
zephyr/libzephyr.a(notify.c.obj)
                              (--whole-archive)
zephyr/libzephyr.a(printk.c.obj)
                              (--whole-archive)
zephyr/libzephyr.a(onoff.c.obj)
                              (--whole-archive)
zephyr/libzephyr.a(rb.c.obj)  (--whole-archive)
zephyr/libzephyr.a(sem.c.obj)
                              (--whole-archive)
zephyr/libzephyr.a(thread_entry.c.obj)
                              (--whole-archive)
zephyr/libzephyr.a(timeutil.c.obj)
                              (--whole-archive)
zephyr/libzephyr.a(heap.c.obj)
                              (--whole-archive)
zephyr/libzephyr.a(heap-validate.c.obj)
                              (--whole-archive)
zephyr/libzephyr.a(bitarray.c.obj)
                              (--whole-archive)
zephyr/libzephyr.a(cbprintf_complete.c.obj)
                              (--whole-archive)
zephyr/libzephyr.a(ring_buffer.c.obj)
                              (--whole-archive)
zephyr/libzephyr.a(mpsc_pbuf.c.obj)
                              (--whole-archive)
zephyr/libzephyr.a(fnmatch.c.obj)
                              (--whole-archive)
zephyr/libzephyr.a(configs.c.obj)
                              (--whole-archive)
zephyr/libzephyr.a(soc_nrf_common.S.obj)
                              (--whole-archive)
zephyr/libzephyr.a(validate_base_addresses.c.obj)
                              (--whole-archive)
zephyr/libzephyr.a(validate_enabled_instances.c.obj)
                              (--whole-archive)
zephyr/libzephyr.a(log_list.c.obj)
                              (--whole-archive)
zephyr/libzephyr.a(log_core.c.obj)
                              (--whole-archive)
zephyr/libzephyr.a(log_mgmt.c.obj)
                              (--whole-archive)
zephyr/libzephyr.a(log_msg.c.obj)
                              (--whole-archive)
zephyr/libzephyr.a(log_output.c.obj)
                              (--whole-archive)
zephyr/libzephyr.a(log_cmds.c.obj)
                              (--whole-archive)
zephyr/libzephyr.a(kernel_service.c.obj)
                              (--whole-archive)
zephyr/libzephyr.a(device_service.c.obj)
                              (--whole-archive)
zephyr/libzephyr.a(devmem_service.c.obj)
                              (--whole-archive)
zephyr/libzephyr.a(shell.c.obj)
                              (--whole-archive)
zephyr/libzephyr.a(shell_fprintf.c.obj)
                              (--whole-archive)
zephyr/libzephyr.a(shell_utils.c.obj)
                              (--whole-archive)
zephyr/libzephyr.a(shell_ops.c.obj)
                              (--whole-archive)
zephyr/libzephyr.a(shell_uart.c.obj)
                              (--whole-archive)
zephyr/libzephyr.a(shell_help.c.obj)
                              (--whole-archive)
zephyr/libzephyr.a(shell_cmds.c.obj)
                              (--whole-archive)
zephyr/libzephyr.a(shell_history.c.obj)
                              (--whole-archive)
zephyr/libzephyr.a(shell_log_backend.c.obj)
                              (--whole-archive)
zephyr/libzephyr.a(shell_wildcard.c.obj)
                              (--whole-archive)
zephyr/libzephyr.a(power.c.obj)
                              (--whole-archive)
zephyr/libzephyr.a(pm_ctrl.c.obj)
                              (--whole-archive)
zephyr/libzephyr.a(policy_residency.c.obj)
                              (--whole-archive)
zephyr/libzephyr.a(tracing_none.c.obj)
                              (--whole-archive)
zephyr/arch/common/libarch__common.a(sw_isr_common.c.obj)
                              (--whole-archive)
zephyr/arch/arch/arm/core/aarch32/libarch__arm__core__aarch32.a(cpu_idle.S.obj)
                              (--whole-archive)
zephyr/arch/arch/arm/core/aarch32/libarch__arm__core__aarch32.a(fatal.c.obj)
                              (--whole-archive)
[...]
Memory Configuration

Name             Origin             Length             Attributes
FLASH            0x0000000000000000 0x0000000000080000 xr
SRAM             0x0000000020000000 0x0000000000010000 xw
IDT_LIST         0x00000000fffff7ff 0x0000000000000800 xw
*default*        0x0000000000000000 0xffffffffffffffff

Linker script and memory map

LOAD zephyr/CMakeFiles/zephyr_prebuilt.dir/misc/empty_file.c.obj
LOAD zephyr/CMakeFiles/offsets.dir/./arch/arm/core/offsets/offsets.c.obj
                0x0000000000000020                _region_min_align = 0x20

.rel.plt        0x0000000000000000        0x0
 *(SORT_BY_ALIGNMENT(.rel.plt))
                [!provide]                        PROVIDE (__rel_iplt_start = .)
 *(SORT_BY_ALIGNMENT(.rel.iplt))
 .rel.iplt      0x0000000000000000        0x0 app/libapp.a(clock.c.obj)
                [!provide]                        PROVIDE (__rel_iplt_end = .)

.rela.plt       0x0000000000000000        0x0
 *(SORT_BY_ALIGNMENT(.rela.plt))
                [!provide]                        PROVIDE (__rela_iplt_start = .)
 *(SORT_BY_ALIGNMENT(.rela.iplt))
                [!provide]                        PROVIDE (__rela_iplt_end = .)

.rel.dyn
 *(SORT_BY_ALIGNMENT(.rel.*))

.rela.dyn
 *(SORT_BY_ALIGNMENT(.rela.*))

/DISCARD/
 *(SORT_BY_ALIGNMENT(.plt))
 *(SORT_BY_ALIGNMENT(.iplt))
 *(SORT_BY_ALIGNMENT(.got.plt))
 *(SORT_BY_ALIGNMENT(.igot.plt))
 *(SORT_BY_ALIGNMENT(.got))
 *(SORT_BY_ALIGNMENT(.igot))
 *(SORT_BY_ALIGNMENT(.note.GNU-stack))
                0x0000000000000000                __rom_region_start = 0x0

rom_start       0x0000000000000000       0xdc
                0x0000000000000000                . = 0x0
                0x0000000000000000                . = ALIGN (0x4)
                0x0000000000000000                . = ALIGN (0x80)
                0x0000000000000000                . = ALIGN (0x100)
                0x0000000000000000                _vector_start = .
 *(SORT_BY_ALIGNMENT(.exc_vector_table))
 *(SORT_BY_ALIGNMENT(.exc_vector_table.*))
 .exc_vector_table._vector_table_section
                0x0000000000000000       0x40 zephyr/arch/arch/arm/core/aarch32/cortex_m/libarch__arm__core__aarch32__cortex_m.a(vector_table.S.obj)
                0x0000000000000000                _vector_table
 *(SORT_BY_ALIGNMENT(.gnu.linkonce.irq_vector_table*))
 .gnu.linkonce.irq_vector_table
                0x0000000000000040       0x9c zephyr/arch/common/libisr_tables.a(isr_tables.c.obj)
                0x0000000000000040                _irq_vector_table
 *(SORT_BY_ALIGNMENT(.vectors))
                0x00000000000000dc                _vector_end = .

text            0x00000000000000e0     0xde68
                0x00000000000000e0                __text_region_start = .
 *(SORT_BY_ALIGNMENT(.text))
 .text          0x00000000000000e0       0xa0 /root/zephyr-sdk-0.13.0/arm-zephyr-eabi/arm-zephyr-eabi/lib/thumb/v7e-m/nofp/libc_nano.a(lib_a-memchr.o)
                0x00000000000000e0                memchr
 .text          0x0000000000000180      0x378 /root/zephyr-sdk-0.13.0/arm-zephyr-eabi/bin/../lib/gcc/arm-zephyr-eabi/10.3.0/thumb/v7e-m/nofp/libgcc.a(_arm_addsubdf3.o)
                0x0000000000000180                __aeabi_drsub
                0x0000000000000188                __aeabi_dsub
                0x0000000000000188                __subdf3
                0x000000000000018c                __adddf3
                0x000000000000018c                __aeabi_dadd
                0x0000000000000404                __aeabi_ui2d
                0x0000000000000404                __floatunsidf
                0x0000000000000424                __floatsidf
                0x0000000000000424                __aeabi_i2d
                0x0000000000000448                __extendsfdf2
                0x0000000000000448                __aeabi_f2d
                0x000000000000048c                __aeabi_ul2d
                0x000000000000048c                __floatundidf
                0x000000000000049c                __floatdidf
                0x000000000000049c                __aeabi_l2d
 .text          0x00000000000004f8      0x424 /root/zephyr-sdk-0.13.0/arm-zephyr-eabi/bin/../lib/gcc/arm-zephyr-eabi/10.3.0/thumb/v7e-m/nofp/libgcc.a(_arm_muldivdf3.o)
                0x00000000000004f8                __aeabi_dmul
                0x00000000000004f8                __muldf3
                0x000000000000074c                __aeabi_ddiv
                0x000000000000074c                __divdf3
 .text          0x000000000000091c       0x30 /root/zephyr-sdk-0.13.0/arm-zephyr-eabi/bin/../lib/gcc/arm-zephyr-eabi/10.3.0/thumb/v7e-m/nofp/libgcc.a(_aeabi_uldivmod.o)
                0x000000000000091c                __aeabi_uldivmod
 .text          0x000000000000094c        0x4 /root/zephyr-sdk-0.13.0/arm-zephyr-eabi/bin/../lib/gcc/arm-zephyr-eabi/10.3.0/thumb/v7e-m/nofp/libgcc.a(_dvmd_tls.o)
                0x000000000000094c                __aeabi_ldiv0
                0x000000000000094c                __aeabi_idiv0
 .text          0x0000000000000950      0x2a6 /root/zephyr-sdk-0.13.0/arm-zephyr-eabi/bin/../lib/gcc/arm-zephyr-eabi/10.3.0/thumb/v7e-m/nofp/libgcc.a(_udivmoddi4.o)
                0x0000000000000950                __udivmoddi4
 .text          0x0000000000000bf6       0x14 /root/zephyr-sdk-0.13.0/arm-zephyr-eabi/arm-zephyr-eabi/lib/thumb/v7e-m/nofp/libc_nano.a(lib_a-strcmp.o)
                0x0000000000000bf6                strcmp
 .text          0x0000000000000c0a       0x10 /root/zephyr-sdk-0.13.0/arm-zephyr-eabi/arm-zephyr-eabi/lib/thumb/v7e-m/nofp/libc_nano.a(lib_a-strlen.o)
                0x0000000000000c0a                strlen
 *(SORT_BY_ALIGNMENT(.text.*))
 *fill*         0x0000000000000c1a        0x6 
 .text.handle_channel_by_name
                0x0000000000000c20      0x14c zephyr/drivers/sensor/libdrivers__sensor.a(sensor_shell.c.obj)
 .text.clock_str_to_local_time
                0x0000000000000d6c       0x70 app/libapp.a(clock.c.obj)
                0x0000000000000d6c                clock_str_to_local_time
 .text.clock_init
                0x0000000000000ddc        0xc app/libapp.a(clock.c.obj)
                0x0000000000000ddc                clock_init
 .text.clock_update_elapsed_ms
                0x0000000000000de8       0x6c app/libapp.a(clock.c.obj)
                0x0000000000000de8                clock_update_elapsed_ms
 .text.clock_increment_local_time
                0x0000000000000e54       0x30 app/libapp.a(clock.c.obj)
                0x0000000000000e54                clock_increment_local_time
 .text.handle_clock_update
                0x0000000000000e84       0x2c app/libapp.a(event_handler.c.obj)
                0x0000000000000e84                handle_clock_update
 .text.event_handler_init
                0x0000000000000eb0       0x30 app/libapp.a(event_handler.c.obj)
                0x0000000000000eb0                event_handler_init
 .text.main     0x0000000000000ee0       0x5c app/libapp.a(main.c.obj)
                0x0000000000000ee0                main
 .text.char_out
                0x0000000000000f3c       0x10 zephyr/libzephyr.a(printk.c.obj)
 .text.vprintk  0x0000000000000f4c       0x1c zephyr/libzephyr.a(printk.c.obj)
                0x0000000000000f4c                vprintk
 .text.vsnprintk
                0x0000000000000f68       0x28 zephyr/libzephyr.a(printk.c.obj)
                0x0000000000000f68                vsnprintk
 .text.process_event
                0x0000000000000f90      0x1c0 zephyr/libzephyr.a(onoff.c.obj)
 .text.extract_decimal
                0x0000000000001150       0x28 zephyr/libzephyr.a(cbprintf_complete.c.obj)
 .text.encode_uint
                0x0000000000001178       0x98 zephyr/libzephyr.a(cbprintf_complete.c.obj)
 .text.cbvprintf
                0x0000000000001210      0xcbc zephyr/libzephyr.a(cbprintf_complete.c.obj)
                0x0000000000001210                cbvprintf
 .text.foldcase
                0x0000000000001ecc       0x18 zephyr/libzephyr.a(fnmatch.c.obj)
 .text.enable_logger
                0x0000000000001ee4       0x5c zephyr/libzephyr.a(log_core.c.obj)
 .text.log_process_thread_timer_expiry_fn
                0x0000000000001f40        0xc zephyr/libzephyr.a(log_core.c.obj)
 .text.z_log_get_s_mask
                0x0000000000001f4c       0x48 zephyr/libzephyr.a(log_core.c.obj)
                0x0000000000001f4c                z_log_get_s_mask
 .text.log_core_init
                0x0000000000001f94       0x54 zephyr/libzephyr.a(log_core.c.obj)
                0x0000000000001f94                log_core_init
 .text.log_init
                0x0000000000001fe8       0x58 zephyr/libzephyr.a(log_core.c.obj)
                0x0000000000001fe8                log_init
 .text.get_msg  0x0000000000002040       0x28 zephyr/libzephyr.a(log_core.c.obj)
                0x0000000000002040                get_msg
 .text.z_log_notify_backend_enabled
                0x0000000000002068       0x1c zephyr/libzephyr.a(log_core.c.obj)
                0x0000000000002068                z_log_notify_backend_enabled
 .text.z_log_dropped
                0x0000000000002084       0x20 zephyr/libzephyr.a(log_core.c.obj)
                0x0000000000002084                z_log_dropped
 .text.z_log_dropped_read_and_clear
                0x00000000000020a4       0x20 zephyr/libzephyr.a(log_core.c.obj)
                0x00000000000020a4                z_log_dropped_read_and_clear
 .text.dropped_notify
                0x00000000000020c4       0x38 zephyr/libzephyr.a(log_core.c.obj)
                0x00000000000020c4                dropped_notify
 .text.z_log_strdup
                0x00000000000020fc       0x70 zephyr/libzephyr.a(log_core.c.obj)
                0x00000000000020fc                z_log_strdup
 .text.log_is_strdup
                0x000000000000216c       0x1c zephyr/libzephyr.a(log_core.c.obj)
                0x000000000000216c                log_is_strdup
 .text.z_impl_log_process
                0x0000000000002188      0x168 zephyr/libzephyr.a(log_core.c.obj)
                0x0000000000002188                z_impl_log_process
 .text.log_process_thread_func
                0x00000000000022f0       0x48 zephyr/libzephyr.a(log_core.c.obj)
 .text.msg_finalize
                0x0000000000002338       0xc4 zephyr/libzephyr.a(log_core.c.obj)
 .text.z_impl_log_panic
                0x00000000000023fc       0x48 zephyr/libzephyr.a(log_core.c.obj)
                0x00000000000023fc                z_impl_log_panic
 .text.log_free
                0x0000000000002444       0x34 zephyr/libzephyr.a(log_core.c.obj)
                0x0000000000002444                log_free
 .text.z_log_runtime_filters_init
                0x0000000000002478       0x3c zephyr/libzephyr.a(log_mgmt.c.obj)
                0x0000000000002478                z_log_runtime_filters_init
 .text.log_source_name_get
                0x00000000000024b4       0x1c zephyr/libzephyr.a(log_mgmt.c.obj)
                0x00000000000024b4                log_source_name_get
 .text.z_impl_log_filter_set
                0x00000000000024d0       0xa4 zephyr/libzephyr.a(log_mgmt.c.obj)
                0x00000000000024d0                z_impl_log_filter_set
 .text.backend_filter_set
                0x0000000000002574       0x30 zephyr/libzephyr.a(log_mgmt.c.obj)
 .text.log_backend_enable
                0x00000000000025a4       0x2c zephyr/libzephyr.a(log_mgmt.c.obj)
                0x00000000000025a4                log_backend_enable
 .text.log_filter_get
                0x00000000000025d0       0x34 zephyr/libzephyr.a(log_mgmt.c.obj)
                0x00000000000025d0                log_filter_get
 .text.log_msg_pool_init
                0x0000000000002604       0x14 zephyr/libzephyr.a(log_msg.c.obj)
                0x0000000000002604                log_msg_pool_init
 .text.log_msg_no_space_handle
                0x0000000000002618       0x30 zephyr/libzephyr.a(log_msg.c.obj)
                0x0000000000002618                log_msg_no_space_handle
 .text.log_msg_chunk_alloc
                0x0000000000002648       0x28 zephyr/libzephyr.a(log_msg.c.obj)
                0x0000000000002648                log_msg_chunk_alloc
 .text.msg_free
                0x0000000000002670       0x7c zephyr/libzephyr.a(log_msg.c.obj)
 .text.log_msg_mem_get_free
                0x00000000000026ec       0x10 zephyr/libzephyr.a(log_msg.c.obj)
                0x00000000000026ec                log_msg_mem_get_free
 .text.log_msg_mem_get_used
                0x00000000000026fc        0xc zephyr/libzephyr.a(log_msg.c.obj)
                0x00000000000026fc                log_msg_mem_get_used
 .text.print_formatted
                0x0000000000002708       0x24 zephyr/libzephyr.a(log_output.c.obj)
 .text.hexdump_line_print
                0x000000000000272c       0xe4 zephyr/libzephyr.a(log_output.c.obj)
 .text.prefix_print
                0x0000000000002810      0x124 zephyr/libzephyr.a(log_output.c.obj)
 .text.postfix_print
                0x0000000000002934       0x3c zephyr/libzephyr.a(log_output.c.obj)
 .text.log_output_msg_process
                0x0000000000002970       0xf8 zephyr/libzephyr.a(log_output.c.obj)
                0x0000000000002970                log_output_msg_process
 .text.log_output_dropped_process
                0x0000000000002a68       0x58 zephyr/libzephyr.a(log_output.c.obj)
                0x0000000000002a68                log_output_dropped_process
 .text.log_output_timestamp_freq_set
                0x0000000000002ac0       0x30 zephyr/libzephyr.a(log_output.c.obj)
                0x0000000000002ac0                log_output_timestamp_freq_set
 .text.severity_lvl_get
                0x0000000000002af0       0x24 zephyr/libzephyr.a(log_cmds.c.obj)
 .text.backend_name_get
                0x0000000000002b14       0x30 zephyr/libzephyr.a(log_cmds.c.obj)
 .text.cmd_log_memory_slabs
                0x0000000000002b44       0x40 zephyr/libzephyr.a(log_cmds.c.obj)
 .text.cmd_log_backends_list
                0x0000000000002b84       0x60 zephyr/libzephyr.a(log_cmds.c.obj)
 .text.log_status
                0x0000000000002be4       0xb8 zephyr/libzephyr.a(log_cmds.c.obj)
 .text.module_name_get
                0x0000000000002c9c       0x20 zephyr/libzephyr.a(log_cmds.c.obj)
 .text.shell_backend_cmd_execute
                0x0000000000002cbc       0x78 zephyr/libzephyr.a(log_cmds.c.obj)
 .text.cmd_log_backend_status
                0x0000000000002d34       0x10 zephyr/libzephyr.a(log_cmds.c.obj)
 .text.cmd_log_backend_halt
                0x0000000000002d44        0xc zephyr/libzephyr.a(log_cmds.c.obj)
 .text.cmd_log_backend_go
                0x0000000000002d50        0xc zephyr/libzephyr.a(log_cmds.c.obj)
 .text.cmd_log_backend_enable
                0x0000000000002d5c        0xc zephyr/libzephyr.a(log_cmds.c.obj)
 .text.cmd_log_backend_disable
                0x0000000000002d68        0xc zephyr/libzephyr.a(log_cmds.c.obj)
 .text.shell_state_precheck
                0x0000000000002d74       0x20 zephyr/libzephyr.a(log_cmds.c.obj)
 .text.filters_set
                0x0000000000002d94       0xd0 zephyr/libzephyr.a(log_cmds.c.obj)
 .text.log_enable
                0x0000000000002e64       0x60 zephyr/libzephyr.a(log_cmds.c.obj)
 .text.cmd_kernel_version
                0x0000000000002ec4       0x2c zephyr/libzephyr.a(kernel_service.c.obj)
 .text.cmd_kernel_uptime
                0x0000000000002ef0       0x30 zephyr/libzephyr.a(kernel_service.c.obj)
 .text.cmd_kernel_threads
                0x0000000000002f20       0x38 zephyr/libzephyr.a(kernel_service.c.obj)
 .text.cmd_kernel_stacks
                0x0000000000002f58       0x5c zephyr/libzephyr.a(kernel_service.c.obj)
 .text.shell_tdata_dump
                0x0000000000002fb4       0xcc zephyr/libzephyr.a(kernel_service.c.obj)
 .text.cmd_kernel_cycles
                0x0000000000003080       0x1c zephyr/libzephyr.a(kernel_service.c.obj)
 .text.shell_stack_dump
                0x000000000000309c       0x6c zephyr/libzephyr.a(kernel_service.c.obj)
 .text.get_device_name
                0x0000000000003108       0x20 zephyr/libzephyr.a(device_service.c.obj)
 .text.cmd_device_list_visitor
                0x0000000000003128       0x20 zephyr/libzephyr.a(device_service.c.obj)
 .text.cmd_device_list
                0x0000000000003148       0x98 zephyr/libzephyr.a(device_service.c.obj)
 .text.device_get_config_level
                0x00000000000031e0       0x54 zephyr/libzephyr.a(device_service.c.obj)
 .text.cmd_device_levels
                0x0000000000003234       0x94 zephyr/libzephyr.a(device_service.c.obj)
 .text.cmd_devmem
                0x00000000000032c8       0xcc zephyr/libzephyr.a(devmem_service.c.obj)
 .text.set_bypass.isra.0
                0x0000000000003394       0x48 zephyr/libzephyr.a(devmem_service.c.obj)
 .text.bypass_cb
                0x00000000000033dc      0x118 zephyr/libzephyr.a(devmem_service.c.obj)
 .text.cmd_load
                0x00000000000034f4       0xe0 zephyr/libzephyr.a(devmem_service.c.obj)
 .text.shell_internal_help_print
                0x00000000000035d4       0x20 zephyr/libzephyr.a(shell.c.obj)
 .text.z_cursor_next_line_move.isra.0
                0x00000000000035f4        0xc zephyr/libzephyr.a(shell.c.obj)
 .text.history_handle
                0x0000000000003600       0xa0 zephyr/libzephyr.a(shell.c.obj)
 .text.execute  0x00000000000036a0      0x2bc zephyr/libzephyr.a(shell.c.obj)
 .text.state_set.constprop.0
                0x000000000000395c       0x48 zephyr/libzephyr.a(shell.c.obj)
 .text.shell_process
                0x00000000000039a4      0x674 zephyr/libzephyr.a(shell.c.obj)
                0x00000000000039a4                shell_process
 .text.shell_init
                0x0000000000004018      0x114 zephyr/libzephyr.a(shell.c.obj)
                0x0000000000004018                shell_init
 .text.shell_start
                0x000000000000412c       0x4c zephyr/libzephyr.a(shell.c.obj)
                0x000000000000412c                shell_start
 .text.shell_thread
                0x0000000000004178       0xc8 zephyr/libzephyr.a(shell.c.obj)
                0x0000000000004178                shell_thread
 .text.cmd_help
                0x0000000000004240       0x4c zephyr/libzephyr.a(shell.c.obj)
 .text.shell_hexdump_line
                0x000000000000428c       0xd8 zephyr/libzephyr.a(shell.c.obj)
                0x000000000000428c                shell_hexdump_line
 .text.z_shell_fprintf_fmt
                0x0000000000004364       0x28 zephyr/libzephyr.a(shell_fprintf.c.obj)
                0x0000000000004364                z_shell_fprintf_fmt
 .text.z_shell_make_argv
                0x000000000000438c      0x190 zephyr/libzephyr.a(shell_utils.c.obj)
                0x000000000000438c                z_shell_make_argv
 .text.z_shell_cmd_get
                0x000000000000451c       0x4c zephyr/libzephyr.a(shell_utils.c.obj)
                0x000000000000451c                z_shell_cmd_get
 .text.z_shell_spaces_trim
                0x0000000000004568       0x74 zephyr/libzephyr.a(shell_utils.c.obj)
                0x0000000000004568                z_shell_spaces_trim
 .text.z_shell_cmd_trim
                0x00000000000045dc       0x6c zephyr/libzephyr.a(shell_utils.c.obj)
                0x00000000000045dc                z_shell_cmd_trim
 .text.z_cursor_next_line_move.isra.0
                0x0000000000004648        0xc zephyr/libzephyr.a(shell_ops.c.obj)
 .text.z_clear_eos.isra.0
                0x0000000000004654       0x10 zephyr/libzephyr.a(shell_ops.c.obj)
 .text.z_shell_op_cursor_vert_move
                0x0000000000004664       0x20 zephyr/libzephyr.a(shell_ops.c.obj)
                0x0000000000004664                z_shell_op_cursor_vert_move
 .text.z_shell_op_cursor_horiz_move
                0x0000000000004684       0x20 zephyr/libzephyr.a(shell_ops.c.obj)
                0x0000000000004684                z_shell_op_cursor_horiz_move
 .text.z_shell_op_cursor_word_move
                0x00000000000046a4       0x74 zephyr/libzephyr.a(shell_ops.c.obj)
                0x00000000000046a4                z_shell_op_cursor_word_move
 .text.z_shell_print_cmd
                0x0000000000004718       0x10 zephyr/libzephyr.a(shell_ops.c.obj)
                0x0000000000004718                z_shell_print_cmd
 .text.z_shell_vt100_color_set
                0x0000000000004728       0x6c zephyr/libzephyr.a(shell_ops.c.obj)
                0x0000000000004728                z_shell_vt100_color_set
 .text.z_shell_vt100_colors_restore
                0x0000000000004794       0x58 zephyr/libzephyr.a(shell_ops.c.obj)
                0x0000000000004794                z_shell_vt100_colors_restore
 .text.z_shell_op_word_remove
                0x00000000000047ec       0xa8 zephyr/libzephyr.a(shell_ops.c.obj)
                0x00000000000047ec                z_shell_op_word_remove
 .text.reprint_from_cursor
                0x0000000000004894       0x78 zephyr/libzephyr.a(shell_ops.c.obj)
 .text.z_shell_op_char_insert
                0x000000000000490c       0x68 zephyr/libzephyr.a(shell_ops.c.obj)
                0x000000000000490c                z_shell_op_char_insert
 .text.z_shell_print_prompt_and_cmd
                0x0000000000004974       0x30 zephyr/libzephyr.a(shell_ops.c.obj)
                0x0000000000004974                z_shell_print_prompt_and_cmd
 .text.init     0x00000000000049a4       0x44 zephyr/libzephyr.a(shell_uart.c.obj)
 .text.enable_shell_uart
                0x00000000000049e8       0x30 zephyr/libzephyr.a(shell_uart.c.obj)
 .text.uart_callback
                0x0000000000004a18      0x110 zephyr/libzephyr.a(shell_uart.c.obj)
 .text.z_cursor_next_line_move.isra.0
                0x0000000000004b28        0xc zephyr/libzephyr.a(shell_help.c.obj)
 .text.formatted_text_print.constprop.0
                0x0000000000004b34       0xe8 zephyr/libzephyr.a(shell_help.c.obj)
 .text.z_shell_help_subcmd_print
                0x0000000000004c1c       0xf0 zephyr/libzephyr.a(shell_help.c.obj)
                0x0000000000004c1c                z_shell_help_subcmd_print
 .text.z_shell_help_cmd_print
                0x0000000000004d0c       0x48 zephyr/libzephyr.a(shell_help.c.obj)
                0x0000000000004d0c                z_shell_help_cmd_print
 .text.z_shell_help_request
                0x0000000000004d54       0x28 zephyr/libzephyr.a(shell_help.c.obj)
                0x0000000000004d54                z_shell_help_request
 .text.cmd_clear
                0x0000000000004d7c       0x2c zephyr/libzephyr.a(shell_cmds.c.obj)
 .text.cmd_resize_default
                0x0000000000004da8       0x24 zephyr/libzephyr.a(shell_cmds.c.obj)
 .text.cmd_shell_stats_show
                0x0000000000004dcc       0x18 zephyr/libzephyr.a(shell_cmds.c.obj)
 .text.cmd_history
                0x0000000000004de4       0x48 zephyr/libzephyr.a(shell_cmds.c.obj)
 .text.cmd_echo
                0x0000000000004e2c       0x54 zephyr/libzephyr.a(shell_cmds.c.obj)
 .text.cmd_resize
                0x0000000000004e80      0x184 zephyr/libzephyr.a(shell_cmds.c.obj)
 .text.z_shell_wildcard_process
                0x0000000000005004       0xe8 zephyr/libzephyr.a(shell_wildcard.c.obj)
                0x0000000000005004                z_shell_wildcard_process
 .text.pm_state_notify
                0x00000000000050ec       0x44 zephyr/libzephyr.a(power.c.obj)
 .text.pm_system_resume
                0x0000000000005130       0x4c zephyr/libzephyr.a(power.c.obj)
                0x0000000000005130                pm_system_resume
 .text.pm_system_suspend
                0x000000000000517c       0x88 zephyr/libzephyr.a(power.c.obj)
                0x000000000000517c                pm_system_suspend
 .text.z_arm_cpu_idle_init
                0x0000000000005204        0xc zephyr/arch/arch/arm/core/aarch32/libarch__arm__core__aarch32.a(cpu_idle.S.obj)
                0x0000000000005204                z_arm_cpu_idle_init
 .text.arch_cpu_idle
                0x0000000000005210       0x1c zephyr/arch/arch/arm/core/aarch32/libarch__arm__core__aarch32.a(cpu_idle.S.obj)
                0x0000000000005210                arch_cpu_idle
 .text.arch_cpu_atomic_idle
                0x000000000000522c       0x14 zephyr/arch/arch/arm/core/aarch32/libarch__arm__core__aarch32.a(cpu_idle.S.obj)
                0x000000000000522c                arch_cpu_atomic_idle
 .text.z_arm_fatal_error
                0x0000000000005240       0x88 zephyr/arch/arch/arm/core/aarch32/libarch__arm__core__aarch32.a(fatal.c.obj)
                0x0000000000005240                z_arm_fatal_error
 .text.arch_irq_enable
                0x00000000000052c8       0x20 zephyr/arch/arch/arm/core/aarch32/libarch__arm__core__aarch32.a(irq_manage.c.obj)
                0x00000000000052c8                arch_irq_enable
 .text.arch_irq_is_enabled
                0x00000000000052e8       0x1c zephyr/arch/arch/arm/core/aarch32/libarch__arm__core__aarch32.a(irq_manage.c.obj)
                0x00000000000052e8                arch_irq_is_enabled
 .text.z_arm_irq_priority_set
                0x0000000000005304       0x30 zephyr/arch/arch/arm/core/aarch32/libarch__arm__core__aarch32.a(irq_manage.c.obj)
                0x0000000000005304                z_arm_irq_priority_set
 .text.z_SysNmiOnReset
                0x0000000000005334        0x8 zephyr/arch/arch/arm/core/aarch32/libarch__arm__core__aarch32.a(nmi_on_reset.S.obj)
                0x0000000000005334                z_SysNmiOnReset
 .text.z_arm_prep_c
                0x000000000000533c       0x48 zephyr/arch/arch/arm/core/aarch32/libarch__arm__core__aarch32.a(prep_c.c.obj)
                0x000000000000533c                z_arm_prep_c
 .text.arch_swap
                0x0000000000005384       0x38 zephyr/arch/arch/arm/core/aarch32/libarch__arm__core__aarch32.a(swap.c.obj)
                0x0000000000005384                arch_swap
 .text.z_arm_pendsv
                0x00000000000053bc       0x4c zephyr/arch/arch/arm/core/aarch32/libarch__arm__core__aarch32.a(swap_helper.S.obj)
                0x00000000000053bc                z_arm_pendsv
 .text.z_arm_svc
                0x0000000000005408       0x20 zephyr/arch/arch/arm/core/aarch32/libarch__arm__core__aarch32.a(swap_helper.S.obj)
                0x0000000000005408                z_arm_svc
 .text.arch_new_thread
                0x0000000000005428       0x38 zephyr/arch/arch/arm/core/aarch32/libarch__arm__core__aarch32.a(thread.c.obj)
                0x0000000000005428                arch_new_thread
 .text.arch_switch_to_main_thread
                0x0000000000005460       0x24 zephyr/arch/arch/arm/core/aarch32/libarch__arm__core__aarch32.a(thread.c.obj)
                0x0000000000005460                arch_switch_to_main_thread
 .text._isr_wrapper
                0x0000000000005484       0x40 zephyr/arch/arch/arm/core/aarch32/libarch__arm__core__aarch32.a(isr_wrapper.S.obj)
                0x0000000000005484                _isr_wrapper
 .text._HandlerModeExit
                0x00000000000054c4       0x1c zephyr/arch/arch/arm/core/aarch32/cortex_m/libarch__arm__core__aarch32__cortex_m.a(exc_exit.S.obj)
                0x00000000000054c4                z_arm_exc_exit
                0x00000000000054c4                z_arm_int_exit
 .text.usage_fault.constprop.0
                0x00000000000054e0      0x118 zephyr/arch/arch/arm/core/aarch32/cortex_m/libarch__arm__core__aarch32__cortex_m.a(fault.c.obj)
 .text.bus_fault.constprop.0
                0x00000000000055f8      0x148 zephyr/arch/arch/arm/core/aarch32/cortex_m/libarch__arm__core__aarch32__cortex_m.a(fault.c.obj)
 .text.mem_manage_fault.constprop.0
                0x0000000000005740      0x130 zephyr/arch/arch/arm/core/aarch32/cortex_m/libarch__arm__core__aarch32__cortex_m.a(fault.c.obj)
 .text.z_arm_fault
                0x0000000000005870      0x234 zephyr/arch/arch/arm/core/aarch32/cortex_m/libarch__arm__core__aarch32__cortex_m.a(fault.c.obj)
                0x0000000000005870                z_arm_fault
 .text.z_arm_fault_init
                0x0000000000005aa4       0x10 zephyr/arch/arch/arm/core/aarch32/cortex_m/libarch__arm__core__aarch32__cortex_m.a(fault.c.obj)
                0x0000000000005aa4                z_arm_fault_init
 .text.__fault  0x0000000000005ab4       0x14 zephyr/arch/arch/arm/core/aarch32/cortex_m/libarch__arm__core__aarch32__cortex_m.a(fault_s.S.obj)
                0x0000000000005ab4                z_arm_bus_fault
                0x0000000000005ab4                z_arm_usage_fault
                0x0000000000005ab4                z_arm_mpu_fault
                0x0000000000005ab4                z_arm_exc_spurious
                0x0000000000005ab4                z_arm_debug_monitor
                0x0000000000005ab4                z_arm_hard_fault
 .text.z_arm_interrupt_init
                0x0000000000005ac8       0x18 zephyr/arch/arch/arm/core/aarch32/cortex_m/libarch__arm__core__aarch32__cortex_m.a(irq_init.c.obj)
                0x0000000000005ac8                z_arm_interrupt_init
 .text._reset_section
                0x0000000000005ae0       0x3c zephyr/arch/arch/arm/core/aarch32/cortex_m/libarch__arm__core__aarch32__cortex_m.a(reset.S.obj)
                0x0000000000005ae0                z_arm_reset
                0x0000000000005ae0                __start
 .text.z_impl_k_thread_abort
                0x0000000000005b1c       0x24 zephyr/arch/arch/arm/core/aarch32/cortex_m/libarch__arm__core__aarch32__cortex_m.a(thread_abort.c.obj)
                0x0000000000005b1c                z_impl_k_thread_abort
 .text.z_arm_configure_static_mpu_regions
                0x0000000000005b40       0x18 zephyr/arch/arch/arm/core/aarch32/mpu/libarch__arm__core__aarch32__mpu.a(arm_core_mpu.c.obj)
                0x0000000000005b40                z_arm_configure_static_mpu_regions
 .text.mpu_configure_regions
                0x0000000000005b58       0xd0 zephyr/arch/arch/arm/core/aarch32/mpu/libarch__arm__core__aarch32__mpu.a(arm_mpu.c.obj)
 .text.arm_core_mpu_enable
                0x0000000000005c28       0x18 zephyr/arch/arch/arm/core/aarch32/mpu/libarch__arm__core__aarch32__mpu.a(arm_mpu.c.obj)
                0x0000000000005c28                arm_core_mpu_enable
 .text.arm_core_mpu_disable
                0x0000000000005c40       0x14 zephyr/arch/arch/arm/core/aarch32/mpu/libarch__arm__core__aarch32__mpu.a(arm_mpu.c.obj)
                0x0000000000005c40                arm_core_mpu_disable
 .text.arm_core_mpu_configure_static_mpu_regions
                0x0000000000005c54       0x14 zephyr/arch/arch/arm/core/aarch32/mpu/libarch__arm__core__aarch32__mpu.a(arm_mpu.c.obj)
                0x0000000000005c54                arm_core_mpu_configure_static_mpu_regions
 .text.z_arm_mpu_init
                0x0000000000005c68       0x60 zephyr/arch/arch/arm/core/aarch32/mpu/libarch__arm__core__aarch32__mpu.a(arm_mpu.c.obj)
                0x0000000000005c68                z_arm_mpu_init
 .text._sbrk    0x0000000000005cc8       0x28 zephyr/lib/libc/newlib/liblib__libc__newlib.a(libc-hooks.c.obj)
                0x0000000000005cc8                _sbrk
                0x0000000000005cc8                sbrk
 .text.nordicsemi_nrf52_init
                0x0000000000005cf0       0x30 zephyr/soc/arm/nordic_nrf/nrf52/libsoc__arm__nordic_nrf__nrf52.a(soc.c.obj)
 .text.arch_busy_wait
                0x0000000000005d20       0x14 zephyr/soc/arm/nordic_nrf/nrf52/libsoc__arm__nordic_nrf__nrf52.a(soc.c.obj)
                0x0000000000005d20                arch_busy_wait
 .text.pwr_ctrl_init
                0x0000000000005d34       0x60 zephyr/boards/boards/arm/ds_d6/lib..__app__oswatch-motion2__boards__arm__ds_d6.a(board.c.obj)
 .text.onoff_stop
                0x0000000000005d94       0x30 zephyr/drivers/clock_control/libdrivers__clock_control.a(clock_control_nrf.c.obj)
 .text.onoff_start
                0x0000000000005dc4       0x44 zephyr/drivers/clock_control/libdrivers__clock_control.a(clock_control_nrf.c.obj)
 .text.hfclk_start
                0x0000000000005e08       0x30 zephyr/drivers/clock_control/libdrivers__clock_control.a(clock_control_nrf.c.obj)
 .text.clk_init
                0x0000000000005e38       0x64 zephyr/drivers/clock_control/libdrivers__clock_control.a(clock_control_nrf.c.obj)
 .text.clkstarted_handle.constprop.0
                0x0000000000005e9c       0x34 zephyr/drivers/clock_control/libdrivers__clock_control.a(clock_control_nrf.c.obj)
 .text.clock_event_handler
                0x0000000000005ed0       0x34 zephyr/drivers/clock_control/libdrivers__clock_control.a(clock_control_nrf.c.obj)
 .text.generic_hfclk_start
                0x0000000000005f04       0x60 zephyr/drivers/clock_control/libdrivers__clock_control.a(clock_control_nrf.c.obj)
 .text.api_blocking_start
                0x0000000000005f64       0x3c zephyr/drivers/clock_control/libdrivers__clock_control.a(clock_control_nrf.c.obj)
 .text.lfclk_start
                0x0000000000005fa0       0x24 zephyr/drivers/clock_control/libdrivers__clock_control.a(clock_control_nrf.c.obj)
 .text.cmd_status
                0x0000000000005fc4       0xf8 zephyr/drivers/clock_control/libdrivers__clock_control.a(clock_control_nrf.c.obj)
 .text.hfclk_stop
                0x00000000000060bc       0x30 zephyr/drivers/clock_control/libdrivers__clock_control.a(clock_control_nrf.c.obj)
 .text.generic_hfclk_stop
                0x00000000000060ec       0x28 zephyr/drivers/clock_control/libdrivers__clock_control.a(clock_control_nrf.c.obj)
 .text.z_nrf_clock_control_get_onoff
                0x0000000000006114       0x10 zephyr/drivers/clock_control/libdrivers__clock_control.a(clock_control_nrf.c.obj)
                0x0000000000006114                z_nrf_clock_control_get_onoff
 .text.z_nrf_clock_control_lf_on
                0x0000000000006124       0xb4 zephyr/drivers/clock_control/libdrivers__clock_control.a(clock_control_nrf.c.obj)
                0x0000000000006124                z_nrf_clock_control_lf_on
 .text.start_cal_process
                0x00000000000061d8       0x48 zephyr/drivers/clock_control/libdrivers__clock_control.a(nrf_clock_calibration.c.obj)
 .text.temp_sensor_init
                0x0000000000006220       0x18 zephyr/drivers/clock_control/libdrivers__clock_control.a(nrf_clock_calibration.c.obj)
 .text.start_cycle
                0x0000000000006238       0x38 zephyr/drivers/clock_control/libdrivers__clock_control.a(nrf_clock_calibration.c.obj)
 .text.measure_temperature
                0x0000000000006270       0x94 zephyr/drivers/clock_control/libdrivers__clock_control.a(nrf_clock_calibration.c.obj)
 .text.cal_hf_callback
                0x0000000000006304       0x34 zephyr/drivers/clock_control/libdrivers__clock_control.a(nrf_clock_calibration.c.obj)
 .text.z_nrf_clock_calibration_init
                0x0000000000006338       0x1c zephyr/drivers/clock_control/libdrivers__clock_control.a(nrf_clock_calibration.c.obj)
                0x0000000000006338                z_nrf_clock_calibration_init
 .text.z_nrf_clock_calibration_lfclk_started
                0x0000000000006354       0x10 zephyr/drivers/clock_control/libdrivers__clock_control.a(nrf_clock_calibration.c.obj)
                0x0000000000006354                z_nrf_clock_calibration_lfclk_started
 .text.z_nrf_clock_calibration_lfclk_stopped
                0x0000000000006364        0xc zephyr/drivers/clock_control/libdrivers__clock_control.a(nrf_clock_calibration.c.obj)
                0x0000000000006364                z_nrf_clock_calibration_lfclk_stopped
 .text.z_nrf_clock_calibration_done_handler
                0x0000000000006370       0x10 zephyr/drivers/clock_control/libdrivers__clock_control.a(nrf_clock_calibration.c.obj)
                0x0000000000006370                z_nrf_clock_calibration_done_handler
 .text.gpio_nrfx_init
                0x0000000000006380       0x30 zephyr/drivers/gpio/libdrivers__gpio.a(gpio_nrfx.c.obj)
 .text.gpio_nrfx_pin_interrupt_configure
                0x00000000000063b0      0x1a8 zephyr/drivers/gpio/libdrivers__gpio.a(gpio_nrfx.c.obj)
 .text.gpio_nrfx_config
                0x0000000000006558       0xb8 zephyr/drivers/gpio/libdrivers__gpio.a(gpio_nrfx.c.obj)
 .text.gpiote_event_handler
                0x0000000000006610      0x11c zephyr/drivers/gpio/libdrivers__gpio.a(gpio_nrfx.c.obj)
 .text.device_name_get
                0x000000000000672c       0x20 zephyr/drivers/i2c/libdrivers__i2c.a(i2c_shell.c.obj)
 .text.cmd_i2c_write_byte
                0x000000000000674c       0x90 zephyr/drivers/i2c/libdrivers__i2c.a(i2c_shell.c.obj)
 .text.cmd_i2c_read
                0x00000000000067dc       0xbc zephyr/drivers/i2c/libdrivers__i2c.a(i2c_shell.c.obj)
 .text.cmd_i2c_scan
                0x0000000000006898       0xe8 zephyr/drivers/i2c/libdrivers__i2c.a(i2c_shell.c.obj)
 .text.cmd_i2c_recover
                0x0000000000006980       0x4c zephyr/drivers/i2c/libdrivers__i2c.a(i2c_shell.c.obj)
 .text.cmd_i2c_read_byte
                0x00000000000069cc       0xa4 zephyr/drivers/i2c/libdrivers__i2c.a(i2c_shell.c.obj)
 .text.cmd_i2c_write
                0x0000000000006a70       0xc4 zephyr/drivers/i2c/libdrivers__i2c.a(i2c_shell.c.obj)
 .text.i2c_nrfx_twi_configure
                0x0000000000006b34       0x5c zephyr/drivers/i2c/libdrivers__i2c.a(i2c_nrfx_twi.c.obj)
 .text.init_twi
                0x0000000000006b90       0x54 zephyr/drivers/i2c/libdrivers__i2c.a(i2c_nrfx_twi.c.obj)
 .text.event_handler
                0x0000000000006be4       0x34 zephyr/drivers/i2c/libdrivers__i2c.a(i2c_nrfx_twi.c.obj)
 .text.i2c_nrfx_twi_transfer
                0x0000000000006c18      0x140 zephyr/drivers/i2c/libdrivers__i2c.a(i2c_nrfx_twi.c.obj)
 .text.hfclk_on_callback
                0x0000000000006d58        0xc zephyr/drivers/sensor/nrf5/libdrivers__sensor__nrf5.a(temp_nrf5.c.obj)
 .text.temp_nrf5_channel_get
                0x0000000000006d64       0x2c zephyr/drivers/sensor/nrf5/libdrivers__sensor__nrf5.a(temp_nrf5.c.obj)
 .text.temp_nrf5_isr
                0x0000000000006d90       0x18 zephyr/drivers/sensor/nrf5/libdrivers__sensor__nrf5.a(temp_nrf5.c.obj)
 .text.temp_nrf5_sample_fetch
                0x0000000000006da8       0x78 zephyr/drivers/sensor/nrf5/libdrivers__sensor__nrf5.a(temp_nrf5.c.obj)
 .text.temp_nrf5_init
                0x0000000000006e20       0x40 zephyr/drivers/sensor/nrf5/libdrivers__sensor__nrf5.a(temp_nrf5.c.obj)
 .text.channel_name_get
                0x0000000000006e60       0x34 zephyr/drivers/sensor/libdrivers__sensor.a(sensor_shell.c.obj)
 .text.device_name_get
                0x0000000000006e94       0x20 zephyr/drivers/sensor/libdrivers__sensor.a(sensor_shell.c.obj)
 .text.cmd_get_sensor
                0x0000000000006eb4       0xa0 zephyr/drivers/sensor/libdrivers__sensor.a(sensor_shell.c.obj)
 .text.event_txdrdy_check
                0x0000000000006f54       0x20 zephyr/drivers/serial/libdrivers__serial.a(uart_nrfx_uart.c.obj)
 .text.uart_nrfx_poll_in
                0x0000000000006f74       0x24 zephyr/drivers/serial/libdrivers__serial.a(uart_nrfx_uart.c.obj)
 .text.uart_nrfx_err_check
                0x0000000000006f98       0x10 zephyr/drivers/serial/libdrivers__serial.a(uart_nrfx_uart.c.obj)
 .text.uart_nrfx_fifo_read
                0x0000000000006fa8       0x30 zephyr/drivers/serial/libdrivers__serial.a(uart_nrfx_uart.c.obj)
 .text.uart_nrfx_irq_tx_enable
                0x0000000000006fd8       0x4c zephyr/drivers/serial/libdrivers__serial.a(uart_nrfx_uart.c.obj)
 .text.uart_nrfx_irq_tx_disable
                0x0000000000007024        0xc zephyr/drivers/serial/libdrivers__serial.a(uart_nrfx_uart.c.obj)
 .text.uart_nrfx_irq_rx_enable
                0x0000000000007030       0x10 zephyr/drivers/serial/libdrivers__serial.a(uart_nrfx_uart.c.obj)
 .text.uart_nrfx_irq_rx_disable
                0x0000000000007040       0x10 zephyr/drivers/serial/libdrivers__serial.a(uart_nrfx_uart.c.obj)
 .text.uart_nrfx_irq_rx_ready
                0x0000000000007050       0x14 zephyr/drivers/serial/libdrivers__serial.a(uart_nrfx_uart.c.obj)
 .text.uart_nrfx_irq_err_enable
                0x0000000000007064       0x10 zephyr/drivers/serial/libdrivers__serial.a(uart_nrfx_uart.c.obj)
 .text.uart_nrfx_irq_err_disable
                0x0000000000007074       0x10 zephyr/drivers/serial/libdrivers__serial.a(uart_nrfx_uart.c.obj)
 .text.uart_nrfx_irq_callback_set
                0x0000000000007084       0x14 zephyr/drivers/serial/libdrivers__serial.a(uart_nrfx_uart.c.obj)
 .text.uart_nrfx_irq_tx_ready_complete
                0x0000000000007098       0x28 zephyr/drivers/serial/libdrivers__serial.a(uart_nrfx_uart.c.obj)
 .text.uart_nrfx_irq_is_pending
                0x00000000000070c0       0x34 zephyr/drivers/serial/libdrivers__serial.a(uart_nrfx_uart.c.obj)
 .text.uart_nrfx_isr
                0x00000000000070f4       0x4c zephyr/drivers/serial/libdrivers__serial.a(uart_nrfx_uart.c.obj)
 .text.uart_nrfx_configure
                0x0000000000007140      0x15c zephyr/drivers/serial/libdrivers__serial.a(uart_nrfx_uart.c.obj)
 .text.uart_nrfx_init
                0x000000000000729c       0x74 zephyr/drivers/serial/libdrivers__serial.a(uart_nrfx_uart.c.obj)
 .text.uart_nrfx_poll_out
                0x0000000000007310       0x84 zephyr/drivers/serial/libdrivers__serial.a(uart_nrfx_uart.c.obj)
 .text.uart_nrfx_fifo_fill
                0x0000000000007394       0x40 zephyr/drivers/serial/libdrivers__serial.a(uart_nrfx_uart.c.obj)
 .text.sys_clock_timeout_handler
                0x00000000000073d4       0x18 zephyr/drivers/timer/libdrivers__timer.a(nrf_rtc_timer.c.obj)
 .text.set_absolute_alarm
                0x00000000000073ec       0x94 zephyr/drivers/timer/libdrivers__timer.a(nrf_rtc_timer.c.obj)
 .text.rtc_nrf_isr
                0x0000000000007480       0x60 zephyr/drivers/timer/libdrivers__timer.a(nrf_rtc_timer.c.obj)
                0x0000000000007480                rtc_nrf_isr
 .text.sys_clock_driver_init
                0x00000000000074e0       0x4c zephyr/drivers/timer/libdrivers__timer.a(nrf_rtc_timer.c.obj)
                0x00000000000074e0                sys_clock_driver_init
 .text.sys_clock_set_timeout
                0x000000000000752c       0x64 zephyr/drivers/timer/libdrivers__timer.a(nrf_rtc_timer.c.obj)
                0x000000000000752c                sys_clock_set_timeout
 .text.sys_clock_elapsed
                0x0000000000007590       0x1c zephyr/drivers/timer/libdrivers__timer.a(nrf_rtc_timer.c.obj)
                0x0000000000007590                sys_clock_elapsed
 .text.sys_clock_cycle_get_32
                0x00000000000075ac       0x34 zephyr/drivers/timer/libdrivers__timer.a(nrf_rtc_timer.c.obj)
                0x00000000000075ac                sys_clock_cycle_get_32
 .text.nrf52_errata_16
                0x00000000000075e0       0x28 modules/hal_nordic/nrfx/libmodules__hal_nordic__nrfx.a(system_nrf52.c.obj)
 .text.nvmc_wait
                0x0000000000007608       0x10 modules/hal_nordic/nrfx/libmodules__hal_nordic__nrfx.a(system_nrf52.c.obj)
                0x0000000000007608                nvmc_wait
 .text.SystemInit
                0x0000000000007618      0x288 modules/hal_nordic/nrfx/libmodules__hal_nordic__nrfx.a(system_nrf52.c.obj)
                0x0000000000007618                SystemInit
 .text.nrfx_clock_init
                0x00000000000078a0       0x24 modules/hal_nordic/nrfx/libmodules__hal_nordic__nrfx.a(nrfx_clock.c.obj)
                0x00000000000078a0                nrfx_clock_init
 .text.nrfx_clock_start
                0x00000000000078c4       0x70 modules/hal_nordic/nrfx/libmodules__hal_nordic__nrfx.a(nrfx_clock.c.obj)
                0x00000000000078c4                nrfx_clock_start
 .text.nrfx_clock_stop
                0x0000000000007934       0x78 modules/hal_nordic/nrfx/libmodules__hal_nordic__nrfx.a(nrfx_clock.c.obj)
                0x0000000000007934                nrfx_clock_stop
 .text.nrfx_clock_calibration_start
                0x00000000000079ac       0x5c modules/hal_nordic/nrfx/libmodules__hal_nordic__nrfx.a(nrfx_clock.c.obj)
                0x00000000000079ac                nrfx_clock_calibration_start
 .text.nrfx_power_clock_irq_handler
                0x0000000000007a08       0xa0 modules/hal_nordic/nrfx/libmodules__hal_nordic__nrfx.a(nrfx_clock.c.obj)
                0x0000000000007a08                nrfx_power_clock_irq_handler
 .text.nrfx_gpiote_channel_free
                0x0000000000007aa8       0x40 modules/hal_nordic/nrfx/libmodules__hal_nordic__nrfx.a(nrfx_gpiote.c.obj)
                0x0000000000007aa8                nrfx_gpiote_channel_free
 .text.nrfx_gpiote_channel_alloc
                0x0000000000007ae8       0x70 modules/hal_nordic/nrfx/libmodules__hal_nordic__nrfx.a(nrfx_gpiote.c.obj)
                0x0000000000007ae8                nrfx_gpiote_channel_alloc
 .text.twi_tx_start_transfer
                0x0000000000007b58       0xd8 modules/hal_nordic/nrfx/libmodules__hal_nordic__nrfx.a(nrfx_twi.c.obj)
 .text.twi_rx_start_transfer
                0x0000000000007c30       0xe8 modules/hal_nordic/nrfx/libmodules__hal_nordic__nrfx.a(nrfx_twi.c.obj)
 .text.nrfx_twi_init
                0x0000000000007d18       0x90 modules/hal_nordic/nrfx/libmodules__hal_nordic__nrfx.a(nrfx_twi.c.obj)
                0x0000000000007d18                nrfx_twi_init
 .text.nrfx_twi_enable
                0x0000000000007da8       0x20 modules/hal_nordic/nrfx/libmodules__hal_nordic__nrfx.a(nrfx_twi.c.obj)
                0x0000000000007da8                nrfx_twi_enable
 .text.nrfx_twi_disable
                0x0000000000007dc8       0x3c modules/hal_nordic/nrfx/libmodules__hal_nordic__nrfx.a(nrfx_twi.c.obj)
                0x0000000000007dc8                nrfx_twi_disable
 .text.nrfx_twi_xfer
                0x0000000000007e04       0xdc modules/hal_nordic/nrfx/libmodules__hal_nordic__nrfx.a(nrfx_twi.c.obj)
                0x0000000000007e04                nrfx_twi_xfer
 .text.nrfx_twi_0_irq_handler
                0x0000000000007ee0       0x10 modules/hal_nordic/nrfx/libmodules__hal_nordic__nrfx.a(nrfx_twi.c.obj)
                0x0000000000007ee0                nrfx_twi_0_irq_handler
 .text.nrfx_twi_1_irq_handler
                0x0000000000007ef0       0x10 modules/hal_nordic/nrfx/libmodules__hal_nordic__nrfx.a(nrfx_twi.c.obj)
                0x0000000000007ef0                nrfx_twi_1_irq_handler
 .text.nrfx_twi_twim_bus_recover
                0x0000000000007f00       0x90 modules/hal_nordic/nrfx/libmodules__hal_nordic__nrfx.a(nrfx_twi_twim.c.obj)
                0x0000000000007f00                nrfx_twi_twim_bus_recover
 .text.device_visitor
                0x0000000000007f90       0x5c zephyr/kernel/libkernel.a(device.c.obj)
 .text.z_sys_init_run_level
                0x0000000000007fec       0x40 zephyr/kernel/libkernel.a(device.c.obj)
                0x0000000000007fec                z_sys_init_run_level
 .text.z_device_get_all_static
                0x000000000000802c       0x1c zephyr/kernel/libkernel.a(device.c.obj)
                0x000000000000802c                z_device_get_all_static
 .text.z_impl_device_get_binding
                0x0000000000008048       0x54 zephyr/kernel/libkernel.a(device.c.obj)
                0x0000000000008048                z_impl_device_get_binding
 .text.z_impl_z_errno
                0x000000000000809c        0xc zephyr/kernel/libkernel.a(errno.c.obj)
                0x000000000000809c                z_impl_z_errno
 .text.k_sys_fatal_error_handler
                0x00000000000080a8       0x34 zephyr/kernel/libkernel.a(fatal.c.obj)
                0x00000000000080a8                k_sys_fatal_error_handler
 .text.z_fatal_error
                0x00000000000080dc       0xec zephyr/kernel/libkernel.a(fatal.c.obj)
                0x00000000000080dc                z_fatal_error
 .text.init_idle_thread
                0x00000000000081c8       0x68 zephyr/kernel/libkernel.a(init.c.obj)
 .text.bg_thread_main
                0x0000000000008230       0x34 zephyr/kernel/libkernel.a(init.c.obj)
 .text.z_bss_zero
                0x0000000000008264       0x14 zephyr/kernel/libkernel.a(init.c.obj)
                0x0000000000008264                z_bss_zero
 .text.z_cstart
                0x0000000000008278       0xe8 zephyr/kernel/libkernel.a(init.c.obj)
                0x0000000000008278                z_cstart
 .text.init_mem_slab_module
                0x0000000000008360       0x44 zephyr/kernel/libkernel.a(mem_slab.c.obj)
 .text.k_mem_slab_alloc
                0x00000000000083a4       0x5c zephyr/kernel/libkernel.a(mem_slab.c.obj)
                0x00000000000083a4                k_mem_slab_alloc
 .text.k_thread_foreach
                0x0000000000008400       0x34 zephyr/kernel/libkernel.a(thread.c.obj)
                0x0000000000008400                k_thread_foreach
 .text.z_thread_monitor_exit
                0x0000000000008434       0x3c zephyr/kernel/libkernel.a(thread.c.obj)
                0x0000000000008434                z_thread_monitor_exit
 .text.z_impl_k_thread_name_set
                0x0000000000008470       0x20 zephyr/kernel/libkernel.a(thread.c.obj)
                0x0000000000008470                z_impl_k_thread_name_set
 .text.k_thread_state_str
                0x0000000000008490       0x74 zephyr/kernel/libkernel.a(thread.c.obj)
                0x0000000000008490                k_thread_state_str
 .text.z_setup_new_thread
                0x0000000000008504       0xc0 zephyr/kernel/libkernel.a(thread.c.obj)
                0x0000000000008504                z_setup_new_thread
 .text.z_impl_k_thread_create
                0x00000000000085c4       0x58 zephyr/kernel/libkernel.a(thread.c.obj)
                0x00000000000085c4                z_impl_k_thread_create
 .text.z_init_static_threads
                0x000000000000861c       0xb8 zephyr/kernel/libkernel.a(thread.c.obj)
                0x000000000000861c                z_init_static_threads
 .text.sys_kernel_version_get
                0x00000000000086d4        0x8 zephyr/kernel/libkernel.a(version.c.obj)
                0x00000000000086d4                sys_kernel_version_get
 .text.idle     0x00000000000086dc       0x2c zephyr/kernel/libkernel.a(idle.c.obj)
                0x00000000000086dc                idle
 .text.z_impl_k_msgq_put
                0x0000000000008708       0xac zephyr/kernel/libkernel.a(msg_q.c.obj)
                0x0000000000008708                z_impl_k_msgq_put
 .text.z_impl_k_msgq_get
                0x00000000000087b4       0xb4 zephyr/kernel/libkernel.a(msg_q.c.obj)
                0x00000000000087b4                z_impl_k_msgq_get
 .text.z_impl_k_mutex_lock
                0x0000000000008868       0xf0 zephyr/kernel/libkernel.a(mutex.c.obj)
                0x0000000000008868                z_impl_k_mutex_lock
 .text.z_impl_k_mutex_unlock
                0x0000000000008958       0x88 zephyr/kernel/libkernel.a(mutex.c.obj)
                0x0000000000008958                z_impl_k_mutex_unlock
 .text.z_impl_k_sem_give
                0x00000000000089e0       0x4c zephyr/kernel/libkernel.a(sem.c.obj)
                0x00000000000089e0                z_impl_k_sem_give
 .text.z_impl_k_sem_take
                0x0000000000008a2c       0x50 zephyr/kernel/libkernel.a(sem.c.obj)
                0x0000000000008a2c                z_impl_k_sem_take
 .text.work_queue_main
                0x0000000000008a7c      0x12c zephyr/kernel/libkernel.a(work.c.obj)
 .text.submit_to_queue_locked
                0x0000000000008ba8       0xa0 zephyr/kernel/libkernel.a(work.c.obj)
 .text.k_work_submit
                0x0000000000008c48        0xc zephyr/kernel/libkernel.a(work.c.obj)
                0x0000000000008c48                k_work_submit
 .text.k_work_queue_start
                0x0000000000008c54       0x70 zephyr/kernel/libkernel.a(work.c.obj)
                0x0000000000008c54                k_work_queue_start
 .text.z_reset_time_slice
                0x0000000000008cc4       0x2c zephyr/kernel/libkernel.a(sched.c.obj)
                0x0000000000008cc4                z_reset_time_slice
 .text.k_sched_time_slice_set
                0x0000000000008cf0       0x60 zephyr/kernel/libkernel.a(sched.c.obj)
                0x0000000000008cf0                k_sched_time_slice_set
 .text.z_reschedule
                0x0000000000008d50       0x24 zephyr/kernel/libkernel.a(sched.c.obj)
                0x0000000000008d50                z_reschedule
 .text.k_sched_lock
                0x0000000000008d74       0x28 zephyr/kernel/libkernel.a(sched.c.obj)
                0x0000000000008d74                k_sched_lock
 .text.update_cache
                0x0000000000008d9c       0x40 zephyr/kernel/libkernel.a(sched.c.obj)
 .text.move_thread_to_end_of_prio_q
                0x0000000000008ddc       0x74 zephyr/kernel/libkernel.a(sched.c.obj)
 .text.z_time_slice
                0x0000000000008e50       0x80 zephyr/kernel/libkernel.a(sched.c.obj)
                0x0000000000008e50                z_time_slice
 .text.ready_thread
                0x0000000000008ed0       0x6c zephyr/kernel/libkernel.a(sched.c.obj)
 .text.z_sched_start
                0x0000000000008f3c       0x3c zephyr/kernel/libkernel.a(sched.c.obj)
                0x0000000000008f3c                z_sched_start
 .text.unready_thread
                0x0000000000008f78       0x30 zephyr/kernel/libkernel.a(sched.c.obj)
 .text.pend     0x0000000000008fa8       0x4c zephyr/kernel/libkernel.a(sched.c.obj)
 .text.z_pend_curr
                0x0000000000008ff4       0x28 zephyr/kernel/libkernel.a(sched.c.obj)
                0x0000000000008ff4                z_pend_curr
 .text.z_set_prio
                0x000000000000901c       0x90 zephyr/kernel/libkernel.a(sched.c.obj)
                0x000000000000901c                z_set_prio
 .text.z_impl_k_thread_suspend
                0x00000000000090ac       0x64 zephyr/kernel/libkernel.a(sched.c.obj)
                0x00000000000090ac                z_impl_k_thread_suspend
 .text.k_sched_unlock
                0x0000000000009110       0x38 zephyr/kernel/libkernel.a(sched.c.obj)
                0x0000000000009110                k_sched_unlock
 .text.z_sched_init
                0x0000000000009148       0x18 zephyr/kernel/libkernel.a(sched.c.obj)
                0x0000000000009148                z_sched_init
 .text.z_impl_k_yield
                0x0000000000009160       0x80 zephyr/kernel/libkernel.a(sched.c.obj)
                0x0000000000009160                z_impl_k_yield
 .text.z_tick_sleep
                0x00000000000091e0       0x90 zephyr/kernel/libkernel.a(sched.c.obj)
 .text.z_impl_k_sleep
                0x0000000000009270       0x34 zephyr/kernel/libkernel.a(sched.c.obj)
                0x0000000000009270                z_impl_k_sleep
 .text.z_impl_z_current_get
                0x00000000000092a4        0xc zephyr/kernel/libkernel.a(sched.c.obj)
                0x00000000000092a4                z_impl_z_current_get
 .text.z_impl_k_is_preempt_thread
                0x00000000000092b0       0x20 zephyr/kernel/libkernel.a(sched.c.obj)
                0x00000000000092b0                z_impl_k_is_preempt_thread
 .text.z_thread_abort
                0x00000000000092d0       0xac zephyr/kernel/libkernel.a(sched.c.obj)
                0x00000000000092d0                z_thread_abort
 .text.z_sched_wait
                0x000000000000937c       0x24 zephyr/kernel/libkernel.a(sched.c.obj)
                0x000000000000937c                z_sched_wait
 .text.z_data_copy
                0x00000000000093a0       0x34 zephyr/kernel/libkernel.a(xip.c.obj)
                0x00000000000093a0                z_data_copy
 .text.elapsed  0x00000000000093d4       0x14 zephyr/kernel/libkernel.a(timeout.c.obj)
 .text.next_timeout
                0x00000000000093e8       0x50 zephyr/kernel/libkernel.a(timeout.c.obj)
 .text.remove_timeout
                0x0000000000009438       0x34 zephyr/kernel/libkernel.a(timeout.c.obj)
 .text.z_add_timeout
                0x000000000000946c       0xf4 zephyr/kernel/libkernel.a(timeout.c.obj)
                0x000000000000946c                z_add_timeout
 .text.sys_clock_announce
                0x0000000000009560       0xb8 zephyr/kernel/libkernel.a(timeout.c.obj)
                0x0000000000009560                sys_clock_announce
 .text.sys_clock_tick_get
                0x0000000000009618       0x30 zephyr/kernel/libkernel.a(timeout.c.obj)
                0x0000000000009618                sys_clock_tick_get
 .text.z_timer_expiration_handler
                0x0000000000009648       0x54 zephyr/kernel/libkernel.a(timer.c.obj)
                0x0000000000009648                z_timer_expiration_handler
 .text.z_impl_k_timer_start
                0x000000000000969c       0xa0 zephyr/kernel/libkernel.a(timer.c.obj)
                0x000000000000969c                z_impl_k_timer_start
 .text.z_impl_k_poll
                0x000000000000973c       0xb8 zephyr/kernel/libkernel.a(poll.c.obj)
                0x000000000000973c                z_impl_k_poll
 .text.z_impl_k_poll_signal_raise
                0x00000000000097f4       0x50 zephyr/kernel/libkernel.a(poll.c.obj)
                0x00000000000097f4                z_impl_k_poll_signal_raise
 .text.statics_init
                0x0000000000009844       0x24 zephyr/kernel/libkernel.a(kheap.c.obj)
 .text.k_sys_work_q_init
                0x0000000000009868       0x34 zephyr/kernel/libkernel.a(system_work_q.c.obj)
 .text.free     0x000000000000989c       0x10 /root/zephyr-sdk-0.13.0/arm-zephyr-eabi/arm-zephyr-eabi/lib/thumb/v7e-m/nofp/libc_nano.a(lib_a-malloc.o)
                0x000000000000989c                free
 .text.validate_structure
                0x00000000000098ac      0x1b0 /root/zephyr-sdk-0.13.0/arm-zephyr-eabi/arm-zephyr-eabi/lib/thumb/v7e-m/nofp/libc_nano.a(lib_a-mktime.o)
 .text.mktime   0x0000000000009a5c      0x334 /root/zephyr-sdk-0.13.0/arm-zephyr-eabi/arm-zephyr-eabi/lib/thumb/v7e-m/nofp/libc_nano.a(lib_a-mktime.o)
                0x0000000000009a5c                mktime
 .text._free_r  0x0000000000009d90       0x94 /root/zephyr-sdk-0.13.0/arm-zephyr-eabi/arm-zephyr-eabi/lib/thumb/v7e-m/nofp/libc_nano.a(lib_a-nano-freer.o)
                0x0000000000009d90                _free_r
 .text._malloc_r
                0x0000000000009e24       0xb4 /root/zephyr-sdk-0.13.0/arm-zephyr-eabi/arm-zephyr-eabi/lib/thumb/v7e-m/nofp/libc_nano.a(lib_a-nano-mallocr.o)
                0x0000000000009e24                _malloc_r
 .text._sbrk_r  0x0000000000009ed8       0x20 /root/zephyr-sdk-0.13.0/arm-zephyr-eabi/arm-zephyr-eabi/lib/thumb/v7e-m/nofp/libc_nano.a(lib_a-sbrkr.o)
                0x0000000000009ed8                _sbrk_r
 .text.snprintf
                0x0000000000009ef8       0x68 /root/zephyr-sdk-0.13.0/arm-zephyr-eabi/arm-zephyr-eabi/lib/thumb/v7e-m/nofp/libc_nano.a(lib_a-snprintf.o)
                0x0000000000009ef8                snprintf
                0x0000000000009ef8                sniprintf
 .text.sscanf   0x0000000000009f60       0x54 /root/zephyr-sdk-0.13.0/arm-zephyr-eabi/arm-zephyr-eabi/lib/thumb/v7e-m/nofp/libc_nano.a(lib_a-sscanf.o)
                0x0000000000009f60                sscanf
                0x0000000000009f60                siscanf
 .text._strtol_l.constprop.0
                0x0000000000009fb4       0xf8 /root/zephyr-sdk-0.13.0/arm-zephyr-eabi/arm-zephyr-eabi/lib/thumb/v7e-m/nofp/libc_nano.a(lib_a-strtol.o)
 .text.strtol   0x000000000000a0ac       0x14 /root/zephyr-sdk-0.13.0/arm-zephyr-eabi/arm-zephyr-eabi/lib/thumb/v7e-m/nofp/libc_nano.a(lib_a-strtol.o)
                0x000000000000a0ac                strtol
 .text._strtoul_l.constprop.0
                0x000000000000a0c0       0xe4 /root/zephyr-sdk-0.13.0/arm-zephyr-eabi/arm-zephyr-eabi/lib/thumb/v7e-m/nofp/libc_nano.a(lib_a-strtoul.o)
 .text.strtoul  0x000000000000a1a4       0x14 /root/zephyr-sdk-0.13.0/arm-zephyr-eabi/arm-zephyr-eabi/lib/thumb/v7e-m/nofp/libc_nano.a(lib_a-strtoul.o)
                0x000000000000a1a4                strtoul
 .text.__tzcalc_limits
                0x000000000000a1b8      0x14c /root/zephyr-sdk-0.13.0/arm-zephyr-eabi/arm-zephyr-eabi/lib/thumb/v7e-m/nofp/libc_nano.a(lib_a-tzcalc_limits.o)
                0x000000000000a1b8                __tzcalc_limits
 .text.__tz_lock
                0x000000000000a304        0xc /root/zephyr-sdk-0.13.0/arm-zephyr-eabi/arm-zephyr-eabi/lib/thumb/v7e-m/nofp/libc_nano.a(lib_a-tzlock.o)
                0x000000000000a304                __tz_lock
 .text.__tz_unlock
                0x000000000000a310        0xc /root/zephyr-sdk-0.13.0/arm-zephyr-eabi/arm-zephyr-eabi/lib/thumb/v7e-m/nofp/libc_nano.a(lib_a-tzlock.o)
                0x000000000000a310                __tz_unlock
 .text._tzset_unlocked
                0x000000000000a31c        0xc /root/zephyr-sdk-0.13.0/arm-zephyr-eabi/arm-zephyr-eabi/lib/thumb/v7e-m/nofp/libc_nano.a(lib_a-tzset.o)
                0x000000000000a31c                _tzset_unlocked
 .text._tzset_unlocked_r
                0x000000000000a328      0x300 /root/zephyr-sdk-0.13.0/arm-zephyr-eabi/arm-zephyr-eabi/lib/thumb/v7e-m/nofp/libc_nano.a(lib_a-tzset_r.o)
                0x000000000000a328                _tzset_unlocked_r
 .text._findenv_r
                0x000000000000a628       0x78 /root/zephyr-sdk-0.13.0/arm-zephyr-eabi/arm-zephyr-eabi/lib/thumb/v7e-m/nofp/libc_nano.a(lib_a-getenv_r.o)
                0x000000000000a628                _findenv_r
 .text.__gettzinfo
                0x000000000000a6a0        0x8 /root/zephyr-sdk-0.13.0/arm-zephyr-eabi/arm-zephyr-eabi/lib/thumb/v7e-m/nofp/libc_nano.a(lib_a-gettzinfo.o)
                0x000000000000a6a0                __gettzinfo
 .text.__malloc_lock
                0x000000000000a6a8        0xc /root/zephyr-sdk-0.13.0/arm-zephyr-eabi/arm-zephyr-eabi/lib/thumb/v7e-m/nofp/libc_nano.a(lib_a-mlock.o)
                0x000000000000a6a8                __malloc_lock
 .text.__malloc_unlock
                0x000000000000a6b4        0xc /root/zephyr-sdk-0.13.0/arm-zephyr-eabi/arm-zephyr-eabi/lib/thumb/v7e-m/nofp/libc_nano.a(lib_a-mlock.o)
                0x000000000000a6b4                __malloc_unlock
 .text._svfprintf_r
                0x000000000000a6c0      0x200 /root/zephyr-sdk-0.13.0/arm-zephyr-eabi/arm-zephyr-eabi/lib/thumb/v7e-m/nofp/libc_nano.a(lib_a-nano-svfprintf.o)
                0x000000000000a6c0                _svfprintf_r
                0x000000000000a6c0                _svfiprintf_r
 .text.__ssvfscanf_r
                0x000000000000a8c0      0x2f0 /root/zephyr-sdk-0.13.0/arm-zephyr-eabi/arm-zephyr-eabi/lib/thumb/v7e-m/nofp/libc_nano.a(lib_a-nano-svfscanf.o)
                0x000000000000a8c0                __ssvfscanf_r
                0x000000000000a8c0                __ssvfiscanf_r
 .text._printf_i
                0x000000000000abb0      0x24c /root/zephyr-sdk-0.13.0/arm-zephyr-eabi/arm-zephyr-eabi/lib/thumb/v7e-m/nofp/libc_nano.a(lib_a-nano-vfprintf_i.o)
                0x000000000000abb0                _printf_i
 .text._scanf_chars
                0x000000000000adfc       0xb4 /root/zephyr-sdk-0.13.0/arm-zephyr-eabi/arm-zephyr-eabi/lib/thumb/v7e-m/nofp/libc_nano.a(lib_a-nano-vfscanf_i.o)
                0x000000000000adfc                _scanf_chars
 .text._scanf_i
                0x000000000000aeb0      0x1f0 /root/zephyr-sdk-0.13.0/arm-zephyr-eabi/arm-zephyr-eabi/lib/thumb/v7e-m/nofp/libc_nano.a(lib_a-nano-vfscanf_i.o)
                0x000000000000aeb0                _scanf_i
 .text.__env_lock
                0x000000000000b0a0        0xc /root/zephyr-sdk-0.13.0/arm-zephyr-eabi/arm-zephyr-eabi/lib/thumb/v7e-m/nofp/libc_nano.a(lib_a-envlock.o)
                0x000000000000b0a0                __env_lock
 .text.__env_unlock
                0x000000000000b0ac        0xc /root/zephyr-sdk-0.13.0/arm-zephyr-eabi/arm-zephyr-eabi/lib/thumb/v7e-m/nofp/libc_nano.a(lib_a-envlock.o)
                0x000000000000b0ac                __env_unlock
 .text._OffsetAbsSyms
                0x000000000000b0b8        0x2 zephyr/CMakeFiles/offsets.dir/./arch/arm/core/offsets/offsets.c.obj
                0x000000000000b0b8                _OffsetAbsSyms
 .text.sys_notify_validate
                0x000000000000b0ba       0x28 zephyr/libzephyr.a(notify.c.obj)
                0x000000000000b0ba                sys_notify_validate
 .text.sys_notify_finalize
                0x000000000000b0e2       0x32 zephyr/libzephyr.a(notify.c.obj)
                0x000000000000b0e2                sys_notify_finalize
 .text.arch_printk_char_out
                0x000000000000b114        0x4 zephyr/libzephyr.a(printk.c.obj)
                0x000000000000b114                arch_printk_char_out
 .text.str_out  0x000000000000b118       0x26 zephyr/libzephyr.a(printk.c.obj)
 .text.printk   0x000000000000b13e       0x1a zephyr/libzephyr.a(printk.c.obj)
                0x000000000000b13e                printk
 .text.snprintk
                0x000000000000b158       0x1a zephyr/libzephyr.a(printk.c.obj)
                0x000000000000b158                snprintk
 .text.process_recheck
                0x000000000000b172       0x38 zephyr/libzephyr.a(onoff.c.obj)
 .text.notify_one
                0x000000000000b1aa       0x2c zephyr/libzephyr.a(onoff.c.obj)
 .text.transition_complete
                0x000000000000b1d6       0x1c zephyr/libzephyr.a(onoff.c.obj)
 .text.validate_args
                0x000000000000b1f2       0x1e zephyr/libzephyr.a(onoff.c.obj)
 .text.onoff_manager_init
                0x000000000000b210       0x26 zephyr/libzephyr.a(onoff.c.obj)
                0x000000000000b210                onoff_manager_init
 .text.onoff_request
                0x000000000000b236       0x92 zephyr/libzephyr.a(onoff.c.obj)
                0x000000000000b236                onoff_request
 .text.onoff_release
                0x000000000000b2c8       0x4a zephyr/libzephyr.a(onoff.c.obj)
                0x000000000000b2c8                onoff_release
 .text.z_thread_entry
                0x000000000000b312       0x14 zephyr/libzephyr.a(thread_entry.c.obj)
                0x000000000000b312                z_thread_entry
 .text.chunk_field
                0x000000000000b326       0x16 zephyr/libzephyr.a(heap.c.obj)
 .text.chunk_set
                0x000000000000b33c       0x16 zephyr/libzephyr.a(heap.c.obj)
 .text.chunk_size
                0x000000000000b352        0xc zephyr/libzephyr.a(heap.c.obj)
 .text.set_chunk_used
                0x000000000000b35e       0x30 zephyr/libzephyr.a(heap.c.obj)
 .text.set_chunk_size
                0x000000000000b38e        0x8 zephyr/libzephyr.a(heap.c.obj)
 .text.bucket_idx.isra.0
                0x000000000000b396       0x1c zephyr/libzephyr.a(heap.c.obj)
 .text.free_list_add
                0x000000000000b3b2       0x86 zephyr/libzephyr.a(heap.c.obj)
 .text.sys_heap_init
                0x000000000000b438       0xa6 zephyr/libzephyr.a(heap.c.obj)
                0x000000000000b438                sys_heap_init
 .text._ldiv5   0x000000000000b4de       0x30 zephyr/libzephyr.a(cbprintf_complete.c.obj)
 .text._get_digit
                0x000000000000b50e       0x2e zephyr/libzephyr.a(cbprintf_complete.c.obj)
 .text.outs     0x000000000000b53c       0x2c zephyr/libzephyr.a(cbprintf_complete.c.obj)
 .text.ring_buf_get_rewind_threshold
                0x000000000000b568        0x6 zephyr/libzephyr.a(ring_buffer.c.obj)
                0x000000000000b568                ring_buf_get_rewind_threshold
 .text.ring_buf_put_claim
                0x000000000000b56e       0x38 zephyr/libzephyr.a(ring_buffer.c.obj)
                0x000000000000b56e                ring_buf_put_claim
 .text.ring_buf_put_finish
                0x000000000000b5a6       0x34 zephyr/libzephyr.a(ring_buffer.c.obj)
                0x000000000000b5a6                ring_buf_put_finish
 .text.ring_buf_put
                0x000000000000b5da       0x3e zephyr/libzephyr.a(ring_buffer.c.obj)
                0x000000000000b5da                ring_buf_put
 .text.ring_buf_get_claim
                0x000000000000b618       0x54 zephyr/libzephyr.a(ring_buffer.c.obj)
                0x000000000000b618                ring_buf_get_claim
 .text.ring_buf_get_finish
                0x000000000000b66c       0x38 zephyr/libzephyr.a(ring_buffer.c.obj)
                0x000000000000b66c                ring_buf_get_finish
 .text.ring_buf_get
                0x000000000000b6a4       0x40 zephyr/libzephyr.a(ring_buffer.c.obj)
                0x000000000000b6a4                ring_buf_get
 .text.fnmatchx
                0x000000000000b6e4      0x260 zephyr/libzephyr.a(fnmatch.c.obj)
 .text.fnmatch  0x000000000000b944        0x6 zephyr/libzephyr.a(fnmatch.c.obj)
                0x000000000000b944                fnmatch
 .text._ConfigAbsSyms
                0x000000000000b94a        0x2 zephyr/libzephyr.a(configs.c.obj)
                0x000000000000b94a                _ConfigAbsSyms
 .text.log_list_init
                0x000000000000b94c        0x8 zephyr/libzephyr.a(log_list.c.obj)
                0x000000000000b94c                log_list_init
 .text.log_list_add_tail
                0x000000000000b954       0x14 zephyr/libzephyr.a(log_list.c.obj)
                0x000000000000b954                log_list_add_tail
 .text.log_list_head_peek
                0x000000000000b968        0x4 zephyr/libzephyr.a(log_list.c.obj)
                0x000000000000b968                log_list_head_peek
 .text.log_list_head_get
                0x000000000000b96c        0xc zephyr/libzephyr.a(log_list.c.obj)
                0x000000000000b96c                log_list_head_get
 .text.z_log_msg_std_alloc
                0x000000000000b978       0x12 zephyr/libzephyr.a(log_core.c.obj)
 .text.default_get_timestamp
                0x000000000000b98a        0x4 zephyr/libzephyr.a(log_core.c.obj)
 .text.dummy_timestamp
                0x000000000000b98e        0x4 zephyr/libzephyr.a(log_core.c.obj)
 .text.log_0    0x000000000000b992       0x1a zephyr/libzephyr.a(log_core.c.obj)
                0x000000000000b992                log_0
 .text.log_1    0x000000000000b9ac       0x28 zephyr/libzephyr.a(log_core.c.obj)
                0x000000000000b9ac                log_1
 .text.log_2    0x000000000000b9d4       0x32 zephyr/libzephyr.a(log_core.c.obj)
                0x000000000000b9d4                log_2
 .text.log_3    0x000000000000ba06       0x38 zephyr/libzephyr.a(log_core.c.obj)
                0x000000000000ba06                log_3
 .text.log_backend_disable
                0x000000000000ba3e        0xa zephyr/libzephyr.a(log_mgmt.c.obj)
                0x000000000000ba3e                log_backend_disable
 .text.log_msg_hexdump_data_op
                0x000000000000ba48       0xac zephyr/libzephyr.a(log_msg.c.obj)
 .text.log_msg_get
                0x000000000000baf4       0x1a zephyr/libzephyr.a(log_msg.c.obj)
                0x000000000000baf4                log_msg_get
 .text.log_msg_nargs_get
                0x000000000000bb0e        0x6 zephyr/libzephyr.a(log_msg.c.obj)
                0x000000000000bb0e                log_msg_nargs_get
 .text.log_msg_arg_get
                0x000000000000bb14       0x3e zephyr/libzephyr.a(log_msg.c.obj)
                0x000000000000bb14                log_msg_arg_get
 .text.log_msg_put
                0x000000000000bb52       0x26 zephyr/libzephyr.a(log_msg.c.obj)
                0x000000000000bb52                log_msg_put
 .text.log_msg_str_get
                0x000000000000bb78        0x4 zephyr/libzephyr.a(log_msg.c.obj)
                0x000000000000bb78                log_msg_str_get
 .text.log_msg_hexdump_data_get
                0x000000000000bb7c        0xe zephyr/libzephyr.a(log_msg.c.obj)
                0x000000000000bb7c                log_msg_hexdump_data_get
 .text.buffer_write
                0x000000000000bb8a       0x1a zephyr/libzephyr.a(log_output.c.obj)
 .text.std_print
                0x000000000000bba4      0x2ba zephyr/libzephyr.a(log_output.c.obj)
 .text.log_output_flush
                0x000000000000be5e       0x1a zephyr/libzephyr.a(log_output.c.obj)
                0x000000000000be5e                log_output_flush
 .text.out_func
                0x000000000000be78       0x36 zephyr/libzephyr.a(log_output.c.obj)
 .text.log_halt
                0x000000000000beae        0x8 zephyr/libzephyr.a(log_cmds.c.obj)
 .text.log_go   0x000000000000beb6        0xa zephyr/libzephyr.a(log_cmds.c.obj)
 .text.cmd_log_self_status
                0x000000000000bec0       0x20 zephyr/libzephyr.a(log_cmds.c.obj)
 .text.cmd_log_self_enable
                0x000000000000bee0       0x22 zephyr/libzephyr.a(log_cmds.c.obj)
 .text.log_disable
                0x000000000000bf02       0x14 zephyr/libzephyr.a(log_cmds.c.obj)
 .text.cmd_log_self_disable
                0x000000000000bf16       0x22 zephyr/libzephyr.a(log_cmds.c.obj)
 .text.cmd_log_self_go
                0x000000000000bf38       0x18 zephyr/libzephyr.a(log_cmds.c.obj)
 .text.cmd_log_self_halt
                0x000000000000bf50       0x18 zephyr/libzephyr.a(log_cmds.c.obj)
 .text.atomic_or
                0x000000000000bf68       0x1e zephyr/libzephyr.a(shell.c.obj)
 .text.atomic_and
                0x000000000000bf86       0x1e zephyr/libzephyr.a(shell.c.obj)
 .text.shell_signal_handle
                0x000000000000bfa4       0x2c zephyr/libzephyr.a(shell.c.obj)
 .text.z_shell_strlen
                0x000000000000bfd0        0xc zephyr/libzephyr.a(shell.c.obj)
 .text.z_shell_raw_fprintf
                0x000000000000bfdc       0x1a zephyr/libzephyr.a(shell.c.obj)
 .text.k_mutex_lock.constprop.0.isra.0
                0x000000000000bff6        0x4 zephyr/libzephyr.a(shell.c.obj)
 .text.transport_evt_handler
                0x000000000000bffa       0x14 zephyr/libzephyr.a(shell.c.obj)
 .text.kill_handler
                0x000000000000c00e       0x50 zephyr/libzephyr.a(shell.c.obj)
 .text.z_flag_history_exit_set.isra.0
                0x000000000000c05e       0x14 zephyr/libzephyr.a(shell.c.obj)
 .text.z_flag_use_colors_set.isra.0
                0x000000000000c072       0x1e zephyr/libzephyr.a(shell.c.obj)
 .text.z_flag_insert_mode_set.isra.0
                0x000000000000c090       0x1e zephyr/libzephyr.a(shell.c.obj)
 .text.k_mutex_unlock.isra.0
                0x000000000000c0ae        0x4 zephyr/libzephyr.a(shell.c.obj)
 .text.shell_log_process
                0x000000000000c0b2       0x48 zephyr/libzephyr.a(shell.c.obj)
 .text.shell_vfprintf
                0x000000000000c0fa       0x7a zephyr/libzephyr.a(shell.c.obj)
                0x000000000000c0fa                shell_vfprintf
 .text.shell_fprintf
                0x000000000000c174       0x1a zephyr/libzephyr.a(shell.c.obj)
                0x000000000000c174                shell_fprintf
 .text.shell_hexdump
                0x000000000000c18e       0x30 zephyr/libzephyr.a(shell.c.obj)
                0x000000000000c18e                shell_hexdump
 .text.shell_set_bypass
                0x000000000000c1be        0x6 zephyr/libzephyr.a(shell.c.obj)
                0x000000000000c1be                shell_set_bypass
 .text.z_shell_fprintf_buffer_flush
                0x000000000000c1c4       0x18 zephyr/libzephyr.a(shell_fprintf.c.obj)
                0x000000000000c1c4                z_shell_fprintf_buffer_flush
 .text.out_func
                0x000000000000c1dc       0x38 zephyr/libzephyr.a(shell_fprintf.c.obj)
 .text.z_shell_strlen
                0x000000000000c214        0xc zephyr/libzephyr.a(shell_utils.c.obj)
 .text.z_column_span_with_buffer_offsets_get
                0x000000000000c220       0x1e zephyr/libzephyr.a(shell_utils.c.obj)
                0x000000000000c220                z_column_span_with_buffer_offsets_get
 .text.z_row_span_with_buffer_offsets_get
                0x000000000000c23e       0x16 zephyr/libzephyr.a(shell_utils.c.obj)
                0x000000000000c23e                z_row_span_with_buffer_offsets_get
 .text.z_shell_multiline_data_calc
                0x000000000000c254       0x2c zephyr/libzephyr.a(shell_utils.c.obj)
                0x000000000000c254                z_shell_multiline_data_calc
 .text.z_shell_pattern_remove
                0x000000000000c280       0x4e zephyr/libzephyr.a(shell_utils.c.obj)
                0x000000000000c280                z_shell_pattern_remove
 .text.z_shell_find_cmd
                0x000000000000c2ce       0x56 zephyr/libzephyr.a(shell_utils.c.obj)
                0x000000000000c2ce                z_shell_find_cmd
 .text.z_shell_get_last_command
                0x000000000000c324       0x5c zephyr/libzephyr.a(shell_utils.c.obj)
                0x000000000000c324                z_shell_get_last_command
 .text.shell_device_lookup
                0x000000000000c380       0x68 zephyr/libzephyr.a(shell_utils.c.obj)
                0x000000000000c380                shell_device_lookup
 .text.z_shell_raw_fprintf
                0x000000000000c3e8       0x1a zephyr/libzephyr.a(shell_ops.c.obj)
 .text.full_line_cmd
                0x000000000000c402       0x28 zephyr/libzephyr.a(shell_ops.c.obj)
 .text.z_shell_cursor_in_empty_line
                0x000000000000c42a       0x28 zephyr/libzephyr.a(shell_ops.c.obj)
                0x000000000000c42a                z_shell_cursor_in_empty_line
 .text.z_shell_op_cond_next_line
                0x000000000000c452       0x20 zephyr/libzephyr.a(shell_ops.c.obj)
                0x000000000000c452                z_shell_op_cond_next_line
 .text.z_shell_op_cursor_position_synchronize
                0x000000000000c472       0x46 zephyr/libzephyr.a(shell_ops.c.obj)
                0x000000000000c472                z_shell_op_cursor_position_synchronize
 .text.z_shell_op_cursor_move
                0x000000000000c4b8       0x48 zephyr/libzephyr.a(shell_ops.c.obj)
                0x000000000000c4b8                z_shell_op_cursor_move
 .text.z_shell_op_cursor_home_move
                0x000000000000c500        0xc zephyr/libzephyr.a(shell_ops.c.obj)
                0x000000000000c500                z_shell_op_cursor_home_move
 .text.z_shell_op_cursor_end_move
                0x000000000000c50c        0xe zephyr/libzephyr.a(shell_ops.c.obj)
                0x000000000000c50c                z_shell_op_cursor_end_move
 .text.z_shell_op_left_arrow
                0x000000000000c51a       0x10 zephyr/libzephyr.a(shell_ops.c.obj)
                0x000000000000c51a                z_shell_op_left_arrow
 .text.z_shell_op_right_arrow
                0x000000000000c52a       0x12 zephyr/libzephyr.a(shell_ops.c.obj)
                0x000000000000c52a                z_shell_op_right_arrow
 .text.z_shell_op_delete_from_cursor
                0x000000000000c53c       0x14 zephyr/libzephyr.a(shell_ops.c.obj)
                0x000000000000c53c                z_shell_op_delete_from_cursor
 .text.z_shell_cmd_line_erase
                0x000000000000c550       0x34 zephyr/libzephyr.a(shell_ops.c.obj)
                0x000000000000c550                z_shell_cmd_line_erase
 .text.z_shell_write
                0x000000000000c584       0x7e zephyr/libzephyr.a(shell_ops.c.obj)
                0x000000000000c584                z_shell_write
 .text.z_shell_print_stream
                0x000000000000c602        0x4 zephyr/libzephyr.a(shell_ops.c.obj)
                0x000000000000c602                z_shell_print_stream
 .text.z_shell_vfprintf
                0x000000000000c606       0x4a zephyr/libzephyr.a(shell_ops.c.obj)
                0x000000000000c606                z_shell_vfprintf
 .text.z_shell_fprintf
                0x000000000000c650       0x1a zephyr/libzephyr.a(shell_ops.c.obj)
                0x000000000000c650                z_shell_fprintf
 .text.data_insert
                0x000000000000c66a       0x62 zephyr/libzephyr.a(shell_ops.c.obj)
 .text.z_shell_op_completion_insert
                0x000000000000c6cc        0x4 zephyr/libzephyr.a(shell_ops.c.obj)
                0x000000000000c6cc                z_shell_op_completion_insert
 .text.z_shell_op_char_delete
                0x000000000000c6d0       0x36 zephyr/libzephyr.a(shell_ops.c.obj)
                0x000000000000c6d0                z_shell_op_char_delete
 .text.z_shell_op_char_backspace
                0x000000000000c706       0x22 zephyr/libzephyr.a(shell_ops.c.obj)
                0x000000000000c706                z_shell_op_char_backspace
 .text.uart_irq_tx_disable
                0x000000000000c728        0xa zephyr/libzephyr.a(shell_uart.c.obj)
 .text.uninit   0x000000000000c732       0x1c zephyr/libzephyr.a(shell_uart.c.obj)
 .text.enable   0x000000000000c74e       0x14 zephyr/libzephyr.a(shell_uart.c.obj)
 .text.read     0x000000000000c762       0x12 zephyr/libzephyr.a(shell_uart.c.obj)
 .text.ring_buf_reset
                0x000000000000c774        0xc zephyr/libzephyr.a(shell_uart.c.obj)
 .text.write    0x000000000000c780       0x6c zephyr/libzephyr.a(shell_uart.c.obj)
 .text.z_shell_raw_fprintf
                0x000000000000c7ec       0x1a zephyr/libzephyr.a(shell_help.c.obj)
 .text.cmd_shell_stats_reset
                0x000000000000c806        0x8 zephyr/libzephyr.a(shell_cmds.c.obj)
 .text.z_shell_raw_fprintf
                0x000000000000c80e       0x1a zephyr/libzephyr.a(shell_cmds.c.obj)
 .text.cmd_bacskpace_mode_backspace
                0x000000000000c828       0x22 zephyr/libzephyr.a(shell_cmds.c.obj)
 .text.cmd_bacskpace_mode_delete
                0x000000000000c84a       0x22 zephyr/libzephyr.a(shell_cmds.c.obj)
 .text.cmd_echo_off
                0x000000000000c86c       0x22 zephyr/libzephyr.a(shell_cmds.c.obj)
 .text.cmd_colors_off
                0x000000000000c88e       0x22 zephyr/libzephyr.a(shell_cmds.c.obj)
 .text.cmd_colors_on
                0x000000000000c8b0       0x22 zephyr/libzephyr.a(shell_cmds.c.obj)
 .text.cmd_echo_on
                0x000000000000c8d2       0x22 zephyr/libzephyr.a(shell_cmds.c.obj)
 .text.remove_from_tail.part.0
                0x000000000000c8f4       0x24 zephyr/libzephyr.a(shell_history.c.obj)
 .text.z_shell_history_mode_exit
                0x000000000000c918        0x6 zephyr/libzephyr.a(shell_history.c.obj)
                0x000000000000c918                z_shell_history_mode_exit
 .text.z_shell_history_get
                0x000000000000c91e       0x56 zephyr/libzephyr.a(shell_history.c.obj)
                0x000000000000c91e                z_shell_history_get
 .text.z_shell_history_purge
                0x000000000000c974       0x18 zephyr/libzephyr.a(shell_history.c.obj)
                0x000000000000c974                z_shell_history_purge
 .text.z_shell_history_put
                0x000000000000c98c       0xd6 zephyr/libzephyr.a(shell_history.c.obj)
                0x000000000000c98c                z_shell_history_put
 .text.z_shell_history_init
                0x000000000000ca62        0xc zephyr/libzephyr.a(shell_history.c.obj)
                0x000000000000ca62                z_shell_history_init
 .text.msg_from_fifo.isra.0
                0x000000000000ca6e       0x1a zephyr/libzephyr.a(shell_log_backend.c.obj)
 .text.dropped  0x000000000000ca88       0x3a zephyr/libzephyr.a(shell_log_backend.c.obj)
 .text.put      0x000000000000cac2      0x114 zephyr/libzephyr.a(shell_log_backend.c.obj)
 .text.z_shell_log_backend_output_func
                0x000000000000cbd6       0x14 zephyr/libzephyr.a(shell_log_backend.c.obj)
                0x000000000000cbd6                z_shell_log_backend_output_func
 .text.z_shell_log_backend_enable
                0x000000000000cbea       0x32 zephyr/libzephyr.a(shell_log_backend.c.obj)
                0x000000000000cbea                z_shell_log_backend_enable
 .text.z_shell_log_backend_disable
                0x000000000000cc1c       0x12 zephyr/libzephyr.a(shell_log_backend.c.obj)
                0x000000000000cc1c                z_shell_log_backend_disable
 .text.z_shell_log_backend_process
                0x000000000000cc2e       0x7c zephyr/libzephyr.a(shell_log_backend.c.obj)
                0x000000000000cc2e                z_shell_log_backend_process
 .text.panic    0x000000000000ccaa       0x52 zephyr/libzephyr.a(shell_log_backend.c.obj)
 .text.z_shell_has_wildcard
                0x000000000000ccfc       0x28 zephyr/libzephyr.a(shell_wildcard.c.obj)
                0x000000000000ccfc                z_shell_has_wildcard
 .text.z_shell_wildcard_prepare
                0x000000000000cd24       0x4a zephyr/libzephyr.a(shell_wildcard.c.obj)
                0x000000000000cd24                z_shell_wildcard_prepare
 .text.z_shell_wildcard_finalize
                0x000000000000cd6e       0x1e zephyr/libzephyr.a(shell_wildcard.c.obj)
                0x000000000000cd6e                z_shell_wildcard_finalize
 .text.pm_policy_next_state
                0x000000000000cd8c        0xa zephyr/libzephyr.a(policy_residency.c.obj)
                0x000000000000cd8c                pm_policy_next_state
 .text.z_do_kernel_oops
                0x000000000000cd96        0x8 zephyr/arch/arch/arm/core/aarch32/libarch__arm__core__aarch32.a(fatal.c.obj)
                0x000000000000cd96                z_do_kernel_oops
 .text.z_irq_spurious
                0x000000000000cd9e        0x8 zephyr/arch/arch/arm/core/aarch32/libarch__arm__core__aarch32.a(irq_manage.c.obj)
                0x000000000000cd9e                z_irq_spurious
 .text.z_arm_nmi
                0x000000000000cda6        0xe zephyr/arch/arch/arm/core/aarch32/libarch__arm__core__aarch32.a(nmi.c.obj)
                0x000000000000cda6                z_arm_nmi
 .text.malloc_prepare
                0x000000000000cdb4        0x4 zephyr/lib/libc/newlib/liblib__libc__newlib.a(libc-hooks.c.obj)
 .text.__retarget_lock_acquire
                0x000000000000cdb8        0xc zephyr/lib/libc/newlib/liblib__libc__newlib.a(libc-hooks.c.obj)
                0x000000000000cdb8                __retarget_lock_acquire
 .text.__retarget_lock_acquire_recursive
                0x000000000000cdc4        0xc zephyr/lib/libc/newlib/liblib__libc__newlib.a(libc-hooks.c.obj)
                0x000000000000cdc4                __retarget_lock_acquire_recursive
 .text.__retarget_lock_release
                0x000000000000cdd0        0x4 zephyr/lib/libc/newlib/liblib__libc__newlib.a(libc-hooks.c.obj)
                0x000000000000cdd0                __retarget_lock_release
 .text.__retarget_lock_release_recursive
                0x000000000000cdd4        0x4 zephyr/lib/libc/newlib/liblib__libc__newlib.a(libc-hooks.c.obj)
                0x000000000000cdd4                __retarget_lock_release_recursive
 .text.__errno  0x000000000000cdd8        0x4 zephyr/lib/libc/newlib/liblib__libc__newlib.a(libc-hooks.c.obj)
                0x000000000000cdd8                __errno
 .text.pm_power_state_set
                0x000000000000cddc       0x26 zephyr/soc/arm/nordic_nrf/nrf52/libsoc__arm__nordic_nrf__nrf52.a(power.c.obj)
                0x000000000000cddc                pm_power_state_set
 .text.pm_power_state_exit_post_ops
                0x000000000000ce02       0x16 zephyr/soc/arm/nordic_nrf/nrf52/libsoc__arm__nordic_nrf__nrf52.a(power.c.obj)
                0x000000000000ce02                pm_power_state_exit_post_ops
 .text.get_status
                0x000000000000ce18       0x12 zephyr/drivers/clock_control/libdrivers__clock_control.a(clock_control_nrf.c.obj)
 .text.set_on_state
                0x000000000000ce2a       0x26 zephyr/drivers/clock_control/libdrivers__clock_control.a(clock_control_nrf.c.obj)
 .text.stop     0x000000000000ce50       0x54 zephyr/drivers/clock_control/libdrivers__clock_control.a(clock_control_nrf.c.obj)
 .text.api_stop
                0x000000000000cea4        0x6 zephyr/drivers/clock_control/libdrivers__clock_control.a(clock_control_nrf.c.obj)
 .text.async_start
                0x000000000000ceaa       0x60 zephyr/drivers/clock_control/libdrivers__clock_control.a(clock_control_nrf.c.obj)
 .text.api_start
                0x000000000000cf0a        0xe zephyr/drivers/clock_control/libdrivers__clock_control.a(clock_control_nrf.c.obj)
 .text.onoff_started_callback
                0x000000000000cf18       0x12 zephyr/drivers/clock_control/libdrivers__clock_control.a(clock_control_nrf.c.obj)
 .text.blocking_start_callback
                0x000000000000cf2a        0x6 zephyr/drivers/clock_control/libdrivers__clock_control.a(clock_control_nrf.c.obj)
 .text.lfclk_stop
                0x000000000000cf30       0x10 zephyr/drivers/clock_control/libdrivers__clock_control.a(clock_control_nrf.c.obj)
 .text.timeout_handler
                0x000000000000cf40        0x4 zephyr/drivers/clock_control/libdrivers__clock_control.a(nrf_clock_calibration.c.obj)
 .text.nrf_gpio_cfg_sense_set
                0x000000000000cf44       0x1c zephyr/drivers/gpio/libdrivers__gpio.a(gpio_nrfx.c.obj)
 .text.gpio_nrfx_port_get_raw
                0x000000000000cf60        0xe zephyr/drivers/gpio/libdrivers__gpio.a(gpio_nrfx.c.obj)
 .text.gpio_nrfx_port_set_masked_raw
                0x000000000000cf6e       0x16 zephyr/drivers/gpio/libdrivers__gpio.a(gpio_nrfx.c.obj)
 .text.gpio_nrfx_port_set_bits_raw
                0x000000000000cf84        0xc zephyr/drivers/gpio/libdrivers__gpio.a(gpio_nrfx.c.obj)
 .text.gpio_nrfx_port_clear_bits_raw
                0x000000000000cf90        0xc zephyr/drivers/gpio/libdrivers__gpio.a(gpio_nrfx.c.obj)
 .text.gpio_nrfx_port_toggle_bits
                0x000000000000cf9c       0x12 zephyr/drivers/gpio/libdrivers__gpio.a(gpio_nrfx.c.obj)
 .text.gpio_nrfx_manage_callback
                0x000000000000cfae       0x54 zephyr/drivers/gpio/libdrivers__gpio.a(gpio_nrfx.c.obj)
 .text.i2c_transfer
                0x000000000000d002        0xc zephyr/drivers/i2c/libdrivers__i2c.a(i2c_shell.c.obj)
 .text.twi_0_init
                0x000000000000d00e       0x18 zephyr/drivers/i2c/libdrivers__i2c.a(i2c_nrfx_twi.c.obj)
 .text.twi_1_init
                0x000000000000d026       0x18 zephyr/drivers/i2c/libdrivers__i2c.a(i2c_nrfx_twi.c.obj)
 .text.uart_nrfx_config_get
                0x000000000000d03e       0x10 zephyr/drivers/serial/libdrivers__serial.a(uart_nrfx_uart.c.obj)
 .text.uart_nrfx_irq_update
                0x000000000000d04e        0x4 zephyr/drivers/serial/libdrivers__serial.a(uart_nrfx_uart.c.obj)
 .text.sys_clock_isr
                0x000000000000d052        0x2 zephyr/drivers/timer/libdrivers__timer.a(sys_clock_init.c.obj)
                0x000000000000d052                sys_clock_isr
 .text.sys_clock_idle_exit
                0x000000000000d054        0x2 zephyr/drivers/timer/libdrivers__timer.a(sys_clock_init.c.obj)
                0x000000000000d054                sys_clock_idle_exit
 .text.nrf52_errata_12
                0x000000000000d056       0x1c modules/hal_nordic/nrfx/libmodules__hal_nordic__nrfx.a(system_nrf52.c.obj)
 .text.nrfx_isr
                0x000000000000d072        0x2 modules/hal_nordic/nrfx/libmodules__hal_nordic__nrfx.a(nrfx_glue.c.obj)
                0x000000000000d072                nrfx_isr
 .text.nrfx_busy_wait
                0x000000000000d074        0x4 modules/hal_nordic/nrfx/libmodules__hal_nordic__nrfx.a(nrfx_glue.c.obj)
                0x000000000000d074                nrfx_busy_wait
 .text.nrfx_clock_enable
                0x000000000000d078       0x1a modules/hal_nordic/nrfx/libmodules__hal_nordic__nrfx.a(nrfx_clock.c.obj)
                0x000000000000d078                nrfx_clock_enable
 .text.twi_send_byte
                0x000000000000d092       0x3a modules/hal_nordic/nrfx/libmodules__hal_nordic__nrfx.a(nrfx_twi.c.obj)
 .text.twi_transfer
                0x000000000000d0cc      0x118 modules/hal_nordic/nrfx/libmodules__hal_nordic__nrfx.a(nrfx_twi.c.obj)
 .text.twi_irq_handler
                0x000000000000d1e4       0xba modules/hal_nordic/nrfx/libmodules__hal_nordic__nrfx.a(nrfx_twi.c.obj)
 .text.z_device_state_init
                0x000000000000d29e        0x2 zephyr/kernel/libkernel.a(device.c.obj)
                0x000000000000d29e                z_device_state_init
 .text.z_device_ready
                0x000000000000d2a0       0x14 zephyr/kernel/libkernel.a(device.c.obj)
                0x000000000000d2a0                z_device_ready
 .text.device_required_foreach
                0x000000000000d2b4       0x26 zephyr/kernel/libkernel.a(device.c.obj)
                0x000000000000d2b4                device_required_foreach
 .text.arch_system_halt
                0x000000000000d2da       0x12 zephyr/kernel/libkernel.a(fatal.c.obj)
                0x000000000000d2da                arch_system_halt
 .text.k_mem_slab_init
                0x000000000000d2ec       0x36 zephyr/kernel/libkernel.a(mem_slab.c.obj)
                0x000000000000d2ec                k_mem_slab_init
 .text.k_mem_slab_free
                0x000000000000d322       0x54 zephyr/kernel/libkernel.a(mem_slab.c.obj)
                0x000000000000d322                k_mem_slab_free
 .text.k_is_in_isr
                0x000000000000d376        0xc zephyr/kernel/libkernel.a(thread.c.obj)
                0x000000000000d376                k_is_in_isr
 .text.k_thread_name_get
                0x000000000000d382        0x4 zephyr/kernel/libkernel.a(thread.c.obj)
                0x000000000000d382                k_thread_name_get
 .text.z_impl_k_thread_start
                0x000000000000d386        0x4 zephyr/kernel/libkernel.a(thread.c.obj)
                0x000000000000d386                z_impl_k_thread_start
 .text.z_impl_k_thread_stack_space_get
                0x000000000000d38a       0x1c zephyr/kernel/libkernel.a(thread.c.obj)
                0x000000000000d38a                z_impl_k_thread_stack_space_get
 .text.z_pm_save_idle_exit
                0x000000000000d3a6        0xe zephyr/kernel/libkernel.a(idle.c.obj)
                0x000000000000d3a6                z_pm_save_idle_exit
 .text.z_impl_k_msgq_peek
                0x000000000000d3b4       0x34 zephyr/kernel/libkernel.a(msg_q.c.obj)
                0x000000000000d3b4                z_impl_k_msgq_peek
 .text.adjust_owner_prio.isra.0
                0x000000000000d3e8       0x10 zephyr/kernel/libkernel.a(mutex.c.obj)
 .text.z_impl_k_mutex_init
                0x000000000000d3f8        0xe zephyr/kernel/libkernel.a(mutex.c.obj)
                0x000000000000d3f8                z_impl_k_mutex_init
 .text.z_impl_k_sem_init
                0x000000000000d406       0x20 zephyr/kernel/libkernel.a(sem.c.obj)
                0x000000000000d406                z_impl_k_sem_init
 .text.flag_test_and_clear
                0x000000000000d426       0x16 zephyr/kernel/libkernel.a(work.c.obj)
 .text.notify_queue_locked.isra.0
                0x000000000000d43c        0xe zephyr/kernel/libkernel.a(work.c.obj)
 .text.k_work_submit_to_queue
                0x000000000000d44a       0x3a zephyr/kernel/libkernel.a(work.c.obj)